Archive member included because of file (symbol)

archival/libunarchive/lib.a(decompress_bunzip2.o)
                              applets/built-in.o (dealloc_bunzip)
console-tools/lib.a(clear.o)  applets/built-in.o (clear_main)
console-tools/lib.a(reset.o)  applets/built-in.o (reset_main)
coreutils/lib.a(basename.o)   applets/built-in.o (basename_main)
coreutils/lib.a(cat.o)        applets/built-in.o (cat_main)
coreutils/lib.a(chmod.o)      applets/built-in.o (chmod_main)
coreutils/lib.a(cp.o)         applets/built-in.o (cp_main)
coreutils/lib.a(cut.o)        applets/built-in.o (cut_main)
coreutils/lib.a(date.o)       applets/built-in.o (date_main)
coreutils/lib.a(df.o)         applets/built-in.o (df_main)
coreutils/lib.a(dirname.o)    applets/built-in.o (dirname_main)
coreutils/lib.a(du.o)         applets/built-in.o (du_main)
coreutils/lib.a(echo.o)       applets/built-in.o (echo_main)
coreutils/lib.a(env.o)        applets/built-in.o (env_main)
coreutils/lib.a(expr.o)       applets/built-in.o (expr_main)
coreutils/lib.a(false.o)      applets/built-in.o (false_main)
coreutils/lib.a(head.o)       applets/built-in.o (head_main)
coreutils/lib.a(hostid.o)     applets/built-in.o (hostid_main)
coreutils/lib.a(id.o)         applets/built-in.o (id_main)
coreutils/lib.a(ls.o)         applets/built-in.o (ls_main)
coreutils/lib.a(md5_sha1_sum.o)
                              applets/built-in.o (md5_sha1_sum_main)
coreutils/lib.a(mkdir.o)      applets/built-in.o (mkdir_main)
coreutils/lib.a(mkfifo.o)     applets/built-in.o (mkfifo_main)
coreutils/lib.a(mknod.o)      applets/built-in.o (mknod_main)
coreutils/lib.a(mv.o)         applets/built-in.o (mv_main)
coreutils/lib.a(printf.o)     applets/built-in.o (printf_main)
coreutils/lib.a(pwd.o)        applets/built-in.o (pwd_main)
coreutils/lib.a(rm.o)         applets/built-in.o (rm_main)
coreutils/lib.a(rmdir.o)      applets/built-in.o (rmdir_main)
coreutils/lib.a(sleep.o)      applets/built-in.o (sleep_main)
coreutils/lib.a(tail.o)       applets/built-in.o (tail_main)
coreutils/lib.a(test.o)       applets/built-in.o (test_main)
coreutils/lib.a(touch.o)      applets/built-in.o (touch_main)
coreutils/lib.a(true.o)       applets/built-in.o (true_main)
coreutils/lib.a(uname.o)      applets/built-in.o (uname_main)
coreutils/lib.a(usleep.o)     applets/built-in.o (usleep_main)
coreutils/lib.a(yes.o)        applets/built-in.o (yes_main)
coreutils/libcoreutils/lib.a(cp_mv_stat.o)
                              coreutils/lib.a(cp.o) (cp_mv_stat2)
coreutils/libcoreutils/lib.a(getopt_mk_fifo_nod.o)
                              coreutils/lib.a(mkfifo.o) (getopt_mk_fifo_nod)
editors/lib.a(vi.o)           applets/built-in.o (vi_main)
findutils/lib.a(find.o)       applets/built-in.o (find_main)
findutils/lib.a(grep.o)       applets/built-in.o (grep_main)
findutils/lib.a(xargs.o)      applets/built-in.o (xargs_main)
init/lib.a(halt.o)            applets/built-in.o (halt_main)
libbb/lib.a(ask_confirmation.o)
                              coreutils/lib.a(mv.o) (bb_ask_confirmation)
libbb/lib.a(bb_basename.o)    applets/built-in.o (bb_basename)
libbb/lib.a(bb_pwd.o)         coreutils/lib.a(id.o) (xuname2uid)
libbb/lib.a(bb_strtonum.o)    coreutils/lib.a(printf.o) (bb_strtol)
libbb/lib.a(compare_string_array.o)
                              coreutils/lib.a(expr.o) (index_in_strings)
libbb/lib.a(concat_path_file.o)
                              coreutils/lib.a(cp.o) (concat_path_file)
libbb/lib.a(concat_subpath_file.o)
                              coreutils/lib.a(du.o) (concat_subpath_file)
libbb/lib.a(copy_file.o)      coreutils/lib.a(cp.o) (copy_file)
libbb/lib.a(copyfd.o)         coreutils/lib.a(cat.o) (bb_copyfd_eof)
libbb/lib.a(crc32.o)          archival/libunarchive/lib.a(decompress_bunzip2.o) (crc32_filltable)
libbb/lib.a(default_error_retval.o)
                              applets/built-in.o (xfunc_error_retval)
libbb/lib.a(error_msg.o)      archival/libunarchive/lib.a(decompress_bunzip2.o) (bb_error_msg)
libbb/lib.a(error_msg_and_die.o)
                              applets/built-in.o (xfunc_die)
libbb/lib.a(fclose_nonstdin.o)
                              coreutils/lib.a(head.o) (fclose_if_not_stdin)
libbb/lib.a(fflush_stdout_and_exit.o)
                              coreutils/lib.a(df.o) (fflush_stdout_and_exit)
libbb/lib.a(find_mount_point.o)
                              coreutils/lib.a(df.o) (find_mount_point)
libbb/lib.a(find_root_device.o)
                              coreutils/lib.a(df.o) (find_block_device)
libbb/lib.a(full_write.o)     libbb/lib.a(copyfd.o) (full_write)
libbb/lib.a(get_last_path_component.o)
                              coreutils/lib.a(basename.o) (bb_get_last_path_component)
libbb/lib.a(get_line_from_file.o)
                              coreutils/lib.a(cut.o) (xmalloc_getline)
libbb/lib.a(getopt32.o)       coreutils/lib.a(cat.o) (getopt32)
libbb/lib.a(human_readable.o)
                              coreutils/lib.a(df.o) (make_human_readable_str)
[...]
Memory Configuration

Name             Origin             Length             Attributes
*default*        0x0000000000000000 0xffffffffffffffff

Linker script and memory map

LOAD /opt/toolchains/hndtools-mipsel-linux-uclibc-4.2.3/lib/gcc/mipsel-linux-uclibc/4.2.3/../../../../mipsel-linux-uclibc/lib/crt1.o
LOAD /opt/toolchains/hndtools-mipsel-linux-uclibc-4.2.3/lib/gcc/mipsel-linux-uclibc/4.2.3/../../../../mipsel-linux-uclibc/lib/crti.o
LOAD /opt/toolchains/hndtools-mipsel-linux-uclibc-4.2.3/lib/gcc/mipsel-linux-uclibc/4.2.3/crtbegin.o
START GROUP
LOAD applets/built-in.o
LOAD archival/lib.a
LOAD archival/libunarchive/lib.a
LOAD console-tools/lib.a
LOAD coreutils/lib.a
LOAD coreutils/libcoreutils/lib.a
LOAD debianutils/lib.a
LOAD e2fsprogs/lib.a
LOAD editors/lib.a
LOAD findutils/lib.a
LOAD init/lib.a
LOAD ipsvd/lib.a
LOAD libbb/lib.a
LOAD libpwdgrp/lib.a
LOAD loginutils/lib.a
LOAD miscutils/lib.a
LOAD modutils/lib.a
LOAD networking/lib.a
LOAD networking/libiproute/lib.a
LOAD networking/udhcp/lib.a
LOAD procps/lib.a
LOAD runit/lib.a
LOAD selinux/lib.a
LOAD shell/lib.a
LOAD sysklogd/lib.a
LOAD util-linux/lib.a
LOAD archival/built-in.o
LOAD archival/libunarchive/built-in.o
LOAD console-tools/built-in.o
LOAD coreutils/built-in.o
LOAD coreutils/libcoreutils/built-in.o
LOAD debianutils/built-in.o
LOAD e2fsprogs/built-in.o
LOAD editors/built-in.o
LOAD findutils/built-in.o
LOAD init/built-in.o
LOAD ipsvd/built-in.o
LOAD libbb/built-in.o
LOAD libpwdgrp/built-in.o
LOAD loginutils/built-in.o
LOAD miscutils/built-in.o
LOAD modutils/built-in.o
LOAD networking/built-in.o
LOAD networking/libiproute/built-in.o
LOAD networking/udhcp/built-in.o
LOAD procps/built-in.o
LOAD runit/built-in.o
LOAD selinux/built-in.o
LOAD shell/built-in.o
LOAD sysklogd/built-in.o
LOAD util-linux/built-in.o
END GROUP
START GROUP
LOAD /opt/toolchains/hndtools-mipsel-linux-uclibc-4.2.3/lib/gcc/mipsel-linux-uclibc/4.2.3/../../../../mipsel-linux-uclibc/lib/libcrypt.so
END GROUP
LOAD /opt/toolchains/hndtools-mipsel-linux-uclibc-4.2.3/lib/gcc/mipsel-linux-uclibc/4.2.3/libgcc.a
LOAD /opt/toolchains/hndtools-mipsel-linux-uclibc-4.2.3/lib/gcc/mipsel-linux-uclibc/4.2.3/../../../../mipsel-linux-uclibc/lib/libgcc_s.so
LOAD /opt/toolchains/hndtools-mipsel-linux-uclibc-4.2.3/lib/gcc/mipsel-linux-uclibc/4.2.3/../../../../mipsel-linux-uclibc/lib/libc.so
START GROUP
LOAD /opt/toolchains/hndtools-mipsel-linux-uclibc-4.2.3/lib/libc.so.0
LOAD /opt/toolchains/hndtools-mipsel-linux-uclibc-4.2.3/lib/uclibc_nonshared.a
END GROUP
LOAD /opt/toolchains/hndtools-mipsel-linux-uclibc-4.2.3/lib/gcc/mipsel-linux-uclibc/4.2.3/libgcc.a
LOAD /opt/toolchains/hndtools-mipsel-linux-uclibc-4.2.3/lib/gcc/mipsel-linux-uclibc/4.2.3/../../../../mipsel-linux-uclibc/lib/libgcc_s.so
LOAD /opt/toolchains/hndtools-mipsel-linux-uclibc-4.2.3/lib/gcc/mipsel-linux-uclibc/4.2.3/crtend.o
LOAD /opt/toolchains/hndtools-mipsel-linux-uclibc-4.2.3/lib/gcc/mipsel-linux-uclibc/4.2.3/../../../../mipsel-linux-uclibc/lib/crtn.o
                0x0000000000400000                PROVIDE (__executable_start, 0x400000)
                0x00000000004000f4                . = (0x400000 + SIZEOF_HEADERS)

.interp         0x00000000004000f4       0x14
 *(.interp)
 .interp        0x00000000004000f4       0x14 /opt/toolchains/hndtools-mipsel-linux-uclibc-4.2.3/lib/gcc/mipsel-linux-uclibc/4.2.3/../../../../mipsel-linux-uclibc/lib/crt1.o

.reginfo
 *(.reginfo)

.dynamic        0x0000000000400108      0x100
 *(.dynamic)
 .dynamic       0x0000000000400108      0x100 /opt/toolchains/hndtools-mipsel-linux-uclibc-4.2.3/lib/gcc/mipsel-linux-uclibc/4.2.3/../../../../mipsel-linux-uclibc/lib/crt1.o
                0x0000000000400108                _DYNAMIC

.hash           0x0000000000400208     0x1290
 *(.hash)
 .hash          0x0000000000400208     0x1290 /opt/toolchains/hndtools-mipsel-linux-uclibc-4.2.3/lib/gcc/mipsel-linux-uclibc/4.2.3/../../../../mipsel-linux-uclibc/lib/crt1.o

.dynsym         0x0000000000401498     0x2990
 *(.dynsym)
 .dynsym        0x0000000000401498     0x2990 /opt/toolchains/hndtools-mipsel-linux-uclibc-4.2.3/lib/gcc/mipsel-linux-uclibc/4.2.3/../../../../mipsel-linux-uclibc/lib/crt1.o

.dynstr         0x0000000000403e28     0x1c06
 *(.dynstr)
 .dynstr        0x0000000000403e28     0x1c06 /opt/toolchains/hndtools-mipsel-linux-uclibc-4.2.3/lib/gcc/mipsel-linux-uclibc/4.2.3/../../../../mipsel-linux-uclibc/lib/crt1.o

.gnu.version    0x0000000000405a2e      0x532
 *(.gnu.version)
 .gnu.version   0x0000000000405a2e      0x532 /opt/toolchains/hndtools-mipsel-linux-uclibc-4.2.3/lib/gcc/mipsel-linux-uclibc/4.2.3/../../../../mipsel-linux-uclibc/lib/crt1.o

.gnu.version_d  0x0000000000405f60        0x0
 *(.gnu.version_d)
 .gnu.version_d
                0x0000000000000000        0x0 /opt/toolchains/hndtools-mipsel-linux-uclibc-4.2.3/lib/gcc/mipsel-linux-uclibc/4.2.3/../../../../mipsel-linux-uclibc/lib/crt1.o

.gnu.version_r  0x0000000000405f60       0x20
 *(.gnu.version_r)
 .gnu.version_r
                0x0000000000405f60       0x20 /opt/toolchains/hndtools-mipsel-linux-uclibc-4.2.3/lib/gcc/mipsel-linux-uclibc/4.2.3/../../../../mipsel-linux-uclibc/lib/crt1.o

.rel.dyn        0x0000000000405f80        0x0
 *(.rel.init)
 *(.rel.text .rel.text.* .rel.gnu.linkonce.t.*)
 *(.rel.fini)
 *(.rel.rodata .rel.rodata.* .rel.gnu.linkonce.r.*)
 *(.rel.data.rel.ro* .rel.gnu.linkonce.d.rel.ro.*)
 *(.rel.data .rel.data.* .rel.gnu.linkonce.d.*)
 *(.rel.tdata .rel.tdata.* .rel.gnu.linkonce.td.*)
 *(.rel.tbss .rel.tbss.* .rel.gnu.linkonce.tb.*)
 *(.rel.ctors)
 *(.rel.dtors)
 *(.rel.got)
 *(.rel.sdata .rel.sdata.* .rel.gnu.linkonce.s.*)
 *(.rel.sbss .rel.sbss.* .rel.gnu.linkonce.sb.*)
 *(.rel.sdata2 .rel.sdata2.* .rel.gnu.linkonce.s2.*)
 *(.rel.sbss2 .rel.sbss2.* .rel.gnu.linkonce.sb2.*)
 *(.rel.bss .rel.bss.* .rel.gnu.linkonce.b.*)
 .rel.dyn       0x0000000000000000        0x0 /opt/toolchains/hndtools-mipsel-linux-uclibc-4.2.3/lib/gcc/mipsel-linux-uclibc/4.2.3/../../../../mipsel-linux-uclibc/lib/crt1.o

.rela.dyn
 *(.rela.init)
 *(.rela.text .rela.text.* .rela.gnu.linkonce.t.*)
 *(.rela.fini)
 *(.rela.rodata .rela.rodata.* .rela.gnu.linkonce.r.*)
 *(.rela.data .rela.data.* .rela.gnu.linkonce.d.*)
 *(.rela.tdata .rela.tdata.* .rela.gnu.linkonce.td.*)
 *(.rela.tbss .rela.tbss.* .rela.gnu.linkonce.tb.*)
 *(.rela.ctors)
 *(.rela.dtors)
 *(.rela.got)
 *(.rela.sdata .rela.sdata.* .rela.gnu.linkonce.s.*)
 *(.rela.sbss .rela.sbss.* .rela.gnu.linkonce.sb.*)
 *(.rela.sdata2 .rela.sdata2.* .rela.gnu.linkonce.s2.*)
 *(.rela.sbss2 .rela.sbss2.* .rela.gnu.linkonce.sb2.*)
 *(.rela.bss .rela.bss.* .rela.gnu.linkonce.b.*)

.rel.plt
 *(.rel.plt)

.rela.plt
 *(.rela.plt)

.init           0x0000000000405f80       0x88
 *(.init)
 .init          0x0000000000405f80       0x1c /opt/toolchains/hndtools-mipsel-linux-uclibc-4.2.3/lib/gcc/mipsel-linux-uclibc/4.2.3/../../../../mipsel-linux-uclibc/lib/crti.o
                0x0000000000405f80                _init
 .init          0x0000000000405f9c       0x30 /opt/toolchains/hndtools-mipsel-linux-uclibc-4.2.3/lib/gcc/mipsel-linux-uclibc/4.2.3/crtbegin.o
 .init          0x0000000000405fcc       0x30 /opt/toolchains/hndtools-mipsel-linux-uclibc-4.2.3/lib/gcc/mipsel-linux-uclibc/4.2.3/crtend.o
 .init          0x0000000000405ffc        0xc /opt/toolchains/hndtools-mipsel-linux-uclibc-4.2.3/lib/gcc/mipsel-linux-uclibc/4.2.3/../../../../mipsel-linux-uclibc/lib/crtn.o

.plt
 *(.plt)

.text           0x0000000000406010    0x54e60
                0x0000000000406010                _ftext = .
 *(.text .stub .text.* .gnu.linkonce.t.*)
 .text          0x0000000000406010       0x60 /opt/toolchains/hndtools-mipsel-linux-uclibc-4.2.3/lib/gcc/mipsel-linux-uclibc/4.2.3/../../../../mipsel-linux-uclibc/lib/crt1.o
                0x0000000000406010                __start
 .text          0x0000000000406070      0x150 /opt/toolchains/hndtools-mipsel-linux-uclibc-4.2.3/lib/gcc/mipsel-linux-uclibc/4.2.3/crtbegin.o
 .text.get_trimmed_slice
                0x00000000004061c0       0x7c applets/built-in.o
 .text.applet_name_compare
                0x000000000040623c       0x20 applets/built-in.o
 .text.find_applet_by_name
                0x000000000040625c       0x4c applets/built-in.o
                0x000000000040625c                find_applet_by_name
 .text.bb_show_usage
                0x00000000004062a8      0x180 applets/built-in.o
                0x00000000004062a8                bb_show_usage
 .text.run_current_applet_and_exit
                0x0000000000406428      0x36c applets/built-in.o
                0x0000000000406428                run_current_applet_and_exit
 .text.run_applet_and_exit
                0x0000000000406794      0x24c applets/built-in.o
                0x0000000000406794                run_applet_and_exit
 .text.main     0x00000000004069e0      0x5bc applets/built-in.o
                0x00000000004069e0                main
 .text.dealloc_bunzip
                0x0000000000406f9c       0x58 archival/libunarchive/lib.a(decompress_bunzip2.o)
                0x0000000000406f9c                dealloc_bunzip
 .text.get_bits
                0x0000000000406ff4      0x130 archival/libunarchive/lib.a(decompress_bunzip2.o)
 .text.start_bunzip
                0x0000000000407124      0x190 archival/libunarchive/lib.a(decompress_bunzip2.o)
                0x0000000000407124                start_bunzip
 .text.get_next_block
                0x00000000004072b4      0xa4c archival/libunarchive/lib.a(decompress_bunzip2.o)
 .text.read_bunzip
                0x0000000000407d00      0x1ec archival/libunarchive/lib.a(decompress_bunzip2.o)
                0x0000000000407d00                read_bunzip
 .text.clear_main
                0x0000000000407eec       0x44 console-tools/lib.a(clear.o)
                0x0000000000407eec                clear_main
 .text.reset_main
                0x0000000000407f30       0x5c console-tools/lib.a(reset.o)
                0x0000000000407f30                reset_main
 .text.basename_main
                0x0000000000407f8c      0x104 coreutils/lib.a(basename.o)
                0x0000000000407f8c                basename_main
 .text.bb_cat   0x0000000000408090      0x100 coreutils/lib.a(cat.o)
                0x0000000000408090                bb_cat
 .text.cat_main
                0x0000000000408190       0x60 coreutils/lib.a(cat.o)
                0x0000000000408190                cat_main
 .text.chmod_main
                0x00000000004081f0      0x16c coreutils/lib.a(chmod.o)
                0x00000000004081f0                chmod_main
 .text.fileAction
                0x000000000040835c       0xfc coreutils/lib.a(chmod.o)
 .text.cp_main  0x0000000000408458      0x1f0 coreutils/lib.a(cp.o)
                0x0000000000408458                cp_main
 .text.cmpfunc  0x0000000000408648       0x10 coreutils/lib.a(cut.o)
 .text.cut_file
                0x0000000000408658      0x574 coreutils/lib.a(cut.o)
 .text.cut_main
                0x0000000000408bcc      0x450 coreutils/lib.a(cut.o)
                0x0000000000408bcc                cut_main
 .text.maybe_set_utc
                0x000000000040901c       0x34 coreutils/lib.a(date.o)
 .text.date_main
                0x0000000000409050      0x5cc coreutils/lib.a(date.o)
                0x0000000000409050                date_main
 .text.df_main  0x000000000040961c      0x464 coreutils/lib.a(df.o)
                0x000000000040961c                df_main
 .text.dirname_main
                0x0000000000409a80       0x7c coreutils/lib.a(dirname.o)
                0x0000000000409a80                dirname_main
 .text.print    0x0000000000409afc       0x6c coreutils/lib.a(du.o)
 .text.du       0x0000000000409b68      0x328 coreutils/lib.a(du.o)
 .text.du_main  0x0000000000409e90      0x24c coreutils/lib.a(du.o)
                0x0000000000409e90                du_main
 .text.bb_echo  0x000000000040a0dc      0x30c coreutils/lib.a(echo.o)
                0x000000000040a0dc                bb_echo
 .text.echo_main
                0x000000000040a3e8       0x1c coreutils/lib.a(echo.o)
                0x000000000040a3e8                echo_main
 .text.env_main
                0x000000000040a404      0x1f4 coreutils/lib.a(env.o)
                0x000000000040a404                env_main
 .text.null     0x000000000040a5f8       0x5c coreutils/lib.a(expr.o)
 .text.int_value
                0x000000000040a654       0x48 coreutils/lib.a(expr.o)
 .text.tostring
                0x000000000040a69c       0x64 coreutils/lib.a(expr.o)
 .text.str_value
                0x000000000040a700       0x6c coreutils/lib.a(expr.o)
 .text.docolon  0x000000000040a76c      0x1b8 coreutils/lib.a(expr.o)
 .text.toarith  0x000000000040a924       0xa8 coreutils/lib.a(expr.o)
 .text.arithmetic_common
                0x000000000040a9cc      0x11c coreutils/lib.a(expr.o)
 .text.freev    0x000000000040aae8       0x5c coreutils/lib.a(expr.o)
 .text.nextarg  0x000000000040ab44       0x60 coreutils/lib.a(expr.o)
 .text.eval6    0x000000000040aba4      0x4a8 coreutils/lib.a(expr.o)
 .text.eval5    0x000000000040b04c      0x120 coreutils/lib.a(expr.o)
 .text.eval4    0x000000000040b16c      0x17c coreutils/lib.a(expr.o)
 .text.eval3    0x000000000040b2e8      0x160 coreutils/lib.a(expr.o)
 .text.eval2    0x000000000040b448      0x2b8 coreutils/lib.a(expr.o)
 .text.eval1    0x000000000040b700      0x154 coreutils/lib.a(expr.o)
 .text.eval     0x000000000040b854      0x114 coreutils/lib.a(expr.o)
 .text.expr_main
                0x000000000040b968       0xf8 coreutils/lib.a(expr.o)
                0x000000000040b968                expr_main
 .text.false_main
                0x000000000040ba60        0x8 coreutils/lib.a(false.o)
                0x000000000040ba60                false_main
 .text.head_main
                0x000000000040ba68      0x378 coreutils/lib.a(head.o)
                0x000000000040ba68                head_main
 .text.hostid_main
                0x000000000040bde0       0x7c coreutils/lib.a(hostid.o)
                0x000000000040bde0                hostid_main
 .text.printf_full
                0x000000000040be5c       0x70 coreutils/lib.a(id.o)
 .text.id_main  0x000000000040becc      0x33c coreutils/lib.a(id.o)
                0x000000000040becc                id_main
 .text.append_char
                0x000000000040c208       0x88 coreutils/lib.a(ls.o)
 .text.count_dirs
                0x000000000040c290       0x98 coreutils/lib.a(ls.o)
 .text.my_stat  0x000000000040c328      0x108 coreutils/lib.a(ls.o)
 .text.dnalloc  0x000000000040c430       0x2c coreutils/lib.a(ls.o)
 .text.splitdnarray
                0x000000000040c45c      0x174 coreutils/lib.a(ls.o)
 .text.showfiles
                0x000000000040c5d0      0x840 coreutils/lib.a(ls.o)
 .text.dnsort   0x000000000040ce10       0x20 coreutils/lib.a(ls.o)
 .text.sortcmp  0x000000000040ce30      0x110 coreutils/lib.a(ls.o)
 .text.showdirs
                0x000000000040cf40      0x410 coreutils/lib.a(ls.o)
 .text.ls_main  0x000000000040d350      0x50c coreutils/lib.a(ls.o)
                0x000000000040d350                ls_main
 .text.md5_sha1_sum_main
                0x000000000040d85c      0x240 coreutils/lib.a(md5_sha1_sum.o)
                0x000000000040d85c                md5_sha1_sum_main
 .text.mkdir_main
                0x000000000040da9c      0x124 coreutils/lib.a(mkdir.o)
                0x000000000040da9c                mkdir_main
 .text.mkfifo_main
                0x000000000040dbc0       0xe0 coreutils/lib.a(mkfifo.o)
                0x000000000040dbc0                mkfifo_main
 .text.mknod_main
                0x000000000040dca0      0x194 coreutils/lib.a(mknod.o)
                0x000000000040dca0                mknod_main
 .text.mv_main  0x000000000040de34      0x380 coreutils/lib.a(mv.o)
                0x000000000040de34                mv_main
 .text.multiconvert
                0x000000000040e1b4       0xcc coreutils/lib.a(printf.o)
 .text.my_xstrtod
                0x000000000040e280       0x48 coreutils/lib.a(printf.o)
 .text.my_xstrtol
                0x000000000040e2c8       0x48 coreutils/lib.a(printf.o)
 .text.my_xstrtoul
                0x000000000040e310       0x48 coreutils/lib.a(printf.o)
 .text.conv_strtoul
                0x000000000040e358       0x48 coreutils/lib.a(printf.o)
 .text.print_direc
                0x000000000040e3a0      0x358 coreutils/lib.a(printf.o)
 .text.printf_main
                0x000000000040e6f8      0x5d8 coreutils/lib.a(printf.o)
                0x000000000040e6f8                printf_main
 .text.conv_strtol
                0x000000000040ecd0       0x48 coreutils/lib.a(printf.o)
 .text.conv_strtod
                0x000000000040ed18       0x70 coreutils/lib.a(printf.o)
 .text.pwd_main
                0x000000000040ed88       0x94 coreutils/lib.a(pwd.o)
                0x000000000040ed88                pwd_main
 .text.rm_main  0x000000000040ee1c      0x184 coreutils/lib.a(rm.o)
                0x000000000040ee1c                rm_main
 .text.rmdir_main
                0x000000000040efa0      0x150 coreutils/lib.a(rmdir.o)
                0x000000000040efa0                rmdir_main
 .text.sleep_main
                0x000000000040f0f0       0xbc coreutils/lib.a(sleep.o)
                0x000000000040f0f0                sleep_main
 .text.eat_num  0x000000000040f1ac       0x48 coreutils/lib.a(tail.o)
 .text.tail_xprint_header
                0x000000000040f1f4       0x58 coreutils/lib.a(tail.o)
 .text.tail_read
                0x000000000040f24c      0x138 coreutils/lib.a(tail.o)
 .text.tail_main
                0x000000000040f384      0x6ec coreutils/lib.a(tail.o)
                0x000000000040f384                tail_main
 .text.t_lex    0x000000000040fa70       0xa0 coreutils/lib.a(test.o)
 .text.syntax   0x000000000040fb10       0x80 coreutils/lib.a(test.o)
 .text.getn     0x000000000040fb90       0xc0 coreutils/lib.a(test.o)
 .text.binop    0x000000000040fc50      0x2a8 coreutils/lib.a(test.o)
 .text.nexpr    0x000000000040fef8      0x5b4 coreutils/lib.a(test.o)
 .text.aexpr    0x00000000004104ac       0xe0 coreutils/lib.a(test.o)
 .text.oexpr    0x000000000041058c       0xe0 coreutils/lib.a(test.o)
 .text.test_main
                0x000000000041066c      0x32c coreutils/lib.a(test.o)
                0x000000000041066c                test_main
 .text.touch_main
                0x0000000000410998      0x148 coreutils/lib.a(touch.o)
                0x0000000000410998                touch_main
 .text.true_main
                0x0000000000410ae0        0x8 coreutils/lib.a(true.o)
                0x0000000000410ae0                true_main
 .text.uname_main
                0x0000000000410ae8      0x204 coreutils/lib.a(uname.o)
                0x0000000000410ae8                uname_main
 .text.usleep_main
                0x0000000000410cec       0x88 coreutils/lib.a(usleep.o)
                0x0000000000410cec                usleep_main
 .text.yes_main
                0x0000000000410d74      0x164 coreutils/lib.a(yes.o)
                0x0000000000410d74                yes_main
 .text.cp_mv_stat2
                0x0000000000410ed8       0xb0 coreutils/libcoreutils/lib.a(cp_mv_stat.o)
                0x0000000000410ed8                cp_mv_stat2
 .text.cp_mv_stat
                0x0000000000410f88       0x20 coreutils/libcoreutils/lib.a(cp_mv_stat.o)
                0x0000000000410f88                cp_mv_stat
 .text.getopt_mk_fifo_nod
                0x0000000000410fa8       0x90 coreutils/libcoreutils/lib.a(getopt_mk_fifo_nod.o)
                0x0000000000410fa8                getopt_mk_fifo_nod
 .text.next_tabstop
                0x0000000000411038       0x3c editors/lib.a(vi.o)
 .text.begin_line
                0x0000000000411074       0x50 editors/lib.a(vi.o)
 .text.end_line
                0x00000000004110c4       0x50 editors/lib.a(vi.o)
 .text.prev_line
                0x0000000000411114       0x80 editors/lib.a(vi.o)
 .text.next_line
                0x0000000000411194       0x80 editors/lib.a(vi.o)
 .text.end_screen
                0x0000000000411214       0x84 editors/lib.a(vi.o)
 .text.count_lines
                0x0000000000411298       0xb4 editors/lib.a(vi.o)
 .text.find_line
                0x000000000041134c       0x74 editors/lib.a(vi.o)
 .text.dot_left
                0x00000000004113c0       0x50 editors/lib.a(vi.o)
 .text.dot_right
                0x0000000000411410       0x50 editors/lib.a(vi.o)
 .text.dot_begin
                0x0000000000411460       0x50 editors/lib.a(vi.o)
 .text.dot_end  0x00000000004114b0       0x50 editors/lib.a(vi.o)
 .text.move_to_col
                0x0000000000411500       0xf8 editors/lib.a(vi.o)
 .text.dot_next
                0x00000000004115f8       0x50 editors/lib.a(vi.o)
 .text.dot_prev
                0x0000000000411648       0x50 editors/lib.a(vi.o)
 .text.screen_erase
                0x0000000000411698       0x2c editors/lib.a(vi.o)
 .text.psb      0x00000000004116c4       0x64 editors/lib.a(vi.o)
 .text.psbs     0x0000000000411728       0xc8 editors/lib.a(vi.o)
 .text.ni       0x00000000004117f0      0x1d0 editors/lib.a(vi.o)
 .text.text_hole_delete
                0x00000000004119c0      0x13c editors/lib.a(vi.o)
 .text.yank_delete
                0x0000000000411afc       0x94 editors/lib.a(vi.o)
 .text.text_hole_make
                0x0000000000411b90       0xf8 editors/lib.a(vi.o)
 .text.stupid_insert
                0x0000000000411c88       0x68 editors/lib.a(vi.o)
 .text.write1   0x0000000000411cf0       0x20 editors/lib.a(vi.o)
 .text.standout_end
                0x0000000000411d10       0x24 editors/lib.a(vi.o)
 .text.standout_start
                0x0000000000411d34       0x24 editors/lib.a(vi.o)
 .text.clear_to_eos
                0x0000000000411d58       0x24 editors/lib.a(vi.o)
 .text.clear_to_eol
                0x0000000000411d7c       0x24 editors/lib.a(vi.o)
 .text.mysleep  0x0000000000411da0       0xa8 editors/lib.a(vi.o)
 .text.get_one_char
                0x0000000000411e48      0x2d8 editors/lib.a(vi.o)
 .text.dot_skip_over_ws
                0x0000000000412120       0x94 editors/lib.a(vi.o)
 .text.dot_scroll
                0x00000000004121b4      0x114 editors/lib.a(vi.o)
 .text.skip_thing
                0x00000000004122c8      0x1d8 editors/lib.a(vi.o)
 .text.file_write
                0x00000000004124a0       0xd4 editors/lib.a(vi.o)
 .text.place_cursor
                0x0000000000412574       0xf4 editors/lib.a(vi.o)
 .text.refresh  0x0000000000412668      0x748 editors/lib.a(vi.o)
 .text.char_insert
                0x0000000000412db0      0x1b8 editors/lib.a(vi.o)
 .text.show_status_line
                0x0000000000412f68      0x3f4 editors/lib.a(vi.o)
 .text.redraw   0x000000000041335c       0xac editors/lib.a(vi.o)
 .text.Indicate_Error
                0x0000000000413408       0xd4 editors/lib.a(vi.o)
 .text.do_cmd   0x00000000004134dc     0x1f10 editors/lib.a(vi.o)
 .text.find_range
                0x00000000004153ec      0x3cc editors/lib.a(vi.o)
 .text.edit_file
                0x00000000004157b8      0x654 editors/lib.a(vi.o)
 .text.vi_main  0x0000000000415e0c      0x174 editors/lib.a(vi.o)
                0x0000000000415e0c                vi_main
 .text.func_type
                0x0000000000415f80       0x18 findutils/lib.a(find.o)
 .text.func_prune
                0x0000000000415f98        0x8 findutils/lib.a(find.o)
 .text.alloc_action.6791
                0x0000000000415fa0       0xf0 findutils/lib.a(find.o)
 .text.parse_params
                0x0000000000416090      0x478 findutils/lib.a(find.o)
 .text.find_main
                0x0000000000416508      0x1a8 findutils/lib.a(find.o)
                0x0000000000416508                find_main
 .text.func_regex
                0x00000000004166b0       0x84 findutils/lib.a(find.o)
 .text.func_path
                0x0000000000416734       0x40 findutils/lib.a(find.o)
 .text.func_name
                0x0000000000416774       0xb0 findutils/lib.a(find.o)
 .text.func_exec
                0x0000000000416824      0x248 findutils/lib.a(find.o)
 .text.fileAction
                0x0000000000416a6c      0x118 findutils/lib.a(find.o)
 .text.func_print
                0x0000000000416b84       0x3c findutils/lib.a(find.o)
 .text.add_grep_list_data
                0x0000000000416bc0       0x48 findutils/lib.a(grep.o)
 .text.print_line
                0x0000000000416c08      0x180 findutils/lib.a(grep.o)
 .text.grep_file
                0x0000000000416d88      0x558 findutils/lib.a(grep.o)
 .text.grep_main
                0x00000000004172e0      0x6a0 findutils/lib.a(grep.o)
                0x00000000004172e0                grep_main
 .text.file_action_grep
                0x0000000000417980       0xfc findutils/lib.a(grep.o)
 .text.xargs_main
                0x0000000000417a7c      0x690 findutils/lib.a(xargs.o)
                0x0000000000417a7c                xargs_main
 .text.process0_stdin
                0x000000000041810c      0x1f0 findutils/lib.a(xargs.o)
 .text.process_stdin
                0x00000000004182fc      0x340 findutils/lib.a(xargs.o)
 .text.halt_main
                0x000000000041863c      0x128 init/lib.a(halt.o)
                0x000000000041863c                halt_main
 .text.bb_ask_confirmation
                0x0000000000418764      0x108 libbb/lib.a(ask_confirmation.o)
                0x0000000000418764                bb_ask_confirmation
 .text.bb_basename
                0x000000000041886c       0x50 libbb/lib.a(bb_basename.o)
                0x000000000041886c                bb_basename
 .text.xuname2uid
                0x00000000004188bc       0x60 libbb/lib.a(bb_pwd.o)
                0x00000000004188bc                xuname2uid
 .text.bb_getug
                0x000000000041891c       0xa8 libbb/lib.a(bb_pwd.o)
 .text.bb_getgrgid
                0x00000000004189c4       0x88 libbb/lib.a(bb_pwd.o)
                0x00000000004189c4                bb_getgrgid
 .text.bb_getpwuid
                0x0000000000418a4c       0x88 libbb/lib.a(bb_pwd.o)
                0x0000000000418a4c                bb_getpwuid
 .text.ret_ERANGE
                0x0000000000418ad4       0x28 libbb/lib.a(bb_strtonum.o)
 .text.handle_errors
                0x0000000000418afc       0xcc libbb/lib.a(bb_strtonum.o)
 .text.bb_strtol
                0x0000000000418bc8       0xdc libbb/lib.a(bb_strtonum.o)
                0x0000000000418bc8                bb_strtol
 .text.bb_strtoul
                0x0000000000418ca4       0xc8 libbb/lib.a(bb_strtonum.o)
                0x0000000000418ca4                bb_strtoul
 .text.bb_strtoull
                0x0000000000418d6c       0xc4 libbb/lib.a(bb_strtonum.o)
                0x0000000000418d6c                bb_strtoull
 .text.index_in_substrings
                0x0000000000418e30       0xc0 libbb/lib.a(compare_string_array.o)
                0x0000000000418e30                index_in_substrings
 .text.index_in_strings
                0x0000000000418ef0       0xa0 libbb/lib.a(compare_string_array.o)
                0x0000000000418ef0                index_in_strings
 .text.concat_path_file
                0x0000000000418f90       0xb0 libbb/lib.a(concat_path_file.o)
                0x0000000000418f90                concat_path_file
 .text.concat_subpath_file
                0x0000000000419040       0x64 libbb/lib.a(concat_subpath_file.o)
                0x0000000000419040                concat_subpath_file
 .text.ask_and_unlink
                0x00000000004190a4       0xb8 libbb/lib.a(copy_file.o)
 .text.copy_file
                0x000000000041915c      0x93c libbb/lib.a(copy_file.o)
                0x000000000041915c                copy_file
 .text.bb_full_fd_action
                0x0000000000419a98      0x194 libbb/lib.a(copyfd.o)
 .text.bb_copyfd_eof
                0x0000000000419c2c       0x24 libbb/lib.a(copyfd.o)
                0x0000000000419c2c                bb_copyfd_eof
 .text.crc32_filltable
                0x0000000000419c50       0xdc libbb/lib.a(crc32.o)
                0x0000000000419c50                crc32_filltable
 .text.bb_error_msg
                0x0000000000419d2c       0x50 libbb/lib.a(error_msg.o)
                0x0000000000419d2c                bb_error_msg
 .text.xfunc_die
                0x0000000000419d7c       0x5c libbb/lib.a(error_msg_and_die.o)
                0x0000000000419d7c                xfunc_die
 .text.bb_error_msg_and_die
                0x0000000000419dd8       0x54 libbb/lib.a(error_msg_and_die.o)
                0x0000000000419dd8                bb_error_msg_and_die
 .text.fclose_if_not_stdin
                0x0000000000419e2c       0x3c libbb/lib.a(fclose_nonstdin.o)
                0x0000000000419e2c                fclose_if_not_stdin
 .text.fflush_stdout_and_exit
                0x0000000000419e68       0x64 libbb/lib.a(fflush_stdout_and_exit.o)
                0x0000000000419e68                fflush_stdout_and_exit
 .text.find_mount_point
                0x0000000000419ecc      0x1dc libbb/lib.a(find_mount_point.o)
                0x0000000000419ecc                find_mount_point
 .text.find_block_device_in_dir
                0x000000000041a0a8      0x1ec libbb/lib.a(find_root_device.o)
 .text.find_block_device
                0x000000000041a294       0xac libbb/lib.a(find_root_device.o)
                0x000000000041a294                find_block_device
 .text.full_write
                0x000000000041a340       0x88 libbb/lib.a(full_write.o)
                0x000000000041a340                full_write
 .text.bb_get_last_path_component
                0x000000000041a3c8       0x60 libbb/lib.a(get_last_path_component.o)
                0x000000000041a3c8                bb_get_last_path_component
 .text.bb_get_chunk_from_file
                0x000000000041a428      0x148 libbb/lib.a(get_line_from_file.o)
                0x000000000041a428                bb_get_chunk_from_file
 .text.xmalloc_getline
                0x000000000041a570       0x68 libbb/lib.a(get_line_from_file.o)
                0x000000000041a570                xmalloc_getline
 .text.xmalloc_fgets
                0x000000000041a5d8       0x3c libbb/lib.a(get_line_from_file.o)
                0x000000000041a5d8                xmalloc_fgets
 .text.getopt32
                0x000000000041a614      0x77c libbb/lib.a(getopt32.o)
                0x000000000041a614                getopt32
 .text.make_human_readable_str
                0x000000000041ad90      0x19c libbb/lib.a(human_readable.o)
                0x000000000041ad90                make_human_readable_str
 .text.is_in_ino_dev_hashtable
                0x000000000041af2c       0xf0 libbb/lib.a(inode_hash.o)
                0x000000000041af2c                is_in_ino_dev_hashtable
 .text.add_to_ino_dev_hashtable
                0x000000000041b01c      0x12c libbb/lib.a(inode_hash.o)
                0x000000000041b01c                add_to_ino_dev_hashtable
 .text.last_char_is
                0x000000000041b148       0x7c libbb/lib.a(last_char_is.o)
                0x000000000041b148                last_char_is
 .text.llist_add_to_end
                0x000000000041b1c4       0x80 libbb/lib.a(llist.o)
                0x000000000041b1c4                llist_add_to_end
 .text.llist_add_to
                0x000000000041b244       0x5c libbb/lib.a(llist.o)
                0x000000000041b244                llist_add_to
 .text.bb_make_directory
                0x000000000041b2a0      0x264 libbb/lib.a(make_directory.o)
                0x000000000041b2a0                bb_make_directory
 .text.bb_makedev
                0x000000000041b504       0x58 libbb/lib.a(makedev.o)
                0x000000000041b504                bb_makedev
 .text.md5_begin
                0x000000000041b55c       0x48 libbb/lib.a(md5.o)
                0x000000000041b55c                md5_begin
 .text.md5_hash_block
                0x000000000041b5a4      0x338 libbb/lib.a(md5.o)
 .text.md5_end  0x000000000041b8dc      0x160 libbb/lib.a(md5.o)
                0x000000000041b8dc                md5_end
 .text.md5_hash
                0x000000000041ba3c      0x104 libbb/lib.a(md5.o)
                0x000000000041ba3c                md5_hash
 .text.bb_mode_string
                0x000000000041bb40       0xcc libbb/lib.a(mode_string.o)
                0x000000000041bb40                bb_mode_string
 .text.bb_parse_mode
                0x000000000041bc0c      0x318 libbb/lib.a(parse_mode.o)
                0x000000000041bc0c                bb_parse_mode
 .text.bb_perror_msg
                0x000000000041bf24       0x8c libbb/lib.a(perror_msg.o)
                0x000000000041bf24                bb_perror_msg
 .text.bb_perror_msg_and_die
                0x000000000041bfb0       0x8c libbb/lib.a(perror_msg_and_die.o)
                0x000000000041bfb0                bb_perror_msg_and_die
 .text.bb_perror_nomsg_and_die
                0x000000000041c03c       0x1c libbb/lib.a(perror_nomsg_and_die.o)
                0x000000000041c03c                bb_perror_nomsg_and_die
 .text.bb_process_escape_sequence
                0x000000000041c058      0x10c libbb/lib.a(process_escape_sequence.o)
                0x000000000041c058                bb_process_escape_sequence
 .text.fast_strtoul_10
                0x000000000041c164       0x48 libbb/lib.a(procps.o)
 .text.skip_fields
                0x000000000041c1ac       0x24 libbb/lib.a(procps.o)
 .text.read_cmdline
                0x000000000041c1d0       0xf0 libbb/lib.a(procps.o)
                0x000000000041c1d0                read_cmdline
 .text.clear_cache
                0x000000000041c2c0       0x4c libbb/lib.a(procps.o)
 .text.clear_username_cache
                0x000000000041c30c       0x54 libbb/lib.a(procps.o)
                0x000000000041c30c                clear_username_cache
 .text.read_to_buf
                0x000000000041c360       0xa8 libbb/lib.a(procps.o)
 .text.free_procps_scan
                0x000000000041c408       0x70 libbb/lib.a(procps.o)
                0x000000000041c408                free_procps_scan
 .text.alloc_procps_scan
                0x000000000041c478       0x64 libbb/lib.a(procps.o)
                0x000000000041c478                alloc_procps_scan
 .text.procps_scan
                0x000000000041c4dc      0x3f8 libbb/lib.a(procps.o)
                0x000000000041c4dc                procps_scan
 .text.get_cached
                0x000000000041c8d4       0xcc libbb/lib.a(procps.o)
 .text.get_cached_groupname
                0x000000000041c9a0       0x28 libbb/lib.a(procps.o)
                0x000000000041c9a0                get_cached_groupname
 .text.get_cached_username
                0x000000000041c9c8       0x28 libbb/lib.a(procps.o)
                0x000000000041c9c8                get_cached_username
 .text.safe_read
                0x000000000041c9f0       0x8c libbb/lib.a(read.o)
                0x000000000041c9f0                safe_read
 .text.full_read
                0x000000000041ca7c       0x90 libbb/lib.a(read.o)
                0x000000000041ca7c                full_read
 .text.read_close
                0x000000000041cb0c       0x64 libbb/lib.a(read.o)
                0x000000000041cb0c                read_close
 .text.xmalloc_open_read_close
                0x000000000041cb70      0x174 libbb/lib.a(read.o)
                0x000000000041cb70                xmalloc_open_read_close
 .text.open_read_close
                0x000000000041cce4       0x74 libbb/lib.a(read.o)
                0x000000000041cce4                open_read_close
 .text.true_action
                0x000000000041cd58        0x8 libbb/lib.a(recursive_action.o)
 .text.recursive_action
                0x000000000041cd60      0x28c libbb/lib.a(recursive_action.o)
                0x000000000041cd60                recursive_action
 .text.remove_file
                0x000000000041cfec      0x388 libbb/lib.a(remove_file.o)
                0x000000000041cfec                remove_file
 .text.safe_strncpy
                0x000000000041d374       0x34 libbb/lib.a(safe_strncpy.o)
                0x000000000041d374                safe_strncpy
 .text.safe_write
                0x000000000041d3a8       0x8c libbb/lib.a(safe_write.o)
                0x000000000041d3a8                safe_write
 .text.skip_non_whitespace
                0x000000000041d434       0x64 libbb/lib.a(skip_whitespace.o)
                0x000000000041d434                skip_non_whitespace
 .text.skip_whitespace
                0x000000000041d498       0x54 libbb/lib.a(skip_whitespace.o)
                0x000000000041d498                skip_whitespace
 .text.bb_verror_msg
                0x000000000041d4ec      0x26c libbb/lib.a(verror_msg.o)
                0x000000000041d4ec                bb_verror_msg
 .text.forkexit_or_rexec
                0x000000000041d758       0x70 libbb/lib.a(vfork_daemon_rexec.o)
                0x000000000041d758                forkexit_or_rexec
 .text.bb_daemonize_or_rexec
                0x000000000041d7c8      0x1ac libbb/lib.a(vfork_daemon_rexec.o)
                0x000000000041d7c8                bb_daemonize_or_rexec
 .text.wait4pid
                0x000000000041d974       0x98 libbb/lib.a(vfork_daemon_rexec.o)
                0x000000000041d974                wait4pid
 .text.spawn    0x000000000041da0c       0xb4 libbb/lib.a(vfork_daemon_rexec.o)
                0x000000000041da0c                spawn
 .text.spawn_and_wait
                0x000000000041dac0       0x40 libbb/lib.a(vfork_daemon_rexec.o)
                0x000000000041dac0                spawn_and_wait
 .text.fopen_or_warn
                0x000000000041db00       0x84 libbb/lib.a(wfopen.o)
                0x000000000041db00                fopen_or_warn
 .text.fopen_or_warn_stdin
                0x000000000041db84       0x70 libbb/lib.a(wfopen_input.o)
                0x000000000041db84                fopen_or_warn_stdin
 .text.xstrtoul_range_sfx
                0x000000000041dbf4      0x1bc libbb/lib.a(xatonum.o)
                0x000000000041dbf4                xstrtoul_range_sfx
 .text.xatoul_sfx
                0x000000000041ddb0       0x44 libbb/lib.a(xatonum.o)
                0x000000000041ddb0                xatoul_sfx
 .text.xatoul   0x000000000041ddf4       0x1c libbb/lib.a(xatonum.o)
                0x000000000041ddf4                xatoul
 .text.xatoul_range
                0x000000000041de10       0x44 libbb/lib.a(xatonum.o)
                0x000000000041de10                xatoul_range
 .text.xatou16  0x000000000041de54       0x3c libbb/lib.a(xatonum.o)
                0x000000000041de54                xatou16
 .text.xatoul_range_sfx
                0x000000000041de90       0x48 libbb/lib.a(xatonum.o)
                0x000000000041de90                xatoul_range_sfx
 .text.xatoi_u  0x000000000041ded8       0x20 libbb/lib.a(xatonum.o)
                0x000000000041ded8                xatoi_u
 .text.utoa_to_buf
                0x000000000041def8       0x8c libbb/lib.a(xfuncs.o)
                0x000000000041def8                utoa_to_buf
 .text.itoa_to_buf
                0x000000000041df84       0x3c libbb/lib.a(xfuncs.o)
                0x000000000041df84                itoa_to_buf
 .text.itoa     0x000000000041dfc0       0x4c libbb/lib.a(xfuncs.o)
                0x000000000041dfc0                itoa
 .text.bin2hex  0x000000000041e00c       0x64 libbb/lib.a(xfuncs.o)
                0x000000000041e00c                bin2hex
 .text.bb_xioctl
                0x000000000041e070       0x5c libbb/lib.a(xfuncs.o)
                0x000000000041e070                bb_xioctl
 .text.bb_ioctl_or_warn
                0x000000000041e0cc       0x6c libbb/lib.a(xfuncs.o)
                0x000000000041e0cc                bb_ioctl_or_warn
 .text.ioctl_or_perror_and_die
                0x000000000041e138       0x9c libbb/lib.a(xfuncs.o)
                0x000000000041e138                ioctl_or_perror_and_die
 .text.get_terminal_width_height
                0x000000000041e1d4      0x160 libbb/lib.a(xfuncs.o)
                0x000000000041e1d4                get_terminal_width_height
 .text.xstat    0x000000000041e334       0x5c libbb/lib.a(xfuncs.o)
                0x000000000041e334                xstat
 .text.xsendto  0x000000000041e390       0x60 libbb/lib.a(xfuncs.o)
                0x000000000041e390                xsendto
 .text.xlisten  0x000000000041e3f0       0x58 libbb/lib.a(xfuncs.o)
                0x000000000041e3f0                xlisten
 .text.xbind    0x000000000041e448       0x58 libbb/lib.a(xfuncs.o)
                0x000000000041e448                xbind
 .text.xsocket  0x000000000041e4a0       0x58 libbb/lib.a(xfuncs.o)
                0x000000000041e4a0                xsocket
 .text.xopendir
                0x000000000041e4f8       0x5c libbb/lib.a(xfuncs.o)
                0x000000000041e4f8                xopendir
 .text.warn_opendir
                0x000000000041e554       0x6c libbb/lib.a(xfuncs.o)
                0x000000000041e554                warn_opendir
 .text.xchdir   0x000000000041e5c0       0x5c libbb/lib.a(xfuncs.o)
                0x000000000041e5c0                xchdir
 .text.xasprintf
                0x000000000041e61c       0x74 libbb/lib.a(xfuncs.o)
                0x000000000041e61c                xasprintf
 .text.xlseek   0x000000000041e690       0x9c libbb/lib.a(xfuncs.o)
                0x000000000041e690                xlseek
 .text.xsetuid  0x000000000041e72c       0x58 libbb/lib.a(xfuncs.o)
                0x000000000041e72c                xsetuid
 .text.xsetgid  0x000000000041e784       0x58 libbb/lib.a(xfuncs.o)
                0x000000000041e784                xsetgid
 .text.die_if_ferror
                0x000000000041e7dc       0x5c libbb/lib.a(xfuncs.o)
                0x000000000041e7dc                die_if_ferror
 .text.die_if_ferror_stdout
                0x000000000041e838       0x28 libbb/lib.a(xfuncs.o)
                0x000000000041e838                die_if_ferror_stdout
 .text.xwrite   0x000000000041e860       0x64 libbb/lib.a(xfuncs.o)
                0x000000000041e860                xwrite
 .text.ndelay_off
                0x000000000041e8c4       0x64 libbb/lib.a(xfuncs.o)
                0x000000000041e8c4                ndelay_off
 .text.ndelay_on
                0x000000000041e928       0x60 libbb/lib.a(xfuncs.o)
                0x000000000041e928                ndelay_on
 .text.open3_or_warn
                0x000000000041e988       0x6c libbb/lib.a(xfuncs.o)
                0x000000000041e988                open3_or_warn
 .text.open_or_warn
                0x000000000041e9f4       0x1c libbb/lib.a(xfuncs.o)
                0x000000000041e9f4                open_or_warn
 .text.xopen3   0x000000000041ea10       0x5c libbb/lib.a(xfuncs.o)
                0x000000000041ea10                xopen3
 .text.xopen    0x000000000041ea6c       0x1c libbb/lib.a(xfuncs.o)
                0x000000000041ea6c                xopen
 .text.xfopen   0x000000000041ea88       0x5c libbb/lib.a(xfuncs.o)
                0x000000000041ea88                xfopen
 .text.xstrdup  0x000000000041eae4       0x60 libbb/lib.a(xfuncs.o)
                0x000000000041eae4                xstrdup
 .text.xrealloc
                0x000000000041eb44       0x64 libbb/lib.a(xfuncs.o)
                0x000000000041eb44                xrealloc
 .text.xmalloc  0x000000000041eba8       0x64 libbb/lib.a(xfuncs.o)
                0x000000000041eba8                xmalloc
 .text.xstrndup
                0x000000000041ec0c       0x90 libbb/lib.a(xfuncs.o)
                0x000000000041ec0c                xstrndup
 .text.xzalloc  0x000000000041ec9c       0x68 libbb/lib.a(xfuncs.o)
                0x000000000041ec9c                xzalloc
 .text.malloc_or_warn
                0x000000000041ed04       0x74 libbb/lib.a(xfuncs.o)
                0x000000000041ed04                malloc_or_warn
 .text.xrealloc_getcwd_or_warn
                0x000000000041ed78       0xec libbb/lib.a(xgetcwd.o)
                0x000000000041ed78                xrealloc_getcwd_or_warn
 .text.xmalloc_readlink
                0x000000000041ee64       0xbc libbb/lib.a(xreadlink.o)
                0x000000000041ee64                xmalloc_readlink
 .text.xmalloc_readlink_or_warn
                0x000000000041ef20       0x6c libbb/lib.a(xreadlink.o)
                0x000000000041ef20                xmalloc_readlink_or_warn
 .text.regcomp_or_errmsg
                0x000000000041ef8c       0xd0 libbb/lib.a(xregcomp.o)
                0x000000000041ef8c                regcomp_or_errmsg
 .text.xregcomp
                0x000000000041f05c       0x58 libbb/lib.a(xregcomp.o)
                0x000000000041f05c                xregcomp
 .text.nuke_str
                0x000000000041f0b4       0x68 loginutils/lib.a(passwd.o)
 .text.passwd_main
                0x000000000041f11c      0x6a0 loginutils/lib.a(passwd.o)
                0x000000000041f11c                passwd_main
 .text.print_hilite
                0x000000000041f7bc       0x24 miscutils/lib.a(less.o)
 .text.clear_line
                0x000000000041f7e0       0x2c miscutils/lib.a(less.o)
 .text.print_statusline
                0x000000000041f80c       0x64 miscutils/lib.a(less.o)
 .text.read_lines
                0x000000000041f870      0x4b0 miscutils/lib.a(less.o)
 .text.print_ascii
                0x000000000041fd20      0x1c4 miscutils/lib.a(less.o)
 .text.buffer_print
                0x000000000041fee4      0x1c4 miscutils/lib.a(less.o)
 .text.buffer_fill_and_print
                0x00000000004200a8       0xb4 miscutils/lib.a(less.o)
 .text.reinitialize
                0x000000000042015c      0x150 miscutils/lib.a(less.o)
 .text.change_file
                0x00000000004202ac       0xe4 miscutils/lib.a(less.o)
 .text.buffer_line
                0x0000000000420390       0x90 miscutils/lib.a(less.o)
 .text.buffer_up
                0x0000000000420420       0x70 miscutils/lib.a(less.o)
 .text.buffer_down
                0x0000000000420490       0xc4 miscutils/lib.a(less.o)
 .text.set_tty_cooked
                0x0000000000420554       0x54 miscutils/lib.a(less.o)
 .text.less_gets
                0x00000000004205a8      0x200 miscutils/lib.a(less.o)
 .text.examine_file
                0x00000000004207a8       0xa8 miscutils/lib.a(less.o)
 .text.less_getch
                0x0000000000420850      0x2d8 miscutils/lib.a(less.o)
 .text.less_exit
                0x0000000000420b28       0x98 miscutils/lib.a(less.o)
 .text.less_main
                0x0000000000420bc0      0xaf0 miscutils/lib.a(less.o)
                0x0000000000420bc0                less_main
 .text.sig_catcher
                0x00000000004216b0       0x44 miscutils/lib.a(less.o)
 .text.obj_find_symbol
                0x00000000004216f4       0xb4 modutils/lib.a(insmod.o)
 .text.obj_symbol_final_value
                0x00000000004217a8       0x50 modutils/lib.a(insmod.o)
 .text.obj_elf_hash
                0x00000000004217f8       0x88 modutils/lib.a(insmod.o)
 .text.obj_extend_section
                0x0000000000421880       0x64 modutils/lib.a(insmod.o)
 .text.insmod_ng_main
                0x00000000004218e4      0x22c modutils/lib.a(insmod.o)
                0x00000000004218e4                insmod_ng_main
 .text.obj_load_order_prio
                0x0000000000421b10       0xd8 modutils/lib.a(insmod.o)
 .text.obj_insert_section_load_order
                0x0000000000421be8       0xac modutils/lib.a(insmod.o)
 .text.obj_find_section
                0x0000000000421c94       0x9c modutils/lib.a(insmod.o)
 .text.obj_symbol_patch
                0x0000000000421d30       0x80 modutils/lib.a(insmod.o)
 .text.arch_new_symbol
                0x0000000000421db0       0x60 modutils/lib.a(insmod.o)
 .text.obj_add_symbol
                0x0000000000421e10      0x2d8 modutils/lib.a(insmod.o)
 .text.arch_new_section
                0x00000000004220e8       0x1c modutils/lib.a(insmod.o)
 .text.obj_create_alloced_section
                0x0000000000422104      0x128 modutils/lib.a(insmod.o)
 .text.obj_load
                0x000000000042222c      0x644 modutils/lib.a(insmod.o)
 .text.obj_allocate_commons
                0x0000000000422870      0x3a0 modutils/lib.a(insmod.o)
 .text.obj_gpl_license
                0x0000000000422c10      0x140 modutils/lib.a(insmod.o)
 .text.get_modinfo_value
                0x0000000000422d50      0x150 modutils/lib.a(insmod.o)
 .text.add_symbols_from
                0x0000000000422ea0      0x168 modutils/lib.a(insmod.o)
 .text.obj_string_patch
                0x0000000000423008      0x138 modutils/lib.a(insmod.o)
 .text.new_create_module_ksymtab
                0x0000000000423140      0x310 modutils/lib.a(insmod.o)
 .text.new_add_ksymtab
                0x0000000000423450      0x138 modutils/lib.a(insmod.o)
 .text.new_process_module_arguments
                0x0000000000423588      0x6f8 modutils/lib.a(insmod.o)
 .text.set_tainted
                0x0000000000423c80      0x134 modutils/lib.a(insmod.o)
 .text.print_load_map
                0x0000000000423db4      0x360 modutils/lib.a(insmod.o)
 .text.insmod_main
                0x0000000000424114     0x1acc modutils/lib.a(insmod.o)
                0x0000000000424114                insmod_main
 .text.check_module_name_match
                0x0000000000425be0      0x100 modutils/lib.a(insmod.o)
 .text.lsmod_main
                0x0000000000425ce0      0x378 modutils/lib.a(lsmod.o)
                0x0000000000425ce0                lsmod_main
 .text.rmmod_main
                0x0000000000426058      0x22c modutils/lib.a(rmmod.o)
                0x0000000000426058                rmmod_main
 .text.arp_main
                0x0000000000426284      0xdb8 networking/lib.a(arp.o)
                0x0000000000426284                arp_main
 .text.ifconfig_main
                0x000000000042703c      0x778 networking/lib.a(ifconfig.o)
                0x000000000042703c                ifconfig_main
 .text.get_afntype
                0x00000000004277b4       0x40 networking/lib.a(interface.o)
 .text.hexchar2int
                0x00000000004277f4       0x3c networking/lib.a(interface.o)
 .text.in_ether
                0x0000000000427830      0x124 networking/lib.a(interface.o)
 .text.get_hwntype
                0x0000000000427954       0x40 networking/lib.a(interface.o)
                0x0000000000427954                get_hwntype
 .text.get_hwtype
                0x0000000000427994       0x7c networking/lib.a(interface.o)
                0x0000000000427994                get_hwtype
 .text.get_aftype
                0x0000000000427a10       0x7c networking/lib.a(interface.o)
                0x0000000000427a10                get_aftype
 .text.add_interface
                0x0000000000427a8c      0x100 networking/lib.a(interface.o)
 .text.if_readconf
                0x0000000000427b8c      0x15c networking/lib.a(interface.o)
 .text.if_readlist_proc
                0x0000000000427ce8      0x408 networking/lib.a(interface.o)
 .text.do_if_fetch
                0x00000000004280f0      0x560 networking/lib.a(interface.o)
 .text.print_bytes_scaled
                0x0000000000428650       0xcc networking/lib.a(interface.o)
 .text.UNSPEC_print
                0x000000000042871c       0xa4 networking/lib.a(interface.o)
 .text.UNSPEC_sprint
                0x00000000004287c0       0x48 networking/lib.a(interface.o)
 .text.INET6_input
                0x0000000000428808       0x1c networking/lib.a(interface.o)
 .text.INET_input
                0x0000000000428824       0x1c networking/lib.a(interface.o)
 .text.INET_sprint
                0x0000000000428840       0x98 networking/lib.a(interface.o)
 .text.INET6_sprint
                0x00000000004288d8       0x98 networking/lib.a(interface.o)
 .text.ife_print
                0x0000000000428970      0x950 networking/lib.a(interface.o)
 .text.display_interfaces
                0x00000000004292c0      0x1bc networking/lib.a(interface.o)
                0x00000000004292c0                display_interfaces
 .text.pr_ether
                0x000000000042947c       0x8c networking/lib.a(interface.o)
 .text.ip_main  0x0000000000429508      0x128 networking/lib.a(ip.o)
                0x0000000000429508                ip_main
 .text.ip_print_help
                0x0000000000429630       0x28 networking/lib.a(ip.o)
 .text.do_info  0x0000000000429658      0x138 networking/lib.a(netstat.o)
 .text.netstat_main
                0x0000000000429790      0x444 networking/lib.a(netstat.o)
                0x0000000000429790                netstat_main
 .text.build_ipv4_addr
                0x0000000000429bd4       0x50 networking/lib.a(netstat.o)
 .text.unix_do_one
                0x0000000000429c24      0x418 networking/lib.a(netstat.o)
 .text.build_ipv6_addr
                0x000000000042a03c       0xb0 networking/lib.a(netstat.o)
 .text.ip_port_str
                0x000000000042a0ec      0x12c networking/lib.a(netstat.o)
 .text.raw_do_one
                0x000000000042a218      0x2ac networking/lib.a(netstat.o)
 .text.udp_do_one
                0x000000000042a4c4      0x2c8 networking/lib.a(netstat.o)
 .text.tcp_do_one
                0x000000000042a78c      0x254 networking/lib.a(netstat.o)
 .text.sendping_tail
                0x000000000042a9e0      0x120 networking/lib.a(ping.o)
 .text.sendping6
                0x000000000042ab00       0xc4 networking/lib.a(ping.o)
 .text.sendping4
                0x000000000042abc4      0x138 networking/lib.a(ping.o)
 .text.unpack_tail
                0x000000000042acfc      0x22c networking/lib.a(ping.o)
 .text.ping6    0x000000000042af28      0x550 networking/lib.a(ping.o)
 .text.ping4    0x000000000042b478      0x3f8 networking/lib.a(ping.o)
 .text.pingstats
                0x000000000042b870      0x208 networking/lib.a(ping.o)
 .text.ping_main
                0x000000000042ba78      0x2b0 networking/lib.a(ping.o)
                0x000000000042ba78                ping_main
 .text.ping6_main
                0x000000000042bd28       0x28 networking/lib.a(ping.o)
                0x000000000042bd28                ping6_main
 .text.set_flags
                0x000000000042bd50       0x68 networking/lib.a(route.o)
 .text.kw_lookup
                0x000000000042bdb8       0xe4 networking/lib.a(route.o)
 .text.bb_displayroutes
                0x000000000042be9c      0x394 networking/lib.a(route.o)
                0x000000000042be9c                bb_displayroutes
 .text.route_main
                0x000000000042c230      0xcf0 networking/lib.a(route.o)
                0x000000000042c230                route_main
 .text.putiac   0x000000000042cf20       0x30 networking/lib.a(telnet.o)
 .text.fgotsig  0x000000000042cf50       0x18 networking/lib.a(telnet.o)
 .text.iacflush
                0x000000000042cf68       0x4c networking/lib.a(telnet.o)
 .text.putiac2  0x000000000042cfb4       0xa4 networking/lib.a(telnet.o)
 .text.cookmode
                0x000000000042d058       0x3c networking/lib.a(telnet.o)
 .text.rawmode  0x000000000042d094       0x3c networking/lib.a(telnet.o)
 .text.setConMode
                0x000000000042d0d0       0xc0 networking/lib.a(telnet.o)
 .text.doexit   0x000000000042d190       0x48 networking/lib.a(telnet.o)
 .text.conescape
                0x000000000042d1d8      0x274 networking/lib.a(telnet.o)
 .text.telnet_main
                0x000000000042d44c      0xa60 networking/lib.a(telnet.o)
                0x000000000042d44c                telnet_main
 .text.send_iac
                0x000000000042deac       0x3c networking/lib.a(telnetd.o)
 .text.make_new_session
                0x000000000042dee8      0x44c networking/lib.a(telnetd.o)
 .text.free_session
                0x000000000042e334      0x180 networking/lib.a(telnetd.o)
 .text.telnetd_main
                0x000000000042e4b4      0x884 networking/lib.a(telnetd.o)
                0x000000000042e4b4                telnetd_main
 .text.tftp     0x000000000042ed38      0x5ec networking/lib.a(tftp.o)
 .text.tftp_main
                0x000000000042f324      0x204 networking/lib.a(tftp.o)
                0x000000000042f324                tftp_main
 .text.base64enc_512
                0x000000000042f528       0x7c networking/lib.a(wget.o)
 .text.parse_url
                0x000000000042f5a4      0x240 networking/lib.a(wget.o)
 .text.gethdr   0x000000000042f7e4      0x1f0 networking/lib.a(wget.o)
 .text.open_socket
                0x000000000042f9d4       0x74 networking/lib.a(wget.o)
 .text.safe_fgets
                0x000000000042fa48       0xc8 networking/lib.a(wget.o)
 .text.alarmtimer
                0x000000000042fb10       0x50 networking/lib.a(wget.o)
 .text.progressmeter
                0x000000000042fb60      0x65c networking/lib.a(wget.o)
 .text.updateprogressmeter
                0x00000000004301bc       0x5c networking/lib.a(wget.o)
 .text.ftpcmd   0x0000000000430218      0x13c networking/lib.a(wget.o)
 .text.wget_main
                0x0000000000430354     0x1134 networking/lib.a(wget.o)
                0x0000000000430354                wget_main
 .text.ip_parse_common_args
                0x0000000000431488      0x234 networking/libiproute/lib.a(ip_parse_common_args.o)
                0x0000000000431488                ip_parse_common_args
 .text.ipaddr_modify
                0x00000000004316bc      0x780 networking/libiproute/lib.a(ipaddress.o)
 .text.flush_update
                0x0000000000431e3c       0x7c networking/libiproute/lib.a(ipaddress.o)
 .text.print_addrinfo
                0x0000000000431eb8      0x8a8 networking/libiproute/lib.a(ipaddress.o)
 .text.ipaddr_list_or_flush
                0x0000000000432760      0xe24 networking/libiproute/lib.a(ipaddress.o)
                0x0000000000432760                ipaddr_list_or_flush
 .text.do_ipaddr
                0x0000000000433584       0xf4 networking/libiproute/lib.a(ipaddress.o)
                0x0000000000433584                do_ipaddr
 .text.store_nlmsg
                0x0000000000433678       0xc8 networking/libiproute/lib.a(ipaddress.o)
 .text.on_off   0x0000000000433740       0x30 networking/libiproute/lib.a(iplink.o)
 .text.parse_address
                0x0000000000433770       0xe0 networking/libiproute/lib.a(iplink.o)
 .text.get_ctl_fd
                0x0000000000433850       0x8c networking/libiproute/lib.a(iplink.o)
 .text.set_address
                0x00000000004338dc       0x94 networking/libiproute/lib.a(iplink.o)
 .text.ipaddr_list_link
                0x0000000000433970       0x24 networking/libiproute/lib.a(iplink.o)
 .text.do_iplink
                0x0000000000433994      0x6c4 networking/libiproute/lib.a(iplink.o)
                0x0000000000433994                do_iplink
 .text.iproute_reset_filter
                0x0000000000434058       0x54 networking/libiproute/lib.a(iproute.o)
 .text.flush_update
                0x00000000004340ac       0x7c networking/libiproute/lib.a(iproute.o)
 .text.print_route
                0x0000000000434128      0xa84 networking/libiproute/lib.a(iproute.o)
 .text.iproute_list_or_flush
                0x0000000000434bac      0x76c networking/libiproute/lib.a(iproute.o)
 .text.do_iproute
                0x0000000000435318      0xbc0 networking/libiproute/lib.a(iproute.o)
                0x0000000000435318                do_iproute
 .text.iprule_list
                0x0000000000435ed8       0xc4 networking/libiproute/lib.a(iprule.o)
 .text.print_rule
                0x0000000000435f9c      0x544 networking/libiproute/lib.a(iprule.o)
 .text.do_iprule
                0x00000000004364e0      0x644 networking/libiproute/lib.a(iprule.o)
                0x00000000004364e0                do_iprule
 .text.do_get_ioctl
                0x0000000000436b24       0xb0 networking/libiproute/lib.a(iptunnel.o)
 .text.do_del_ioctl
                0x0000000000436bd4       0xb4 networking/libiproute/lib.a(iptunnel.o)
 .text.do_add_ioctl
                0x0000000000436c88       0xcc networking/libiproute/lib.a(iptunnel.o)
 .text.parse_args
                0x0000000000436d54      0x9e8 networking/libiproute/lib.a(iptunnel.o)
 .text.do_add   0x000000000043773c       0xf0 networking/libiproute/lib.a(iptunnel.o)
 .text.print_tunnel
                0x000000000043782c      0x4b8 networking/libiproute/lib.a(iptunnel.o)
 .text.do_iptunnel
                0x0000000000437ce4      0x674 networking/libiproute/lib.a(iptunnel.o)
                0x0000000000437ce4                do_iptunnel
 .text.parse_rtattr
                0x0000000000438358       0xb4 networking/libiproute/lib.a(libnetlink.o)
                0x0000000000438358                parse_rtattr
 .text.rta_addattr32
                0x000000000043840c       0x64 networking/libiproute/lib.a(libnetlink.o)
                0x000000000043840c                rta_addattr32
 .text.addattr_l
                0x0000000000438470       0xac networking/libiproute/lib.a(libnetlink.o)
                0x0000000000438470                addattr_l
 .text.addattr32
                0x000000000043851c       0x64 networking/libiproute/lib.a(libnetlink.o)
                0x000000000043851c                addattr32
 .text.rtnl_talk
                0x0000000000438580      0x3c8 networking/libiproute/lib.a(libnetlink.o)
                0x0000000000438580                rtnl_talk
 .text.xrtnl_dump_filter
                0x0000000000438948      0x298 networking/libiproute/lib.a(libnetlink.o)
                0x0000000000438948                xrtnl_dump_filter
 .text.rtnl_send
                0x0000000000438be0       0x98 networking/libiproute/lib.a(libnetlink.o)
                0x0000000000438be0                rtnl_send
 .text.xrtnl_wilddump_request
                0x0000000000438c78       0xc8 networking/libiproute/lib.a(libnetlink.o)
                0x0000000000438c78                xrtnl_wilddump_request
 .text.xrtnl_open
                0x0000000000438d40      0x138 networking/libiproute/lib.a(libnetlink.o)
                0x0000000000438d40                xrtnl_open
 .text.ll_addr_a2n
                0x0000000000438e78      0x16c networking/libiproute/lib.a(ll_addr.o)
                0x0000000000438e78                ll_addr_a2n
 .text.ll_addr_n2a
                0x0000000000438fe4      0x14c networking/libiproute/lib.a(ll_addr.o)
                0x0000000000438fe4                ll_addr_n2a
 .text.find_by_index
                0x0000000000439130       0x4c networking/libiproute/lib.a(ll_map.o)
 .text.ll_index_to_flags
                0x000000000043917c       0x60 networking/libiproute/lib.a(ll_map.o)
                0x000000000043917c                ll_index_to_flags
 .text.ll_init_map
                0x00000000004391dc       0x68 networking/libiproute/lib.a(ll_map.o)
                0x00000000004391dc                ll_init_map
 .text.xll_name_to_index
                0x0000000000439244       0xe0 networking/libiproute/lib.a(ll_map.o)
                0x0000000000439244                xll_name_to_index
 .text.ll_idx_n2a
                0x0000000000439324       0x90 networking/libiproute/lib.a(ll_map.o)
                0x0000000000439324                ll_idx_n2a
 .text.ll_index_to_name
                0x00000000004393b4       0x20 networking/libiproute/lib.a(ll_map.o)
                0x00000000004393b4                ll_index_to_name
 .text.ll_remember_index
                0x00000000004393d4      0x188 networking/libiproute/lib.a(ll_map.o)
                0x00000000004393d4                ll_remember_index
 .text.ll_type_n2a
                0x000000000043955c       0x98 networking/libiproute/lib.a(ll_types.o)
                0x000000000043955c                ll_type_n2a
 .text.rtnl_tab_initialize
                0x00000000004395f4      0x21c networking/libiproute/lib.a(rt_names.o)
 .text.rtnl_rttable_initialize
                0x0000000000439810       0xb0 networking/libiproute/lib.a(rt_names.o)
 .text.rtnl_rttable_a2n
                0x00000000004398c0      0x16c networking/libiproute/lib.a(rt_names.o)
                0x00000000004398c0                rtnl_rttable_a2n
 .text.rtnl_rtdsfield_initialize
                0x0000000000439a2c       0x90 networking/libiproute/lib.a(rt_names.o)
 .text.rtnl_dsfield_a2n
                0x0000000000439abc      0x174 networking/libiproute/lib.a(rt_names.o)
                0x0000000000439abc                rtnl_dsfield_a2n
 .text.rtnl_rtrealm_initialize
                0x0000000000439c30       0x90 networking/libiproute/lib.a(rt_names.o)
 .text.rtnl_rtrealm_a2n
                0x0000000000439cc0      0x174 networking/libiproute/lib.a(rt_names.o)
                0x0000000000439cc0                rtnl_rtrealm_a2n
 .text.rtnl_rtscope_initialize
                0x0000000000439e34       0xc0 networking/libiproute/lib.a(rt_names.o)
 .text.rtnl_rtscope_a2n
                0x0000000000439ef4      0x174 networking/libiproute/lib.a(rt_names.o)
                0x0000000000439ef4                rtnl_rtscope_a2n
 .text.rtnl_rttable_n2a
                0x000000000043a068       0xb4 networking/libiproute/lib.a(rt_names.o)
                0x000000000043a068                rtnl_rttable_n2a
 .text.rtnl_dsfield_n2a
                0x000000000043a11c       0xc4 networking/libiproute/lib.a(rt_names.o)
                0x000000000043a11c                rtnl_dsfield_n2a
 .text.rtnl_rtrealm_n2a
                0x000000000043a1e0       0xb4 networking/libiproute/lib.a(rt_names.o)
                0x000000000043a1e0                rtnl_rtrealm_n2a
 .text.rtnl_rtscope_n2a
                0x000000000043a294       0xb4 networking/libiproute/lib.a(rt_names.o)
                0x000000000043a294                rtnl_rtscope_n2a
 .text.rtnl_rtprot_initialize
                0x000000000043a348       0xcc networking/libiproute/lib.a(rt_names.o)
 .text.rtnl_rtprot_a2n
                0x000000000043a414      0x174 networking/libiproute/lib.a(rt_names.o)
                0x000000000043a414                rtnl_rtprot_a2n
 .text.get_rt_realms
                0x000000000043a588       0xf0 networking/libiproute/lib.a(rtm_map.o)
                0x000000000043a588                get_rt_realms
 .text.rtnl_rtntype_a2n
                0x000000000043a678      0x18c networking/libiproute/lib.a(rtm_map.o)
                0x000000000043a678                rtnl_rtntype_a2n
 .text.rtnl_rtntype_n2a
                0x000000000043a804      0x110 networking/libiproute/lib.a(rtm_map.o)
                0x000000000043a804                rtnl_rtntype_n2a
 .text.rt_addr_n2a
                0x000000000043a914       0x4c networking/libiproute/lib.a(utils.o)
                0x000000000043a914                rt_addr_n2a
 .text.format_host
                0x000000000043a960       0x1c networking/libiproute/lib.a(utils.o)
                0x000000000043a960                format_host
 .text.inet_addr_match
                0x000000000043a97c       0xd0 networking/libiproute/lib.a(utils.o)
                0x000000000043a97c                inet_addr_match
 .text.duparg2  0x000000000043aa4c       0x34 networking/libiproute/lib.a(utils.o)
                0x000000000043aa4c                duparg2
 .text.duparg   0x000000000043aa80       0x34 networking/libiproute/lib.a(utils.o)
                0x000000000043aa80                duparg
 .text.invarg   0x000000000043aab4       0x30 networking/libiproute/lib.a(utils.o)
                0x000000000043aab4                invarg
 .text.incomplete_command
                0x000000000043aae4       0x2c networking/libiproute/lib.a(utils.o)
                0x000000000043aae4                incomplete_command
 .text.get_addr_1
                0x000000000043ab10      0x204 networking/libiproute/lib.a(utils.o)
                0x000000000043ab10                get_addr_1
 .text.get_addr32
                0x000000000043ad14       0x68 networking/libiproute/lib.a(utils.o)
                0x000000000043ad14                get_addr32
 .text.get_addr
                0x000000000043ad7c       0x78 networking/libiproute/lib.a(utils.o)
                0x000000000043ad7c                get_addr
 .text.get_integer
                0x000000000043adf4       0x98 networking/libiproute/lib.a(utils.o)
                0x000000000043adf4                get_integer
 .text.get_prefix_1
                0x000000000043ae8c      0x178 networking/libiproute/lib.a(utils.o)
                0x000000000043ae8c                get_prefix_1
 .text.get_prefix
                0x000000000043b004       0x78 networking/libiproute/lib.a(utils.o)
                0x000000000043b004                get_prefix
 .text.get_u32  0x000000000043b07c       0x98 networking/libiproute/lib.a(utils.o)
                0x000000000043b07c                get_u32
 .text.get_unsigned
                0x000000000043b114       0x98 networking/libiproute/lib.a(utils.o)
                0x000000000043b114                get_unsigned
 .text.free_main
                0x000000000043b1ac      0x270 procps/lib.a(free.o)
                0x000000000043b1ac                free_main
 .text.kill_main
                0x000000000043b41c      0x49c procps/lib.a(kill.o)
                0x000000000043b41c                kill_main
 .text.ps_main  0x000000000043b8b8      0x1c8 procps/lib.a(ps.o)
                0x000000000043b8b8                ps_main
 .text.dwrite_str
                0x000000000043ba80       0x5c procps/lib.a(sysctl.o)
 .text.sysctl_write_setting
                0x000000000043badc      0x2e8 procps/lib.a(sysctl.o)
 .text.sysctl_read_setting
                0x000000000043bdc4      0x288 procps/lib.a(sysctl.o)
 .text.sysctl_display_all
                0x000000000043c04c      0x1a8 procps/lib.a(sysctl.o)
 .text.sysctl_main
                0x000000000043c1f4      0x3c8 procps/lib.a(sysctl.o)
                0x000000000043c1f4                sysctl_main
 .text.pid_sort
                0x000000000043c5bc       0x10 procps/lib.a(top.o)
 .text.mem_sort
                0x000000000043c5cc       0x2c procps/lib.a(top.o)
 .text.pcpu_sort
                0x000000000043c5f8       0x10 procps/lib.a(top.o)
 .text.time_sort
                0x000000000043c608       0x2c procps/lib.a(top.o)
 .text.mult_lvl_cmp
                0x000000000043c634       0x7c procps/lib.a(top.o)
 .text.reset_term
                0x000000000043c6b0       0x24 procps/lib.a(top.o)
 .text.fmt_100percent_8
                0x000000000043c6d4      0x128 procps/lib.a(top.o)
 .text.do_stats
                0x000000000043c7fc      0x2fc procps/lib.a(top.o)
 .text.display_status
                0x000000000043caf8      0x8c0 procps/lib.a(top.o)
 .text.clearmems
                0x000000000043d3b8       0x60 procps/lib.a(top.o)
 .text.sig_catcher
                0x000000000043d418       0x44 procps/lib.a(top.o)
 .text.top_main
                0x000000000043d45c      0x61c procps/lib.a(top.o)
                0x000000000043d45c                top_main
 .text.uptime_main
                0x000000000043da78      0x23c procps/lib.a(uptime.o)
                0x000000000043da78                uptime_main
 .text.stunalloc
                0x000000000043dcb4       0x30 shell/lib.a(ash.o)
 .text.setstackmark
                0x000000000043dce4       0x44 shell/lib.a(ash.o)
 .text.prefix   0x000000000043dd28       0x3c shell/lib.a(ash.o)
 .text.is_number
                0x000000000043dd64       0x34 shell/lib.a(ash.o)
 .text.varcmp   0x000000000043dd98       0x60 shell/lib.a(ash.o)
 .text.varequal
                0x000000000043ddf8       0x40 shell/lib.a(ash.o)
 .text.hashvar  0x000000000043de38       0x80 shell/lib.a(ash.o)
 .text.vpcmp    0x000000000043deb8       0x24 shell/lib.a(ash.o)
 .text.findvar  0x000000000043dedc       0x84 shell/lib.a(ash.o)
 .text.setprompt
                0x000000000043df60       0x6c shell/lib.a(ash.o)
 .text.set_curjob
                0x000000000043dfcc       0xa0 shell/lib.a(ash.o)
 .text.jobno    0x000000000043e06c       0x34 shell/lib.a(ash.o)
 .text.getstatus
                0x000000000043e0a0       0x74 shell/lib.a(ash.o)
 .text.falsecmd
                0x000000000043e114        0x8 shell/lib.a(ash.o)
 .text.truecmd  0x000000000043e11c        0x8 shell/lib.a(ash.o)
 .text.bltincmd
                0x000000000043e124       0x20 shell/lib.a(ash.o)
 .text.pungetc  0x000000000043e144       0x30 shell/lib.a(ash.o)
 .text.freeparam
                0x000000000043e174       0x90 shell/lib.a(ash.o)
 .text.freefunc
                0x000000000043e204       0x40 shell/lib.a(ash.o)
 .text.ignoresig
                0x000000000043e244       0x74 shell/lib.a(ash.o)
 .text.raise_exception
                0x000000000043e2b8       0x50 shell/lib.a(ash.o)
 .text.raise_interrupt
                0x000000000043e308       0xfc shell/lib.a(ash.o)
 .text.onsig    0x000000000043e404       0xb0 shell/lib.a(ash.o)
 .text.force_int_on
                0x000000000043e4b4       0x60 shell/lib.a(ash.o)
 .text.int_on   0x000000000043e514       0x7c shell/lib.a(ash.o)
 .text.popstring
                0x000000000043e590       0x8c shell/lib.a(ash.o)
 .text.popfile  0x000000000043e61c      0x124 shell/lib.a(ash.o)
 .text.popallfiles
                0x000000000043e740       0x70 shell/lib.a(ash.o)
 .text.delete_cmd_entry
                0x000000000043e7b0       0xac shell/lib.a(ash.o)
 .text.clearcmdentry
                0x000000000043e85c      0x108 shell/lib.a(ash.o)
 .text.changepath
                0x000000000043e964      0x184 shell/lib.a(ash.o)
 .text.removerecordregions
                0x000000000043eae8      0x1e8 shell/lib.a(ash.o)
 .text.freejob  0x000000000043ecd0      0x100 shell/lib.a(ash.o)
 .text.popstackmark
                0x000000000043edd0       0xdc shell/lib.a(ash.o)
 .text.pstrcmp  0x000000000043eeac       0x20 shell/lib.a(ash.o)
 .text.msort    0x000000000043eecc      0x12c shell/lib.a(ash.o)
 .text.flush_stderr
                0x000000000043eff8       0x60 shell/lib.a(ash.o)
 .text.flush_stdout_stderr
                0x000000000043f058       0x84 shell/lib.a(ash.o)
 .text.outcslow
                0x000000000043f0dc       0xb8 shell/lib.a(ash.o)
 .text.showpipe
                0x000000000043f194       0xb4 shell/lib.a(ash.o)
 .text.ash_vmsg
                0x000000000043f248      0x16c shell/lib.a(ash.o)
 .text.ash_vmsg_and_raise
                0x000000000043f3b4       0x6c shell/lib.a(ash.o)
 .text.ash_msg_and_raise
                0x000000000043f420       0x38 shell/lib.a(ash.o)
 .text.ash_msg_and_raise_error
                0x000000000043f458       0x44 shell/lib.a(ash.o)
 .text.raise_error_syntax
                0x000000000043f49c       0x30 shell/lib.a(ash.o)
 .text.varunset
                0x000000000043f4cc       0x8c shell/lib.a(ash.o)
 .text.copyfd   0x000000000043f558       0x84 shell/lib.a(ash.o)
 .text.popredir
                0x000000000043f5dc      0x14c shell/lib.a(ash.o)
 .text.clearredir
                0x000000000043f728       0x80 shell/lib.a(ash.o)
 .text.nextopt  0x000000000043f7a8      0x174 shell/lib.a(ash.o)
 .text.cdopt    0x000000000043f91c       0x8c shell/lib.a(ash.o)
 .text.SIT      0x000000000043f9a8       0xd0 shell/lib.a(ash.o)
 .text.lookupvar
                0x000000000043fa78       0xa0 shell/lib.a(ash.o)
 .text.bltinlookup
                0x000000000043fb18       0xbc shell/lib.a(ash.o)
 .text.ckrealloc
                0x000000000043fbd4       0x58 shell/lib.a(ash.o)
 .text.ckmalloc
                0x000000000043fc2c       0x20 shell/lib.a(ash.o)
 .text.pushfile
                0x000000000043fc4c       0x9c shell/lib.a(ash.o)
 .text.recordregion
                0x000000000043fce8       0xd8 shell/lib.a(ash.o)
 .text.stalloc  0x000000000043fdc0      0x118 shell/lib.a(ash.o)
 .text.makename
                0x000000000043fed8       0x70 shell/lib.a(ash.o)
 .text.fixredir
                0x000000000043ff48       0xc4 shell/lib.a(ash.o)
 .text.ckstrdup
                0x000000000044000c       0x58 shell/lib.a(ash.o)
 .text.setparam
                0x0000000000440064       0xf0 shell/lib.a(ash.o)
 .text.setvareq
                0x0000000000440154      0x1dc shell/lib.a(ash.o)
 .text.listsetvar
                0x0000000000440330       0xa8 shell/lib.a(ash.o)
 .text.setinputstring
                0x00000000004403d8       0xa0 shell/lib.a(ash.o)
 .text.calcsize
                0x0000000000440478      0x1c0 shell/lib.a(ash.o)
 .text.sizenodelist
                0x0000000000440638       0x78 shell/lib.a(ash.o)
 .text.growstackblock
                0x00000000004406b0      0x1cc shell/lib.a(ash.o)
 .text.makestrspace
                0x000000000044087c       0x9c shell/lib.a(ash.o)
 .text.memtodest
                0x0000000000440918      0x10c shell/lib.a(ash.o)
 .text.cmdputs  0x0000000000440a24      0x280 shell/lib.a(ash.o)
 .text.cmdlist  0x0000000000440ca4       0xc0 shell/lib.a(ash.o)
 .text.cmdtxt   0x0000000000440d64      0x51c shell/lib.a(ash.o)
 .text.stack_nputstr
                0x0000000000441280       0x70 shell/lib.a(ash.o)
 .text.stack_putstr
                0x00000000004412f0       0x5c shell/lib.a(ash.o)
 .text.ststrdup
                0x000000000044134c       0x74 shell/lib.a(ash.o)
 .text.addfname
                0x00000000004413c0       0x80 shell/lib.a(ash.o)
 .text.endofname
                0x0000000000441440       0x94 shell/lib.a(ash.o)
 .text.goodname
                0x00000000004414d4       0x44 shell/lib.a(ash.o)
 .text.isassignment
                0x0000000000441518       0x64 shell/lib.a(ash.o)
 .text.setvar   0x000000000044157c      0x18c shell/lib.a(ash.o)
 .text.localcmd
                0x0000000000441708      0x240 shell/lib.a(ash.o)
 .text.unsetvar
                0x0000000000441948      0x14c shell/lib.a(ash.o)
 .text.setpwd   0x0000000000441a94      0x19c shell/lib.a(ash.o)
 .text.outstr   0x0000000000441c30       0x5c shell/lib.a(ash.o)
 .text.out2str  0x0000000000441c8c       0x4c shell/lib.a(ash.o)
 .text.stoppedjobs
                0x0000000000441cd8       0xa0 shell/lib.a(ash.o)
 .text.out1str  0x0000000000441d78       0x24 shell/lib.a(ash.o)
 .text.ash_msg  0x0000000000441d9c       0x50 shell/lib.a(ash.o)
 .text.out1fmt  0x0000000000441dec       0x80 shell/lib.a(ash.o)
 .text.printlim
                0x0000000000441e6c       0xa8 shell/lib.a(ash.o)
 .text.helpcmd  0x0000000000441f14      0x100 shell/lib.a(ash.o)
 .text.options  0x0000000000442014      0x378 shell/lib.a(ash.o)
 .text.pwdcmd   0x000000000044238c       0xac shell/lib.a(ash.o)
 .text.setinputfile
                0x0000000000442438      0x1c0 shell/lib.a(ash.o)
 .text.setsignal
                0x00000000004425f8      0x270 shell/lib.a(ash.o)
 .text.xtcsetpgrp
                0x0000000000442868       0x5c shell/lib.a(ash.o)
 .text.setjobctl
                0x00000000004428c4      0x2d0 shell/lib.a(ash.o)
 .text.optschanged
                0x0000000000442b94       0xf4 shell/lib.a(ash.o)
 .text.pgetc    0x0000000000442c88      0x400 shell/lib.a(ash.o)
 .text.pgetc2   0x0000000000443088       0x20 shell/lib.a(ash.o)
 .text.growstackstr
                0x00000000004430a8       0xb0 shell/lib.a(ash.o)
 .text.listvars
                0x0000000000443158      0x158 shell/lib.a(ash.o)
 .text._STPUTC  0x00000000004432b0       0x68 shell/lib.a(ash.o)
 .text.tokname  0x0000000000443318       0x90 shell/lib.a(ash.o)
 .text.raise_error_unexpected_syntax
                0x00000000004433a8       0xc4 shell/lib.a(ash.o)
 .text.find_builtin
                0x000000000044346c       0x50 shell/lib.a(ash.o)
 .text.findkwd  0x00000000004434bc       0x50 shell/lib.a(ash.o)
 .text.getjob   0x000000000044350c      0x250 shell/lib.a(ash.o)
 .text.number   0x000000000044375c       0x68 shell/lib.a(ash.o)
 .text.exitcmd  0x00000000004437c4       0x9c shell/lib.a(ash.o)
 .text.shiftcmd
                0x0000000000443860      0x134 shell/lib.a(ash.o)
 .text.breakcmd
                0x0000000000443994       0xd0 shell/lib.a(ash.o)
 .text.returncmd
                0x0000000000443a64       0x64 shell/lib.a(ash.o)
 .text.fmtstr   0x0000000000443ac8       0x7c shell/lib.a(ash.o)
 .text.cvtnum   0x0000000000443b44       0x88 shell/lib.a(ash.o)
 .text.sprint_status
                0x0000000000443bcc      0x16c shell/lib.a(ash.o)
 .text.dowait   0x0000000000443d38      0x234 shell/lib.a(ash.o)
 .text.waitforjob
                0x0000000000443f6c      0x10c shell/lib.a(ash.o)
 .text.fg_bgcmd
                0x0000000000444078      0x24c shell/lib.a(ash.o)
 .text.waitcmd  0x00000000004442c4      0x258 shell/lib.a(ash.o)
 .text.nodeckstrdup
                0x000000000044451c       0x8c shell/lib.a(ash.o)
 .text.copynode
                0x00000000004445a8      0x20c shell/lib.a(ash.o)
 .text.copynodelist
                0x00000000004447b4       0x9c shell/lib.a(ash.o)
 .text.cmdlookup
                0x0000000000444850      0x164 shell/lib.a(ash.o)
 .text.unsetcmd
                0x00000000004449b4      0x138 shell/lib.a(ash.o)
 .text.showjob  0x0000000000444aec      0x2cc shell/lib.a(ash.o)
 .text.showjobs
                0x0000000000444db8       0xd4 shell/lib.a(ash.o)
 .text.jobscmd  0x0000000000444e8c      0x130 shell/lib.a(ash.o)
 .text.padvance
                0x0000000000444fbc      0x1d8 shell/lib.a(ash.o)
 .text.umaskcmd
                0x0000000000445194      0x2b4 shell/lib.a(ash.o)
 .text.ulimitcmd
                0x0000000000445448      0x350 shell/lib.a(ash.o)
 .text.errmsg   0x0000000000445798       0x3c shell/lib.a(ash.o)
 .text.single_quote
                0x00000000004457d4      0x158 shell/lib.a(ash.o)
 .text.trapcmd  0x000000000044592c      0x268 shell/lib.a(ash.o)
 .text.timescmd
                0x0000000000445b94      0x15c shell/lib.a(ash.o)
 .text.showvars
                0x0000000000445cf0      0x174 shell/lib.a(ash.o)
 .text.exportcmd
                0x0000000000445e64      0x194 shell/lib.a(ash.o)
 .text.setcmd   0x0000000000445ff8       0xf8 shell/lib.a(ash.o)
 .text.readcmd  0x00000000004460f0      0x3a8 shell/lib.a(ash.o)
 .text.killcmd  0x0000000000446498      0x104 shell/lib.a(ash.o)
 .text.tryexec  0x000000000044659c      0x14c shell/lib.a(ash.o)
 .text.shellexec
                0x00000000004466e8      0x1f8 shell/lib.a(ash.o)
 .text.execcmd  0x00000000004468e0       0x7c shell/lib.a(ash.o)
 .text.echocmd  0x000000000044695c       0x1c shell/lib.a(ash.o)
 .text.cdcmd    0x0000000000446978      0x5b4 shell/lib.a(ash.o)
 .text.testcmd  0x0000000000446f2c       0x1c shell/lib.a(ash.o)
 .text._rmescapes
                0x0000000000446f48      0x1d4 shell/lib.a(ash.o)
 .text.parsefname
                0x000000000044711c      0x210 shell/lib.a(ash.o)
 .text.parse_command
                0x000000000044732c      0xa50 shell/lib.a(ash.o)
 .text.pipeline
                0x0000000000447d7c      0x1e4 shell/lib.a(ash.o)
 .text.list     0x0000000000447f60      0x30c shell/lib.a(ash.o)
 .text.readtoken1
                0x000000000044826c     0x1270 shell/lib.a(ash.o)
 .text.parseheredoc
                0x00000000004494dc      0x138 shell/lib.a(ash.o)
 .text.xxreadtoken
                0x0000000000449614      0x2f8 shell/lib.a(ash.o)
 .text.readtoken
                0x000000000044990c      0x148 shell/lib.a(ash.o)
 .text.parsecmd
                0x0000000000449a54       0xbc shell/lib.a(ash.o)
 .text.peektoken
                0x0000000000449b10       0x68 shell/lib.a(ash.o)
 .text.preglob  0x0000000000449b78       0x2c shell/lib.a(ash.o)
 .text.makejob  0x0000000000449ba4      0x238 shell/lib.a(ash.o)
 .text.scanright
                0x0000000000449ddc      0x130 shell/lib.a(ash.o)
 .text.scanleft
                0x0000000000449f0c       0xd8 shell/lib.a(ash.o)
 .text.forkshell
                0x0000000000449fe4      0x508 shell/lib.a(ash.o)
 .text.expmeta  0x000000000044a4ec      0x3d8 shell/lib.a(ash.o)
 .text.redirect
                0x000000000044a8c4      0x6fc shell/lib.a(ash.o)
 .text.redirectsafe
                0x000000000044afc0      0x110 shell/lib.a(ash.o)
 .text.evaltree
                0x000000000044b0d0      0x4cc shell/lib.a(ash.o)
 .text.cmdloop  0x000000000044b59c      0x1e0 shell/lib.a(ash.o)
 .text.find_command
                0x000000000044b77c      0x630 shell/lib.a(ash.o)
 .text.describe_command
                0x000000000044bdac      0x2e4 shell/lib.a(ash.o)
 .text.commandcmd
                0x000000000044c090       0xc4 shell/lib.a(ash.o)
 .text.typecmd  0x000000000044c154       0xcc shell/lib.a(ash.o)
 .text.hashcmd  0x000000000044c220      0x294 shell/lib.a(ash.o)
 .text.dotcmd   0x000000000044c4b4      0x26c shell/lib.a(ash.o)
 .text.evalstring
                0x000000000044c720      0x130 shell/lib.a(ash.o)
 .text.exitshell
                0x000000000044c850       0xe8 shell/lib.a(ash.o)
 .text.read_profile
                0x000000000044c938       0x9c shell/lib.a(ash.o)
 .text.ash_main
                0x000000000044c9d4      0x7f0 shell/lib.a(ash.o)
                0x000000000044c9d4                ash_main
 .text.evalcmd  0x000000000044d1c4      0x110 shell/lib.a(ash.o)
 .text.evalfun  0x000000000044d2d4      0x380 shell/lib.a(ash.o)
 .text.evalloop
                0x000000000044d654      0x160 shell/lib.a(ash.o)
 .text.argstr   0x000000000044d7b4      0x79c shell/lib.a(ash.o)
 .text.expandarg
                0x000000000044df50      0x644 shell/lib.a(ash.o)
 .text.expredir
                0x000000000044e594      0x124 shell/lib.a(ash.o)
 .text.evalsubshell
                0x000000000044e6b8      0x174 shell/lib.a(ash.o)
 .text.evalcase
                0x000000000044e82c      0x244 shell/lib.a(ash.o)
 .text.evalfor  0x000000000044ea70      0x1cc shell/lib.a(ash.o)
 .text.subevalvar
                0x000000000044ec3c      0x240 shell/lib.a(ash.o)
 .text.evalvar  0x000000000044ee7c      0x848 shell/lib.a(ash.o)
 .text.evalpipe
                0x000000000044f6c4      0x330 shell/lib.a(ash.o)
 .text.evalbltin
                0x000000000044f9f4      0x154 shell/lib.a(ash.o)
 .text.evalcommand
                0x000000000044fb48      0x81c shell/lib.a(ash.o)
 .text.klogd_main
                0x0000000000450364      0x2d8 sysklogd/lib.a(klogd.o)
                0x0000000000450364                klogd_main
 .text.klogd_signal
                0x000000000045063c       0x84 sysklogd/lib.a(klogd.o)
 .text.error_exit
                0x00000000004506c0       0x4c sysklogd/lib.a(logread.o)
 .text.sem_up   0x000000000045070c       0x64 sysklogd/lib.a(logread.o)
 .text.logread_main
                0x0000000000450770      0x350 sysklogd/lib.a(logread.o)
                0x0000000000450770                logread_main
 .text.interrupted
                0x0000000000450ac0       0x5c sysklogd/lib.a(logread.o)
 .text.log_locally
                0x0000000000450b1c      0x4a4 sysklogd/lib.a(syslogd.o)
 .text.timestamp_and_log
                0x0000000000450fc0      0x248 sysklogd/lib.a(syslogd.o)
 .text.quit_signal
                0x0000000000451208       0xec sysklogd/lib.a(syslogd.o)
 .text.syslogd_main
                0x00000000004512f4      0x8d4 sysklogd/lib.a(syslogd.o)
                0x00000000004512f4                syslogd_main
 .text.dmesg_main
                0x0000000000451bc8      0x260 util-linux/lib.a(dmesg.o)
                0x0000000000451bc8                dmesg_main
 .text.more_main
                0x0000000000451e28      0x648 util-linux/lib.a(more.o)
                0x0000000000451e28                more_main
 .text.gotsig   0x0000000000452470       0xb4 util-linux/lib.a(more.o)
 .text.append_mount_options
                0x0000000000452524      0x1a4 util-linux/lib.a(mount.o)
 .text.parse_mount_options
                0x00000000004526c8      0x19c util-linux/lib.a(mount.o)
 .text.error_msg_rpc
                0x0000000000452864       0x9c util-linux/lib.a(mount.o)
 .text.mount_it_now
                0x0000000000452900      0x108 util-linux/lib.a(mount.o)
 .text.nfs_strerror
                0x0000000000452a08       0xa0 util-linux/lib.a(mount.o)
 .text.daemonize
                0x0000000000452aa8      0x14c util-linux/lib.a(mount.o)
 .text.xdr_fhstatus
                0x0000000000452bf4       0x7c util-linux/lib.a(mount.o)
 .text.xdr_mountres3
                0x0000000000452c70       0xcc util-linux/lib.a(mount.o)
 .text.xdr_dirpath
                0x0000000000452d3c       0x3c util-linux/lib.a(mount.o)
 .text.singlemount
                0x0000000000452d78     0x19f0 util-linux/lib.a(mount.o)
 .text.mount_main
                0x0000000000454768      0x644 util-linux/lib.a(mount.o)
                0x0000000000454768                mount_main
 .text.pivot_root_main
                0x0000000000454dac       0x70 util-linux/lib.a(pivot_root.o)
                0x0000000000454dac                pivot_root_main
 .text.socket_timeout
                0x0000000000454e1c       0x2c util-linux/lib.a(rdate.o)
 .text.rdate_main
                0x0000000000454e48      0x22c util-linux/lib.a(rdate.o)
                0x0000000000454e48                rdate_main
 .text.umount_main
                0x0000000000455074      0x468 util-linux/lib.a(umount.o)
                0x0000000000455074                umount_main
 .text.askpass_timeout
                0x00000000004554dc        0x8 libbb/lib.a(bb_askpass.o)
 .text.bb_askpass
                0x00000000004554e4      0x2ac libbb/lib.a(bb_askpass.o)
                0x00000000004554e4                bb_askpass
 .text.bb_do_delay
                0x0000000000455790       0xc4 libbb/lib.a(bb_do_delay.o)
                0x0000000000455790                bb_do_delay
 .text.create_icmp6_socket
                0x0000000000455854       0xe0 libbb/lib.a(create_icmp6_socket.o)
                0x0000000000455854                create_icmp6_socket
 .text.create_icmp_socket
                0x0000000000455934       0xe0 libbb/lib.a(create_icmp_socket.o)
                0x0000000000455934                create_icmp_socket
 .text.i64c     0x0000000000455a14       0x48 libbb/lib.a(crypt_make_salt.o)
 .text.crypt_make_salt
                0x0000000000455a5c      0x108 libbb/lib.a(crypt_make_salt.o)
                0x0000000000455a5c                crypt_make_salt
 .text.device_open
                0x0000000000455b64       0xbc libbb/lib.a(device_open.o)
                0x0000000000455b64                device_open
 .text.find_pid_by_name
                0x0000000000455c20      0x134 libbb/lib.a(find_pid_by_name.o)
                0x0000000000455c20                find_pid_by_name
 .text.bb_herror_msg
                0x0000000000455d54       0x88 libbb/lib.a(herror_msg.o)
                0x0000000000455d54                bb_herror_msg
 .text.bb_herror_msg_and_die
                0x0000000000455ddc       0x88 libbb/lib.a(herror_msg_and_die.o)
                0x0000000000455ddc                bb_herror_msg_and_die
 .text.INET6_rresolve
                0x0000000000455e64      0x158 libbb/lib.a(inet_common.o)
                0x0000000000455e64                INET6_rresolve
 .text.INET6_resolve
                0x0000000000455fbc      0x11c libbb/lib.a(inet_common.o)
                0x0000000000455fbc                INET6_resolve
 .text.INET_rresolve
                0x00000000004560d8      0x24c libbb/lib.a(inet_common.o)
                0x00000000004560d8                INET_rresolve
 .text.INET_resolve
                0x0000000000456324       0xd4 libbb/lib.a(inet_common.o)
                0x0000000000456324                INET_resolve
 .text.bb_info_msg
                0x00000000004563f8       0xc4 libbb/lib.a(info_msg.o)
                0x00000000004563f8                bb_info_msg
 .text.get_linux_version_code
                0x00000000004564bc       0xd0 libbb/lib.a(kernel_version.o)
                0x00000000004564bc                get_linux_version_code
 .text.new_line_input_t
                0x000000000045658c       0x44 libbb/lib.a(lineedit.o)
                0x000000000045658c                new_line_input_t
 .text.put_prompt
                0x00000000004565d0       0x7c libbb/lib.a(lineedit.o)
 .text.beep     0x000000000045664c       0x70 libbb/lib.a(lineedit.o)
 .text.cmdedit_set_out_char
                0x00000000004566bc      0x1ec libbb/lib.a(lineedit.o)
 .text.input_end
                0x00000000004568a8       0x74 libbb/lib.a(lineedit.o)
 .text.goto_new_line
                0x000000000045691c       0xc4 libbb/lib.a(lineedit.o)
 .text.get_previous_history
                0x00000000004569e0       0xf4 libbb/lib.a(lineedit.o)
 .text.get_next_history
                0x0000000000456ad4       0xb8 libbb/lib.a(lineedit.o)
 .text.input_backward
                0x0000000000456b8c       0xe4 libbb/lib.a(lineedit.o)
 .text.input_delete
                0x0000000000456c70       0xd8 libbb/lib.a(lineedit.o)
 .text.input_backspace
                0x0000000000456d48       0x70 libbb/lib.a(lineedit.o)
 .text.redraw   0x0000000000456db8      0x11c libbb/lib.a(lineedit.o)
 .text.win_changed
                0x0000000000456ed4      0x10c libbb/lib.a(lineedit.o)
 .text.read_line_input
                0x0000000000456fe0      0x85c libbb/lib.a(lineedit.o)
                0x0000000000456fe0                read_line_input
 .text.print_login_issue
                0x000000000045783c      0x3bc libbb/lib.a(login.o)
                0x000000000045783c                print_login_issue
 .text.del_loop
                0x0000000000457bf8       0x8c libbb/lib.a(loop.o)
                0x0000000000457bf8                del_loop
 .text.set_loop
                0x0000000000457c84      0x3a4 libbb/lib.a(loop.o)
                0x0000000000457c84                set_loop
 .text.match_fstype
                0x0000000000458028      0x104 libbb/lib.a(match_fstype.o)
                0x0000000000458028                match_fstype
 .text.string_checker_helper
                0x000000000045812c       0x94 libbb/lib.a(obscure.o)
 .text.string_checker
                0x00000000004581c0      0x138 libbb/lib.a(obscure.o)
 .text.obscure  0x00000000004582f8      0x2c8 libbb/lib.a(obscure.o)
                0x00000000004582f8                obscure
 .text.write_pidfile
                0x00000000004585c0      0x104 libbb/lib.a(pidfile.o)
                0x00000000004585c0                write_pidfile
 .text.pw_encrypt
                0x00000000004586c4       0x8c libbb/lib.a(pw_encrypt.o)
                0x00000000004586c4                pw_encrypt
 .text.bb_simplify_path
                0x0000000000458750      0x178 libbb/lib.a(simplify_path.o)
                0x0000000000458750                bb_simplify_path
 .text.str_tolower
                0x00000000004588c8       0x4c libbb/lib.a(str_tolower.o)
                0x00000000004588c8                str_tolower
 .text.monotonic_sec
                0x0000000000458914       0x1c libbb/lib.a(time.o)
                0x0000000000458914                monotonic_sec
 .text.monotonic_us
                0x0000000000458930       0x70 libbb/lib.a(time.o)
                0x0000000000458930                monotonic_us
 .text.trim     0x00000000004589a0       0xc4 libbb/lib.a(trim.o)
                0x00000000004589a0                trim
 .text.get_signame