Archive member included because of file (symbol)

archival/libunarchive/lib.a(decompress_bunzip2.o)
                              applets/built-in.o (dealloc_bunzip)
console-tools/lib.a(clear.o)  applets/built-in.o (clear_main)
console-tools/lib.a(reset.o)  applets/built-in.o (reset_main)
coreutils/lib.a(basename.o)   applets/built-in.o (basename_main)
coreutils/lib.a(cat.o)        applets/built-in.o (cat_main)
coreutils/lib.a(chmod.o)      applets/built-in.o (chmod_main)
coreutils/lib.a(cp.o)         applets/built-in.o (cp_main)
coreutils/lib.a(cut.o)        applets/built-in.o (cut_main)
coreutils/lib.a(date.o)       applets/built-in.o (date_main)
coreutils/lib.a(df.o)         applets/built-in.o (df_main)
coreutils/lib.a(dirname.o)    applets/built-in.o (dirname_main)
coreutils/lib.a(du.o)         applets/built-in.o (du_main)
coreutils/lib.a(echo.o)       applets/built-in.o (echo_main)
coreutils/lib.a(env.o)        applets/built-in.o (env_main)
coreutils/lib.a(expr.o)       applets/built-in.o (expr_main)
coreutils/lib.a(false.o)      applets/built-in.o (false_main)
coreutils/lib.a(head.o)       applets/built-in.o (head_main)
coreutils/lib.a(hostid.o)     applets/built-in.o (hostid_main)
coreutils/lib.a(id.o)         applets/built-in.o (id_main)
coreutils/lib.a(ls.o)         applets/built-in.o (ls_main)
coreutils/lib.a(md5_sha1_sum.o)
                              applets/built-in.o (md5_sha1_sum_main)
coreutils/lib.a(mkdir.o)      applets/built-in.o (mkdir_main)
coreutils/lib.a(mkfifo.o)     applets/built-in.o (mkfifo_main)
coreutils/lib.a(mknod.o)      applets/built-in.o (mknod_main)
coreutils/lib.a(mv.o)         applets/built-in.o (mv_main)
coreutils/lib.a(printf.o)     applets/built-in.o (printf_main)
coreutils/lib.a(pwd.o)        applets/built-in.o (pwd_main)
coreutils/lib.a(rm.o)         applets/built-in.o (rm_main)
coreutils/lib.a(rmdir.o)      applets/built-in.o (rmdir_main)
coreutils/lib.a(sleep.o)      applets/built-in.o (sleep_main)
coreutils/lib.a(tail.o)       applets/built-in.o (tail_main)
coreutils/lib.a(test.o)       applets/built-in.o (test_main)
coreutils/lib.a(touch.o)      applets/built-in.o (touch_main)
coreutils/lib.a(true.o)       applets/built-in.o (true_main)
coreutils/lib.a(uname.o)      applets/built-in.o (uname_main)
coreutils/lib.a(usleep.o)     applets/built-in.o (usleep_main)
coreutils/lib.a(yes.o)        applets/built-in.o (yes_main)
coreutils/libcoreutils/lib.a(cp_mv_stat.o)
                              coreutils/lib.a(cp.o) (cp_mv_stat2)
coreutils/libcoreutils/lib.a(getopt_mk_fifo_nod.o)
                              coreutils/lib.a(mkfifo.o) (getopt_mk_fifo_nod)
editors/lib.a(awk.o)          applets/built-in.o (awk_main)
editors/lib.a(sed.o)          applets/built-in.o (sed_main)
editors/lib.a(vi.o)           applets/built-in.o (vi_main)
findutils/lib.a(find.o)       applets/built-in.o (find_main)
findutils/lib.a(grep.o)       applets/built-in.o (grep_main)
findutils/lib.a(xargs.o)      applets/built-in.o (xargs_main)
init/lib.a(halt.o)            applets/built-in.o (halt_main)
libbb/lib.a(ask_confirmation.o)
                              coreutils/lib.a(mv.o) (bb_ask_confirmation)
libbb/lib.a(bb_basename.o)    applets/built-in.o (bb_basename)
libbb/lib.a(bb_pwd.o)         coreutils/lib.a(id.o) (xuname2uid)
libbb/lib.a(bb_strtonum.o)    coreutils/lib.a(printf.o) (bb_strtol)
libbb/lib.a(compare_string_array.o)
                              coreutils/lib.a(expr.o) (index_in_strings)
libbb/lib.a(concat_path_file.o)
                              coreutils/lib.a(cp.o) (concat_path_file)
libbb/lib.a(concat_subpath_file.o)
                              coreutils/lib.a(du.o) (concat_subpath_file)
libbb/lib.a(copy_file.o)      coreutils/lib.a(cp.o) (copy_file)
libbb/lib.a(copyfd.o)         coreutils/lib.a(cat.o) (bb_copyfd_eof)
libbb/lib.a(crc32.o)          archival/libunarchive/lib.a(decompress_bunzip2.o) (crc32_filltable)
libbb/lib.a(default_error_retval.o)
                              applets/built-in.o (xfunc_error_retval)
libbb/lib.a(error_msg.o)      archival/libunarchive/lib.a(decompress_bunzip2.o) (bb_error_msg)
libbb/lib.a(error_msg_and_die.o)
                              applets/built-in.o (xfunc_die)
libbb/lib.a(fclose_nonstdin.o)
                              coreutils/lib.a(head.o) (fclose_if_not_stdin)
libbb/lib.a(fflush_stdout_and_exit.o)
                              coreutils/lib.a(df.o) (fflush_stdout_and_exit)
libbb/lib.a(find_mount_point.o)
                              coreutils/lib.a(df.o) (find_mount_point)
libbb/lib.a(find_root_device.o)
                              coreutils/lib.a(df.o) (find_block_device)
libbb/lib.a(full_write.o)     libbb/lib.a(copyfd.o) (full_write)
libbb/lib.a(get_last_path_component.o)
                              coreutils/lib.a(basename.o) (bb_get_last_path_component)
libbb/lib.a(get_line_from_file.o)
                              editors/lib.a(sed.o) (bb_get_chunk_from_file)
[...]
Memory Configuration

Name             Origin             Length             Attributes
*default*        0x0000000000000000 0xffffffffffffffff

Linker script and memory map

LOAD /opt/toolchains/hndtools-mipsel-linux-uclibc-4.2.3/lib/gcc/mipsel-linux-uclibc/4.2.3/../../../../mipsel-linux-uclibc/lib/crt1.o
LOAD /opt/toolchains/hndtools-mipsel-linux-uclibc-4.2.3/lib/gcc/mipsel-linux-uclibc/4.2.3/../../../../mipsel-linux-uclibc/lib/crti.o
LOAD /opt/toolchains/hndtools-mipsel-linux-uclibc-4.2.3/lib/gcc/mipsel-linux-uclibc/4.2.3/crtbegin.o
START GROUP
LOAD applets/built-in.o
LOAD archival/lib.a
LOAD archival/libunarchive/lib.a
LOAD console-tools/lib.a
LOAD coreutils/lib.a
LOAD coreutils/libcoreutils/lib.a
LOAD debianutils/lib.a
LOAD e2fsprogs/lib.a
LOAD editors/lib.a
LOAD findutils/lib.a
LOAD init/lib.a
LOAD ipsvd/lib.a
LOAD libbb/lib.a
LOAD libpwdgrp/lib.a
LOAD loginutils/lib.a
LOAD miscutils/lib.a
LOAD modutils/lib.a
LOAD networking/lib.a
LOAD networking/libiproute/lib.a
LOAD networking/udhcp/lib.a
LOAD procps/lib.a
LOAD runit/lib.a
LOAD selinux/lib.a
LOAD shell/lib.a
LOAD sysklogd/lib.a
LOAD util-linux/lib.a
LOAD archival/built-in.o
LOAD archival/libunarchive/built-in.o
LOAD console-tools/built-in.o
LOAD coreutils/built-in.o
LOAD coreutils/libcoreutils/built-in.o
LOAD debianutils/built-in.o
LOAD e2fsprogs/built-in.o
LOAD editors/built-in.o
LOAD findutils/built-in.o
LOAD init/built-in.o
LOAD ipsvd/built-in.o
LOAD libbb/built-in.o
LOAD libpwdgrp/built-in.o
LOAD loginutils/built-in.o
LOAD miscutils/built-in.o
LOAD modutils/built-in.o
LOAD networking/built-in.o
LOAD networking/libiproute/built-in.o
LOAD networking/udhcp/built-in.o
LOAD procps/built-in.o
LOAD runit/built-in.o
LOAD selinux/built-in.o
LOAD shell/built-in.o
LOAD sysklogd/built-in.o
LOAD util-linux/built-in.o
END GROUP
START GROUP
LOAD /opt/toolchains/hndtools-mipsel-linux-uclibc-4.2.3/lib/gcc/mipsel-linux-uclibc/4.2.3/../../../../mipsel-linux-uclibc/lib/libcrypt.so
LOAD /opt/toolchains/hndtools-mipsel-linux-uclibc-4.2.3/lib/gcc/mipsel-linux-uclibc/4.2.3/../../../../mipsel-linux-uclibc/lib/libm.so
END GROUP
LOAD /opt/toolchains/hndtools-mipsel-linux-uclibc-4.2.3/lib/gcc/mipsel-linux-uclibc/4.2.3/libgcc.a
LOAD /opt/toolchains/hndtools-mipsel-linux-uclibc-4.2.3/lib/gcc/mipsel-linux-uclibc/4.2.3/../../../../mipsel-linux-uclibc/lib/libgcc_s.so
LOAD /opt/toolchains/hndtools-mipsel-linux-uclibc-4.2.3/lib/gcc/mipsel-linux-uclibc/4.2.3/../../../../mipsel-linux-uclibc/lib/libc.so
START GROUP
LOAD /opt/toolchains/hndtools-mipsel-linux-uclibc-4.2.3/lib/libc.so.0
LOAD /opt/toolchains/hndtools-mipsel-linux-uclibc-4.2.3/lib/uclibc_nonshared.a
END GROUP
LOAD /opt/toolchains/hndtools-mipsel-linux-uclibc-4.2.3/lib/gcc/mipsel-linux-uclibc/4.2.3/libgcc.a
LOAD /opt/toolchains/hndtools-mipsel-linux-uclibc-4.2.3/lib/gcc/mipsel-linux-uclibc/4.2.3/../../../../mipsel-linux-uclibc/lib/libgcc_s.so
LOAD /opt/toolchains/hndtools-mipsel-linux-uclibc-4.2.3/lib/gcc/mipsel-linux-uclibc/4.2.3/crtend.o
LOAD /opt/toolchains/hndtools-mipsel-linux-uclibc-4.2.3/lib/gcc/mipsel-linux-uclibc/4.2.3/../../../../mipsel-linux-uclibc/lib/crtn.o
                0x0000000000400000                PROVIDE (__executable_start, 0x400000)
                0x00000000004000f4                . = (0x400000 + SIZEOF_HEADERS)

.interp         0x00000000004000f4       0x14
 *(.interp)
 .interp        0x00000000004000f4       0x14 /opt/toolchains/hndtools-mipsel-linux-uclibc-4.2.3/lib/gcc/mipsel-linux-uclibc/4.2.3/../../../../mipsel-linux-uclibc/lib/crt1.o

.reginfo
 *(.reginfo)

.dynamic        0x0000000000400108      0x108
 *(.dynamic)
 .dynamic       0x0000000000400108      0x108 /opt/toolchains/hndtools-mipsel-linux-uclibc-4.2.3/lib/gcc/mipsel-linux-uclibc/4.2.3/../../../../mipsel-linux-uclibc/lib/crt1.o
                0x0000000000400108                _DYNAMIC

.hash           0x0000000000400210     0x12e4
 *(.hash)
 .hash          0x0000000000400210     0x12e4 /opt/toolchains/hndtools-mipsel-linux-uclibc-4.2.3/lib/gcc/mipsel-linux-uclibc/4.2.3/../../../../mipsel-linux-uclibc/lib/crt1.o

.dynsym         0x00000000004014f4     0x2ae0
 *(.dynsym)
 .dynsym        0x00000000004014f4     0x2ae0 /opt/toolchains/hndtools-mipsel-linux-uclibc-4.2.3/lib/gcc/mipsel-linux-uclibc/4.2.3/../../../../mipsel-linux-uclibc/lib/crt1.o

.dynstr         0x0000000000403fd4     0x1c91
 *(.dynstr)
 .dynstr        0x0000000000403fd4     0x1c91 /opt/toolchains/hndtools-mipsel-linux-uclibc-4.2.3/lib/gcc/mipsel-linux-uclibc/4.2.3/../../../../mipsel-linux-uclibc/lib/crt1.o

.gnu.version    0x0000000000405c66      0x55c
 *(.gnu.version)
 .gnu.version   0x0000000000405c66      0x55c /opt/toolchains/hndtools-mipsel-linux-uclibc-4.2.3/lib/gcc/mipsel-linux-uclibc/4.2.3/../../../../mipsel-linux-uclibc/lib/crt1.o

.gnu.version_d  0x00000000004061c4        0x0
 *(.gnu.version_d)
 .gnu.version_d
                0x0000000000000000        0x0 /opt/toolchains/hndtools-mipsel-linux-uclibc-4.2.3/lib/gcc/mipsel-linux-uclibc/4.2.3/../../../../mipsel-linux-uclibc/lib/crt1.o

.gnu.version_r  0x00000000004061c4       0x20
 *(.gnu.version_r)
 .gnu.version_r
                0x00000000004061c4       0x20 /opt/toolchains/hndtools-mipsel-linux-uclibc-4.2.3/lib/gcc/mipsel-linux-uclibc/4.2.3/../../../../mipsel-linux-uclibc/lib/crt1.o

.rel.dyn        0x00000000004061e4        0x0
 *(.rel.init)
 *(.rel.text .rel.text.* .rel.gnu.linkonce.t.*)
 *(.rel.fini)
 *(.rel.rodata .rel.rodata.* .rel.gnu.linkonce.r.*)
 *(.rel.data.rel.ro* .rel.gnu.linkonce.d.rel.ro.*)
 *(.rel.data .rel.data.* .rel.gnu.linkonce.d.*)
 *(.rel.tdata .rel.tdata.* .rel.gnu.linkonce.td.*)
 *(.rel.tbss .rel.tbss.* .rel.gnu.linkonce.tb.*)
 *(.rel.ctors)
 *(.rel.dtors)
 *(.rel.got)
 *(.rel.sdata .rel.sdata.* .rel.gnu.linkonce.s.*)
 *(.rel.sbss .rel.sbss.* .rel.gnu.linkonce.sb.*)
 *(.rel.sdata2 .rel.sdata2.* .rel.gnu.linkonce.s2.*)
 *(.rel.sbss2 .rel.sbss2.* .rel.gnu.linkonce.sb2.*)
 *(.rel.bss .rel.bss.* .rel.gnu.linkonce.b.*)
 .rel.dyn       0x0000000000000000        0x0 /opt/toolchains/hndtools-mipsel-linux-uclibc-4.2.3/lib/gcc/mipsel-linux-uclibc/4.2.3/../../../../mipsel-linux-uclibc/lib/crt1.o

.rela.dyn
 *(.rela.init)
 *(.rela.text .rela.text.* .rela.gnu.linkonce.t.*)
 *(.rela.fini)
 *(.rela.rodata .rela.rodata.* .rela.gnu.linkonce.r.*)
 *(.rela.data .rela.data.* .rela.gnu.linkonce.d.*)
 *(.rela.tdata .rela.tdata.* .rela.gnu.linkonce.td.*)
 *(.rela.tbss .rela.tbss.* .rela.gnu.linkonce.tb.*)
 *(.rela.ctors)
 *(.rela.dtors)
 *(.rela.got)
 *(.rela.sdata .rela.sdata.* .rela.gnu.linkonce.s.*)
 *(.rela.sbss .rela.sbss.* .rela.gnu.linkonce.sb.*)
 *(.rela.sdata2 .rela.sdata2.* .rela.gnu.linkonce.s2.*)
 *(.rela.sbss2 .rela.sbss2.* .rela.gnu.linkonce.sb2.*)
 *(.rela.bss .rela.bss.* .rela.gnu.linkonce.b.*)

.rel.plt
 *(.rel.plt)

.rela.plt
 *(.rela.plt)

.init           0x00000000004061e4       0x88
 *(.init)
 .init          0x00000000004061e4       0x1c /opt/toolchains/hndtools-mipsel-linux-uclibc-4.2.3/lib/gcc/mipsel-linux-uclibc/4.2.3/../../../../mipsel-linux-uclibc/lib/crti.o
                0x00000000004061e4                _init
 .init          0x0000000000406200       0x30 /opt/toolchains/hndtools-mipsel-linux-uclibc-4.2.3/lib/gcc/mipsel-linux-uclibc/4.2.3/crtbegin.o
 .init          0x0000000000406230       0x30 /opt/toolchains/hndtools-mipsel-linux-uclibc-4.2.3/lib/gcc/mipsel-linux-uclibc/4.2.3/crtend.o
 .init          0x0000000000406260        0xc /opt/toolchains/hndtools-mipsel-linux-uclibc-4.2.3/lib/gcc/mipsel-linux-uclibc/4.2.3/../../../../mipsel-linux-uclibc/lib/crtn.o

.plt
 *(.plt)

.text           0x0000000000406270    0x5f330
                0x0000000000406270                _ftext = .
 *(.text .stub .text.* .gnu.linkonce.t.*)
 .text          0x0000000000406270       0x60 /opt/toolchains/hndtools-mipsel-linux-uclibc-4.2.3/lib/gcc/mipsel-linux-uclibc/4.2.3/../../../../mipsel-linux-uclibc/lib/crt1.o
                0x0000000000406270                __start
 .text          0x00000000004062d0      0x150 /opt/toolchains/hndtools-mipsel-linux-uclibc-4.2.3/lib/gcc/mipsel-linux-uclibc/4.2.3/crtbegin.o
 .text.get_trimmed_slice
                0x0000000000406420       0x7c applets/built-in.o
 .text.applet_name_compare
                0x000000000040649c       0x20 applets/built-in.o
 .text.find_applet_by_name
                0x00000000004064bc       0x4c applets/built-in.o
                0x00000000004064bc                find_applet_by_name
 .text.bb_show_usage
                0x0000000000406508      0x180 applets/built-in.o
                0x0000000000406508                bb_show_usage
 .text.run_current_applet_and_exit
                0x0000000000406688      0x36c applets/built-in.o
                0x0000000000406688                run_current_applet_and_exit
 .text.run_applet_and_exit
                0x00000000004069f4      0x24c applets/built-in.o
                0x00000000004069f4                run_applet_and_exit
 .text.main     0x0000000000406c40      0x5bc applets/built-in.o
                0x0000000000406c40                main
 .text.dealloc_bunzip
                0x00000000004071fc       0x58 archival/libunarchive/lib.a(decompress_bunzip2.o)
                0x00000000004071fc                dealloc_bunzip
 .text.get_bits
                0x0000000000407254      0x130 archival/libunarchive/lib.a(decompress_bunzip2.o)
 .text.start_bunzip
                0x0000000000407384      0x190 archival/libunarchive/lib.a(decompress_bunzip2.o)
                0x0000000000407384                start_bunzip
 .text.get_next_block
                0x0000000000407514      0xa4c archival/libunarchive/lib.a(decompress_bunzip2.o)
 .text.read_bunzip
                0x0000000000407f60      0x1ec archival/libunarchive/lib.a(decompress_bunzip2.o)
                0x0000000000407f60                read_bunzip
 .text.clear_main
                0x000000000040814c       0x44 console-tools/lib.a(clear.o)
                0x000000000040814c                clear_main
 .text.reset_main
                0x0000000000408190       0x5c console-tools/lib.a(reset.o)
                0x0000000000408190                reset_main
 .text.basename_main
                0x00000000004081ec      0x104 coreutils/lib.a(basename.o)
                0x00000000004081ec                basename_main
 .text.bb_cat   0x00000000004082f0      0x100 coreutils/lib.a(cat.o)
                0x00000000004082f0                bb_cat
 .text.cat_main
                0x00000000004083f0       0x60 coreutils/lib.a(cat.o)
                0x00000000004083f0                cat_main
 .text.chmod_main
                0x0000000000408450      0x16c coreutils/lib.a(chmod.o)
                0x0000000000408450                chmod_main
 .text.fileAction
                0x00000000004085bc       0xfc coreutils/lib.a(chmod.o)
 .text.cp_main  0x00000000004086b8      0x1f0 coreutils/lib.a(cp.o)
                0x00000000004086b8                cp_main
 .text.cmpfunc  0x00000000004088a8       0x10 coreutils/lib.a(cut.o)
 .text.cut_file
                0x00000000004088b8      0x574 coreutils/lib.a(cut.o)
 .text.cut_main
                0x0000000000408e2c      0x450 coreutils/lib.a(cut.o)
                0x0000000000408e2c                cut_main
 .text.maybe_set_utc
                0x000000000040927c       0x34 coreutils/lib.a(date.o)
 .text.date_main
                0x00000000004092b0      0x5cc coreutils/lib.a(date.o)
                0x00000000004092b0                date_main
 .text.df_main  0x000000000040987c      0x464 coreutils/lib.a(df.o)
                0x000000000040987c                df_main
 .text.dirname_main
                0x0000000000409ce0       0x7c coreutils/lib.a(dirname.o)
                0x0000000000409ce0                dirname_main
 .text.print    0x0000000000409d5c       0x6c coreutils/lib.a(du.o)
 .text.du       0x0000000000409dc8      0x328 coreutils/lib.a(du.o)
 .text.du_main  0x000000000040a0f0      0x24c coreutils/lib.a(du.o)
                0x000000000040a0f0                du_main
 .text.bb_echo  0x000000000040a33c      0x30c coreutils/lib.a(echo.o)
                0x000000000040a33c                bb_echo
 .text.echo_main
                0x000000000040a648       0x1c coreutils/lib.a(echo.o)
                0x000000000040a648                echo_main
 .text.env_main
                0x000000000040a664      0x1f4 coreutils/lib.a(env.o)
                0x000000000040a664                env_main
 .text.null     0x000000000040a858       0x5c coreutils/lib.a(expr.o)
 .text.int_value
                0x000000000040a8b4       0x48 coreutils/lib.a(expr.o)
 .text.tostring
                0x000000000040a8fc       0x64 coreutils/lib.a(expr.o)
 .text.str_value
                0x000000000040a960       0x6c coreutils/lib.a(expr.o)
 .text.docolon  0x000000000040a9cc      0x1b8 coreutils/lib.a(expr.o)
 .text.toarith  0x000000000040ab84       0xa8 coreutils/lib.a(expr.o)
 .text.arithmetic_common
                0x000000000040ac2c      0x11c coreutils/lib.a(expr.o)
 .text.freev    0x000000000040ad48       0x5c coreutils/lib.a(expr.o)
 .text.nextarg  0x000000000040ada4       0x60 coreutils/lib.a(expr.o)
 .text.eval6    0x000000000040ae04      0x4a8 coreutils/lib.a(expr.o)
 .text.eval5    0x000000000040b2ac      0x120 coreutils/lib.a(expr.o)
 .text.eval4    0x000000000040b3cc      0x17c coreutils/lib.a(expr.o)
 .text.eval3    0x000000000040b548      0x160 coreutils/lib.a(expr.o)
 .text.eval2    0x000000000040b6a8      0x2b8 coreutils/lib.a(expr.o)
 .text.eval1    0x000000000040b960      0x154 coreutils/lib.a(expr.o)
 .text.eval     0x000000000040bab4      0x114 coreutils/lib.a(expr.o)
 .text.expr_main
                0x000000000040bbc8       0xf8 coreutils/lib.a(expr.o)
                0x000000000040bbc8                expr_main
 .text.false_main
                0x000000000040bcc0        0x8 coreutils/lib.a(false.o)
                0x000000000040bcc0                false_main
 .text.head_main
                0x000000000040bcc8      0x378 coreutils/lib.a(head.o)
                0x000000000040bcc8                head_main
 .text.hostid_main
                0x000000000040c040       0x7c coreutils/lib.a(hostid.o)
                0x000000000040c040                hostid_main
 .text.printf_full
                0x000000000040c0bc       0x70 coreutils/lib.a(id.o)
 .text.id_main  0x000000000040c12c      0x33c coreutils/lib.a(id.o)
                0x000000000040c12c                id_main
 .text.append_char
                0x000000000040c468       0x88 coreutils/lib.a(ls.o)
 .text.count_dirs
                0x000000000040c4f0       0x98 coreutils/lib.a(ls.o)
 .text.my_stat  0x000000000040c588      0x108 coreutils/lib.a(ls.o)
 .text.dnalloc  0x000000000040c690       0x2c coreutils/lib.a(ls.o)
 .text.splitdnarray
                0x000000000040c6bc      0x174 coreutils/lib.a(ls.o)
 .text.showfiles
                0x000000000040c830      0x840 coreutils/lib.a(ls.o)
 .text.dnsort   0x000000000040d070       0x20 coreutils/lib.a(ls.o)
 .text.sortcmp  0x000000000040d090      0x110 coreutils/lib.a(ls.o)
 .text.showdirs
                0x000000000040d1a0      0x410 coreutils/lib.a(ls.o)
 .text.ls_main  0x000000000040d5b0      0x50c coreutils/lib.a(ls.o)
                0x000000000040d5b0                ls_main
 .text.md5_sha1_sum_main
                0x000000000040dabc      0x240 coreutils/lib.a(md5_sha1_sum.o)
                0x000000000040dabc                md5_sha1_sum_main
 .text.mkdir_main
                0x000000000040dcfc      0x124 coreutils/lib.a(mkdir.o)
                0x000000000040dcfc                mkdir_main
 .text.mkfifo_main
                0x000000000040de20       0xe0 coreutils/lib.a(mkfifo.o)
                0x000000000040de20                mkfifo_main
 .text.mknod_main
                0x000000000040df00      0x194 coreutils/lib.a(mknod.o)
                0x000000000040df00                mknod_main
 .text.mv_main  0x000000000040e094      0x380 coreutils/lib.a(mv.o)
                0x000000000040e094                mv_main
 .text.multiconvert
                0x000000000040e414       0xcc coreutils/lib.a(printf.o)
 .text.my_xstrtod
                0x000000000040e4e0       0x48 coreutils/lib.a(printf.o)
 .text.my_xstrtol
                0x000000000040e528       0x48 coreutils/lib.a(printf.o)
 .text.my_xstrtoul
                0x000000000040e570       0x48 coreutils/lib.a(printf.o)
 .text.conv_strtoul
                0x000000000040e5b8       0x48 coreutils/lib.a(printf.o)
 .text.print_direc
                0x000000000040e600      0x358 coreutils/lib.a(printf.o)
 .text.printf_main
                0x000000000040e958      0x5d8 coreutils/lib.a(printf.o)
                0x000000000040e958                printf_main
 .text.conv_strtol
                0x000000000040ef30       0x48 coreutils/lib.a(printf.o)
 .text.conv_strtod
                0x000000000040ef78       0x70 coreutils/lib.a(printf.o)
 .text.pwd_main
                0x000000000040efe8       0x94 coreutils/lib.a(pwd.o)
                0x000000000040efe8                pwd_main
 .text.rm_main  0x000000000040f07c      0x184 coreutils/lib.a(rm.o)
                0x000000000040f07c                rm_main
 .text.rmdir_main
                0x000000000040f200      0x150 coreutils/lib.a(rmdir.o)
                0x000000000040f200                rmdir_main
 .text.sleep_main
                0x000000000040f350       0xbc coreutils/lib.a(sleep.o)
                0x000000000040f350                sleep_main
 .text.eat_num  0x000000000040f40c       0x48 coreutils/lib.a(tail.o)
 .text.tail_xprint_header
                0x000000000040f454       0x58 coreutils/lib.a(tail.o)
 .text.tail_read
                0x000000000040f4ac      0x138 coreutils/lib.a(tail.o)
 .text.tail_main
                0x000000000040f5e4      0x6ec coreutils/lib.a(tail.o)
                0x000000000040f5e4                tail_main
 .text.t_lex    0x000000000040fcd0       0xa0 coreutils/lib.a(test.o)
 .text.syntax   0x000000000040fd70       0x80 coreutils/lib.a(test.o)
 .text.getn     0x000000000040fdf0       0xc0 coreutils/lib.a(test.o)
 .text.binop    0x000000000040feb0      0x2a8 coreutils/lib.a(test.o)
 .text.nexpr    0x0000000000410158      0x5b4 coreutils/lib.a(test.o)
 .text.aexpr    0x000000000041070c       0xe0 coreutils/lib.a(test.o)
 .text.oexpr    0x00000000004107ec       0xe0 coreutils/lib.a(test.o)
 .text.test_main
                0x00000000004108cc      0x32c coreutils/lib.a(test.o)
                0x00000000004108cc                test_main
 .text.touch_main
                0x0000000000410bf8      0x148 coreutils/lib.a(touch.o)
                0x0000000000410bf8                touch_main
 .text.true_main
                0x0000000000410d40        0x8 coreutils/lib.a(true.o)
                0x0000000000410d40                true_main
 .text.uname_main
                0x0000000000410d48      0x204 coreutils/lib.a(uname.o)
                0x0000000000410d48                uname_main
 .text.usleep_main
                0x0000000000410f4c       0x88 coreutils/lib.a(usleep.o)
                0x0000000000410f4c                usleep_main
 .text.yes_main
                0x0000000000410fd4      0x164 coreutils/lib.a(yes.o)
                0x0000000000410fd4                yes_main
 .text.cp_mv_stat2
                0x0000000000411138       0xb0 coreutils/libcoreutils/lib.a(cp_mv_stat.o)
                0x0000000000411138                cp_mv_stat2
 .text.cp_mv_stat
                0x00000000004111e8       0x20 coreutils/libcoreutils/lib.a(cp_mv_stat.o)
                0x00000000004111e8                cp_mv_stat
 .text.getopt_mk_fifo_nod
                0x0000000000411208       0x90 coreutils/libcoreutils/lib.a(getopt_mk_fifo_nod.o)
                0x0000000000411208                getopt_mk_fifo_nod
 .text.hashidx  0x0000000000411298       0x2c editors/lib.a(awk.o)
 .text.skip_spaces
                0x00000000004112c4       0x74 editors/lib.a(awk.o)
 .text.nextword
                0x0000000000411338       0x24 editors/lib.a(awk.o)
 .text.rollback_token
                0x000000000041135c       0x24 editors/lib.a(awk.o)
 .text.nextarg  0x0000000000411380       0x4c editors/lib.a(awk.o)
 .text.new_node
                0x00000000004113cc       0x54 editors/lib.a(awk.o)
 .text.hash_init
                0x0000000000411420       0x70 editors/lib.a(awk.o)
 .text.iamarray
                0x0000000000411490       0x78 editors/lib.a(awk.o)
 .text.nvalloc  0x0000000000411508      0x168 editors/lib.a(awk.o)
 .text.qrealloc
                0x0000000000411670       0x74 editors/lib.a(awk.o)
 .text.clrvar   0x00000000004116e4       0x6c editors/lib.a(awk.o)
 .text.fsrealloc
                0x0000000000411750      0x138 editors/lib.a(awk.o)
 .text.clear_array
                0x0000000000411888       0xe0 editors/lib.a(awk.o)
 .text.zero_out_var
                0x0000000000411968       0x1c editors/lib.a(awk.o)
 .text.chain_node
                0x0000000000411984      0x100 editors/lib.a(awk.o)
 .text.mk_re_node
                0x0000000000411a84       0x9c editors/lib.a(awk.o)
 .text.mk_splitter
                0x0000000000411b20       0xe0 editors/lib.a(awk.o)
 .text.getvar_i
                0x0000000000411c00       0xe8 editors/lib.a(awk.o)
 .text.is_numeric
                0x0000000000411ce8       0x50 editors/lib.a(awk.o)
 .text.istrue   0x0000000000411d38       0x98 editors/lib.a(awk.o)
 .text.hash_remove
                0x0000000000411dd0      0x110 editors/lib.a(awk.o)
 .text.hash_search
                0x0000000000411ee0       0xb4 editors/lib.a(awk.o)
 .text.hash_find
                0x0000000000411f94      0x228 editors/lib.a(awk.o)
 .text.nextchar
                0x00000000004121bc       0x98 editors/lib.a(awk.o)
 .text.afopen   0x0000000000412254       0x50 editors/lib.a(awk.o)
 .text.syntax_error
                0x00000000004122a4       0x44 editors/lib.a(awk.o)
 .text.fmt_num  0x00000000004122e8      0x1c0 editors/lib.a(awk.o)
 .text.getvar_s
                0x00000000004124a8       0xf4 editors/lib.a(awk.o)
 .text.handle_special
                0x000000000041259c      0x3a0 editors/lib.a(awk.o)
 .text.copyvar  0x000000000041293c       0xbc editors/lib.a(awk.o)
 .text.setvar_i
                0x00000000004129f8       0x84 editors/lib.a(awk.o)
 .text.incvar   0x0000000000412a7c       0x68 editors/lib.a(awk.o)
 .text.setvar_p
                0x0000000000412ae4       0x6c editors/lib.a(awk.o)
 .text.setvar_s
                0x0000000000412b50       0x74 editors/lib.a(awk.o)
 .text.awk_getline
                0x0000000000412bc4      0x3f0 editors/lib.a(awk.o)
 .text.setvar_u
                0x0000000000412fb4       0x54 editors/lib.a(awk.o)
 .text.is_assignment
                0x0000000000413008      0x16c editors/lib.a(awk.o)
 .text.next_input_file
                0x0000000000413174      0x258 editors/lib.a(awk.o)
 .text.setari_u
                0x00000000004133cc       0xbc editors/lib.a(awk.o)
 .text.awk_split
                0x0000000000413488      0x3b8 editors/lib.a(awk.o)
 .text.split_f0
                0x0000000000413840      0x1a4 editors/lib.a(awk.o)
 .text.next_token
                0x00000000004139e4      0x5b8 editors/lib.a(awk.o)
 .text.condition
                0x0000000000413f9c       0x48 editors/lib.a(awk.o)
 .text.parse_expr
                0x0000000000413fe4      0x4dc editors/lib.a(awk.o)
 .text.chain_expr
                0x00000000004144c0       0xa0 editors/lib.a(awk.o)
 .text.chain_group
                0x0000000000414560      0x5a8 editors/lib.a(awk.o)
 .text.parse_program
                0x0000000000414b08      0x2a0 editors/lib.a(awk.o)
 .text.chain_loop
                0x0000000000414da8      0x12c editors/lib.a(awk.o)
 .text.nvfree   0x0000000000414ed4      0x1bc editors/lib.a(awk.o)
 .text.awk_exit
                0x0000000000415090      0x120 editors/lib.a(awk.o)
 .text.evaluate
                0x00000000004151b0     0x2ac4 editors/lib.a(awk.o)
 .text.awk_main
                0x0000000000417c74      0x7e8 editors/lib.a(awk.o)
                0x0000000000417c74                awk_main
 .text.awk_printf
                0x000000000041845c      0x478 editors/lib.a(awk.o)
 .text.ptest    0x00000000004188d4       0x4c editors/lib.a(awk.o)
 .text.as_regex
                0x0000000000418920      0x130 editors/lib.a(awk.o)
 .text.awk_sub  0x0000000000418a50      0x3dc editors/lib.a(awk.o)
 .text.parse_escapes
                0x0000000000418e2c       0x74 editors/lib.a(sed.o)
 .text.index_of_next_unescaped_regexp_delim
                0x0000000000418ea0       0xfc editors/lib.a(sed.o)
 .text.copy_parsing_escapes
                0x0000000000418f9c       0x84 editors/lib.a(sed.o)
 .text.parse_regex_delim
                0x0000000000419020      0x110 editors/lib.a(sed.o)
 .text.get_address
                0x0000000000419130      0x168 editors/lib.a(sed.o)
 .text.parse_file_cmd
                0x0000000000419298      0x104 editors/lib.a(sed.o)
 .text.add_cmd  0x000000000041939c      0x8c8 editors/lib.a(sed.o)
 .text.add_cmd_block
                0x0000000000419c64      0x110 editors/lib.a(sed.o)
 .text.add_input_file
                0x0000000000419d74       0x74 editors/lib.a(sed.o)
 .text.pipe_putc
                0x0000000000419de8       0x8c editors/lib.a(sed.o)
 .text.append   0x0000000000419e74       0x48 editors/lib.a(sed.o)
 .text.puts_maybe_newline
                0x0000000000419ebc      0x1f0 editors/lib.a(sed.o)
 .text.flush_append
                0x000000000041a0ac       0xa4 editors/lib.a(sed.o)
 .text.get_next_line
                0x000000000041a150      0x198 editors/lib.a(sed.o)
 .text.process_files
                0x000000000041a2e8      0xdf0 editors/lib.a(sed.o)
 .text.sed_main
                0x000000000041b0d8      0x538 editors/lib.a(sed.o)
                0x000000000041b0d8                sed_main
 .text.cleanup_outname
                0x000000000041b610       0x3c editors/lib.a(sed.o)
 .text.next_tabstop
                0x000000000041b64c       0x3c editors/lib.a(vi.o)
 .text.begin_line
                0x000000000041b688       0x50 editors/lib.a(vi.o)
 .text.end_line
                0x000000000041b6d8       0x50 editors/lib.a(vi.o)
 .text.prev_line
                0x000000000041b728       0x80 editors/lib.a(vi.o)
 .text.next_line
                0x000000000041b7a8       0x80 editors/lib.a(vi.o)
 .text.end_screen
                0x000000000041b828       0x84 editors/lib.a(vi.o)
 .text.count_lines
                0x000000000041b8ac       0xb4 editors/lib.a(vi.o)
 .text.find_line
                0x000000000041b960       0x74 editors/lib.a(vi.o)
 .text.dot_left
                0x000000000041b9d4       0x50 editors/lib.a(vi.o)
 .text.dot_right
                0x000000000041ba24       0x50 editors/lib.a(vi.o)
 .text.dot_begin
                0x000000000041ba74       0x50 editors/lib.a(vi.o)
 .text.dot_end  0x000000000041bac4       0x50 editors/lib.a(vi.o)
 .text.move_to_col
                0x000000000041bb14       0xf8 editors/lib.a(vi.o)
 .text.dot_next
                0x000000000041bc0c       0x50 editors/lib.a(vi.o)
 .text.dot_prev
                0x000000000041bc5c       0x50 editors/lib.a(vi.o)
 .text.screen_erase
                0x000000000041bcac       0x2c editors/lib.a(vi.o)
 .text.psb      0x000000000041bcd8       0x64 editors/lib.a(vi.o)
 .text.psbs     0x000000000041bd3c       0xc8 editors/lib.a(vi.o)
 .text.ni       0x000000000041be04      0x1d0 editors/lib.a(vi.o)
 .text.text_hole_delete
                0x000000000041bfd4      0x13c editors/lib.a(vi.o)
 .text.yank_delete
                0x000000000041c110       0x94 editors/lib.a(vi.o)
 .text.text_hole_make
                0x000000000041c1a4       0xf8 editors/lib.a(vi.o)
 .text.stupid_insert
                0x000000000041c29c       0x68 editors/lib.a(vi.o)
 .text.write1   0x000000000041c304       0x20 editors/lib.a(vi.o)
 .text.standout_end
                0x000000000041c324       0x24 editors/lib.a(vi.o)
 .text.standout_start
                0x000000000041c348       0x24 editors/lib.a(vi.o)
 .text.clear_to_eos
                0x000000000041c36c       0x24 editors/lib.a(vi.o)
 .text.clear_to_eol
                0x000000000041c390       0x24 editors/lib.a(vi.o)
 .text.mysleep  0x000000000041c3b4       0xa8 editors/lib.a(vi.o)
 .text.get_one_char
                0x000000000041c45c      0x2d8 editors/lib.a(vi.o)
 .text.dot_skip_over_ws
                0x000000000041c734       0x94 editors/lib.a(vi.o)
 .text.dot_scroll
                0x000000000041c7c8      0x114 editors/lib.a(vi.o)
 .text.skip_thing
                0x000000000041c8dc      0x1d8 editors/lib.a(vi.o)
 .text.file_write
                0x000000000041cab4       0xd4 editors/lib.a(vi.o)
 .text.place_cursor
                0x000000000041cb88       0xf4 editors/lib.a(vi.o)
 .text.refresh  0x000000000041cc7c      0x748 editors/lib.a(vi.o)
 .text.char_insert
                0x000000000041d3c4      0x1b8 editors/lib.a(vi.o)
 .text.show_status_line
                0x000000000041d57c      0x3f4 editors/lib.a(vi.o)
 .text.redraw   0x000000000041d970       0xac editors/lib.a(vi.o)
 .text.Indicate_Error
                0x000000000041da1c       0xd4 editors/lib.a(vi.o)
 .text.do_cmd   0x000000000041daf0     0x1f10 editors/lib.a(vi.o)
 .text.find_range
                0x000000000041fa00      0x3cc editors/lib.a(vi.o)
 .text.edit_file
                0x000000000041fdcc      0x654 editors/lib.a(vi.o)
 .text.vi_main  0x0000000000420420      0x174 editors/lib.a(vi.o)
                0x0000000000420420                vi_main
 .text.func_type
                0x0000000000420594       0x18 findutils/lib.a(find.o)
 .text.func_prune
                0x00000000004205ac        0x8 findutils/lib.a(find.o)
 .text.alloc_action.6791
                0x00000000004205b4       0xf0 findutils/lib.a(find.o)
 .text.parse_params
                0x00000000004206a4      0x478 findutils/lib.a(find.o)
 .text.find_main
                0x0000000000420b1c      0x1a8 findutils/lib.a(find.o)
                0x0000000000420b1c                find_main
 .text.func_regex
                0x0000000000420cc4       0x84 findutils/lib.a(find.o)
 .text.func_path
                0x0000000000420d48       0x40 findutils/lib.a(find.o)
 .text.func_name
                0x0000000000420d88       0xb0 findutils/lib.a(find.o)
 .text.func_exec
                0x0000000000420e38      0x248 findutils/lib.a(find.o)
 .text.fileAction
                0x0000000000421080      0x118 findutils/lib.a(find.o)
 .text.func_print
                0x0000000000421198       0x3c findutils/lib.a(find.o)
 .text.add_grep_list_data
                0x00000000004211d4       0x48 findutils/lib.a(grep.o)
 .text.print_line
                0x000000000042121c      0x180 findutils/lib.a(grep.o)
 .text.grep_file
                0x000000000042139c      0x558 findutils/lib.a(grep.o)
 .text.grep_main
                0x00000000004218f4      0x6a0 findutils/lib.a(grep.o)
                0x00000000004218f4                grep_main
 .text.file_action_grep
                0x0000000000421f94       0xfc findutils/lib.a(grep.o)
 .text.xargs_main
                0x0000000000422090      0x690 findutils/lib.a(xargs.o)
                0x0000000000422090                xargs_main
 .text.process0_stdin
                0x0000000000422720      0x1f0 findutils/lib.a(xargs.o)
 .text.process_stdin
                0x0000000000422910      0x340 findutils/lib.a(xargs.o)
 .text.halt_main
                0x0000000000422c50      0x128 init/lib.a(halt.o)
                0x0000000000422c50                halt_main
 .text.bb_ask_confirmation
                0x0000000000422d78      0x108 libbb/lib.a(ask_confirmation.o)
                0x0000000000422d78                bb_ask_confirmation
 .text.bb_basename
                0x0000000000422e80       0x50 libbb/lib.a(bb_basename.o)
                0x0000000000422e80                bb_basename
 .text.xuname2uid
                0x0000000000422ed0       0x60 libbb/lib.a(bb_pwd.o)
                0x0000000000422ed0                xuname2uid
 .text.bb_getug
                0x0000000000422f30       0xa8 libbb/lib.a(bb_pwd.o)
 .text.bb_getgrgid
                0x0000000000422fd8       0x88 libbb/lib.a(bb_pwd.o)
                0x0000000000422fd8                bb_getgrgid
 .text.bb_getpwuid
                0x0000000000423060       0x88 libbb/lib.a(bb_pwd.o)
                0x0000000000423060                bb_getpwuid
 .text.ret_ERANGE
                0x00000000004230e8       0x28 libbb/lib.a(bb_strtonum.o)
 .text.handle_errors
                0x0000000000423110       0xcc libbb/lib.a(bb_strtonum.o)
 .text.bb_strtol
                0x00000000004231dc       0xdc libbb/lib.a(bb_strtonum.o)
                0x00000000004231dc                bb_strtol
 .text.bb_strtoul
                0x00000000004232b8       0xc8 libbb/lib.a(bb_strtonum.o)
                0x00000000004232b8                bb_strtoul
 .text.bb_strtoull
                0x0000000000423380       0xc4 libbb/lib.a(bb_strtonum.o)
                0x0000000000423380                bb_strtoull
 .text.index_in_substrings
                0x0000000000423444       0xc0 libbb/lib.a(compare_string_array.o)
                0x0000000000423444                index_in_substrings
 .text.index_in_strings
                0x0000000000423504       0xa0 libbb/lib.a(compare_string_array.o)
                0x0000000000423504                index_in_strings
 .text.concat_path_file
                0x00000000004235a4       0xb0 libbb/lib.a(concat_path_file.o)
                0x00000000004235a4                concat_path_file
 .text.concat_subpath_file
                0x0000000000423654       0x64 libbb/lib.a(concat_subpath_file.o)
                0x0000000000423654                concat_subpath_file
 .text.ask_and_unlink
                0x00000000004236b8       0xb8 libbb/lib.a(copy_file.o)
 .text.copy_file
                0x0000000000423770      0x93c libbb/lib.a(copy_file.o)
                0x0000000000423770                copy_file
 .text.bb_full_fd_action
                0x00000000004240ac      0x194 libbb/lib.a(copyfd.o)
 .text.bb_copyfd_eof
                0x0000000000424240       0x24 libbb/lib.a(copyfd.o)
                0x0000000000424240                bb_copyfd_eof
 .text.crc32_filltable
                0x0000000000424264       0xdc libbb/lib.a(crc32.o)
                0x0000000000424264                crc32_filltable
 .text.bb_error_msg
                0x0000000000424340       0x50 libbb/lib.a(error_msg.o)
                0x0000000000424340                bb_error_msg
 .text.xfunc_die
                0x0000000000424390       0x5c libbb/lib.a(error_msg_and_die.o)
                0x0000000000424390                xfunc_die
 .text.bb_error_msg_and_die
                0x00000000004243ec       0x54 libbb/lib.a(error_msg_and_die.o)
                0x00000000004243ec                bb_error_msg_and_die
 .text.fclose_if_not_stdin
                0x0000000000424440       0x3c libbb/lib.a(fclose_nonstdin.o)
                0x0000000000424440                fclose_if_not_stdin
 .text.fflush_stdout_and_exit
                0x000000000042447c       0x64 libbb/lib.a(fflush_stdout_and_exit.o)
                0x000000000042447c                fflush_stdout_and_exit
 .text.find_mount_point
                0x00000000004244e0      0x1dc libbb/lib.a(find_mount_point.o)
                0x00000000004244e0                find_mount_point
 .text.find_block_device_in_dir
                0x00000000004246bc      0x1ec libbb/lib.a(find_root_device.o)
 .text.find_block_device
                0x00000000004248a8       0xac libbb/lib.a(find_root_device.o)
                0x00000000004248a8                find_block_device
 .text.full_write
                0x0000000000424954       0x88 libbb/lib.a(full_write.o)
                0x0000000000424954                full_write
 .text.bb_get_last_path_component
                0x00000000004249dc       0x60 libbb/lib.a(get_last_path_component.o)
                0x00000000004249dc                bb_get_last_path_component
 .text.bb_get_chunk_from_file
                0x0000000000424a3c      0x148 libbb/lib.a(get_line_from_file.o)
                0x0000000000424a3c                bb_get_chunk_from_file
 .text.xmalloc_getline
                0x0000000000424b84       0x68 libbb/lib.a(get_line_from_file.o)
                0x0000000000424b84                xmalloc_getline
 .text.xmalloc_fgets
                0x0000000000424bec       0x3c libbb/lib.a(get_line_from_file.o)
                0x0000000000424bec                xmalloc_fgets
 .text.getopt32
                0x0000000000424c28      0x77c libbb/lib.a(getopt32.o)
                0x0000000000424c28                getopt32
 .text.make_human_readable_str
                0x00000000004253a4      0x19c libbb/lib.a(human_readable.o)
                0x00000000004253a4                make_human_readable_str
 .text.is_in_ino_dev_hashtable
                0x0000000000425540       0xf0 libbb/lib.a(inode_hash.o)
                0x0000000000425540                is_in_ino_dev_hashtable
 .text.add_to_ino_dev_hashtable
                0x0000000000425630      0x12c libbb/lib.a(inode_hash.o)
                0x0000000000425630                add_to_ino_dev_hashtable
 .text.last_char_is
                0x000000000042575c       0x7c libbb/lib.a(last_char_is.o)
                0x000000000042575c                last_char_is
 .text.llist_pop
                0x00000000004257d8       0x74 libbb/lib.a(llist.o)
                0x00000000004257d8                llist_pop
 .text.llist_add_to_end
                0x000000000042584c       0x80 libbb/lib.a(llist.o)
                0x000000000042584c                llist_add_to_end
 .text.llist_add_to
                0x00000000004258cc       0x5c libbb/lib.a(llist.o)
                0x00000000004258cc                llist_add_to
 .text.bb_make_directory
                0x0000000000425928      0x264 libbb/lib.a(make_directory.o)
                0x0000000000425928                bb_make_directory
 .text.bb_makedev
                0x0000000000425b8c       0x58 libbb/lib.a(makedev.o)
                0x0000000000425b8c                bb_makedev
 .text.md5_begin
                0x0000000000425be4       0x48 libbb/lib.a(md5.o)
                0x0000000000425be4                md5_begin
 .text.md5_hash_block
                0x0000000000425c2c      0x338 libbb/lib.a(md5.o)
 .text.md5_end  0x0000000000425f64      0x160 libbb/lib.a(md5.o)
                0x0000000000425f64                md5_end
 .text.md5_hash
                0x00000000004260c4      0x104 libbb/lib.a(md5.o)
                0x00000000004260c4                md5_hash
 .text.bb_mode_string
                0x00000000004261c8       0xcc libbb/lib.a(mode_string.o)
                0x00000000004261c8                bb_mode_string
 .text.bb_parse_mode
                0x0000000000426294      0x318 libbb/lib.a(parse_mode.o)
                0x0000000000426294                bb_parse_mode
 .text.bb_perror_msg
                0x00000000004265ac       0x8c libbb/lib.a(perror_msg.o)
                0x00000000004265ac                bb_perror_msg
 .text.bb_perror_msg_and_die
                0x0000000000426638       0x8c libbb/lib.a(perror_msg_and_die.o)
                0x0000000000426638                bb_perror_msg_and_die
 .text.bb_perror_nomsg_and_die
                0x00000000004266c4       0x1c libbb/lib.a(perror_nomsg_and_die.o)
                0x00000000004266c4                bb_perror_nomsg_and_die
 .text.bb_process_escape_sequence
                0x00000000004266e0      0x10c libbb/lib.a(process_escape_sequence.o)
                0x00000000004266e0                bb_process_escape_sequence
 .text.fast_strtoul_10
                0x00000000004267ec       0x48 libbb/lib.a(procps.o)
 .text.skip_fields
                0x0000000000426834       0x24 libbb/lib.a(procps.o)
 .text.read_cmdline
                0x0000000000426858       0xf0 libbb/lib.a(procps.o)
                0x0000000000426858                read_cmdline
 .text.clear_cache
                0x0000000000426948       0x4c libbb/lib.a(procps.o)
 .text.clear_username_cache
                0x0000000000426994       0x54 libbb/lib.a(procps.o)
                0x0000000000426994                clear_username_cache
 .text.read_to_buf
                0x00000000004269e8       0xa8 libbb/lib.a(procps.o)
 .text.free_procps_scan
                0x0000000000426a90       0x70 libbb/lib.a(procps.o)
                0x0000000000426a90                free_procps_scan
 .text.alloc_procps_scan
                0x0000000000426b00       0x64 libbb/lib.a(procps.o)
                0x0000000000426b00                alloc_procps_scan
 .text.procps_scan
                0x0000000000426b64      0x3f8 libbb/lib.a(procps.o)
                0x0000000000426b64                procps_scan
 .text.get_cached
                0x0000000000426f5c       0xcc libbb/lib.a(procps.o)
 .text.get_cached_groupname
                0x0000000000427028       0x28 libbb/lib.a(procps.o)
                0x0000000000427028                get_cached_groupname
 .text.get_cached_username
                0x0000000000427050       0x28 libbb/lib.a(procps.o)
                0x0000000000427050                get_cached_username
 .text.safe_read
                0x0000000000427078       0x8c libbb/lib.a(read.o)
                0x0000000000427078                safe_read
 .text.full_read
                0x0000000000427104       0x90 libbb/lib.a(read.o)
                0x0000000000427104                full_read
 .text.read_close
                0x0000000000427194       0x64 libbb/lib.a(read.o)
                0x0000000000427194                read_close
 .text.xmalloc_open_read_close
                0x00000000004271f8      0x174 libbb/lib.a(read.o)
                0x00000000004271f8                xmalloc_open_read_close
 .text.open_read_close
                0x000000000042736c       0x74 libbb/lib.a(read.o)
                0x000000000042736c                open_read_close
 .text.true_action
                0x00000000004273e0        0x8 libbb/lib.a(recursive_action.o)
 .text.recursive_action
                0x00000000004273e8      0x28c libbb/lib.a(recursive_action.o)
                0x00000000004273e8                recursive_action
 .text.remove_file
                0x0000000000427674      0x388 libbb/lib.a(remove_file.o)
                0x0000000000427674                remove_file
 .text.safe_strncpy
                0x00000000004279fc       0x34 libbb/lib.a(safe_strncpy.o)
                0x00000000004279fc                safe_strncpy
 .text.safe_write
                0x0000000000427a30       0x8c libbb/lib.a(safe_write.o)
                0x0000000000427a30                safe_write
 .text.skip_non_whitespace
                0x0000000000427abc       0x64 libbb/lib.a(skip_whitespace.o)
                0x0000000000427abc                skip_non_whitespace
 .text.skip_whitespace
                0x0000000000427b20       0x54 libbb/lib.a(skip_whitespace.o)
                0x0000000000427b20                skip_whitespace
 .text.bb_verror_msg
                0x0000000000427b74      0x26c libbb/lib.a(verror_msg.o)
                0x0000000000427b74                bb_verror_msg
 .text.forkexit_or_rexec
                0x0000000000427de0       0x70 libbb/lib.a(vfork_daemon_rexec.o)
                0x0000000000427de0                forkexit_or_rexec
 .text.bb_daemonize_or_rexec
                0x0000000000427e50      0x1ac libbb/lib.a(vfork_daemon_rexec.o)
                0x0000000000427e50                bb_daemonize_or_rexec
 .text.wait4pid
                0x0000000000427ffc       0x98 libbb/lib.a(vfork_daemon_rexec.o)
                0x0000000000427ffc                wait4pid
 .text.spawn    0x0000000000428094       0xb4 libbb/lib.a(vfork_daemon_rexec.o)
                0x0000000000428094                spawn
 .text.spawn_and_wait
                0x0000000000428148       0x40 libbb/lib.a(vfork_daemon_rexec.o)
                0x0000000000428148                spawn_and_wait
 .text.fopen_or_warn
                0x0000000000428188       0x84 libbb/lib.a(wfopen.o)
                0x0000000000428188                fopen_or_warn
 .text.fopen_or_warn_stdin
                0x000000000042820c       0x70 libbb/lib.a(wfopen_input.o)
                0x000000000042820c                fopen_or_warn_stdin
 .text.xstrtoul_range_sfx
                0x000000000042827c      0x1bc libbb/lib.a(xatonum.o)
                0x000000000042827c                xstrtoul_range_sfx
 .text.xatoul_sfx
                0x0000000000428438       0x44 libbb/lib.a(xatonum.o)
                0x0000000000428438                xatoul_sfx
 .text.xatoul   0x000000000042847c       0x1c libbb/lib.a(xatonum.o)
                0x000000000042847c                xatoul
 .text.xatoul_range
                0x0000000000428498       0x44 libbb/lib.a(xatonum.o)
                0x0000000000428498                xatoul_range
 .text.xatou16  0x00000000004284dc       0x3c libbb/lib.a(xatonum.o)
                0x00000000004284dc                xatou16
 .text.xatoul_range_sfx
                0x0000000000428518       0x48 libbb/lib.a(xatonum.o)
                0x0000000000428518                xatoul_range_sfx
 .text.xatoi_u  0x0000000000428560       0x20 libbb/lib.a(xatonum.o)
                0x0000000000428560                xatoi_u
 .text.utoa_to_buf
                0x0000000000428580       0x8c libbb/lib.a(xfuncs.o)
                0x0000000000428580                utoa_to_buf
 .text.itoa_to_buf
                0x000000000042860c       0x3c libbb/lib.a(xfuncs.o)
                0x000000000042860c                itoa_to_buf
 .text.itoa     0x0000000000428648       0x4c libbb/lib.a(xfuncs.o)
                0x0000000000428648                itoa
 .text.bin2hex  0x0000000000428694       0x64 libbb/lib.a(xfuncs.o)
                0x0000000000428694                bin2hex
 .text.bb_xioctl
                0x00000000004286f8       0x5c libbb/lib.a(xfuncs.o)
                0x00000000004286f8                bb_xioctl
 .text.bb_ioctl_or_warn
                0x0000000000428754       0x6c libbb/lib.a(xfuncs.o)
                0x0000000000428754                bb_ioctl_or_warn
 .text.ioctl_or_perror_and_die
                0x00000000004287c0       0x9c libbb/lib.a(xfuncs.o)
                0x00000000004287c0                ioctl_or_perror_and_die
 .text.get_terminal_width_height
                0x000000000042885c      0x160 libbb/lib.a(xfuncs.o)
                0x000000000042885c                get_terminal_width_height
 .text.xstat    0x00000000004289bc       0x5c libbb/lib.a(xfuncs.o)
                0x00000000004289bc                xstat
 .text.xsendto  0x0000000000428a18       0x60 libbb/lib.a(xfuncs.o)
                0x0000000000428a18                xsendto
 .text.xlisten  0x0000000000428a78       0x58 libbb/lib.a(xfuncs.o)
                0x0000000000428a78                xlisten
 .text.xbind    0x0000000000428ad0       0x58 libbb/lib.a(xfuncs.o)
                0x0000000000428ad0                xbind
 .text.xsocket  0x0000000000428b28       0x58 libbb/lib.a(xfuncs.o)
                0x0000000000428b28                xsocket
 .text.xopendir
                0x0000000000428b80       0x5c libbb/lib.a(xfuncs.o)
                0x0000000000428b80                xopendir
 .text.warn_opendir
                0x0000000000428bdc       0x6c libbb/lib.a(xfuncs.o)
                0x0000000000428bdc                warn_opendir
 .text.xchdir   0x0000000000428c48       0x5c libbb/lib.a(xfuncs.o)
                0x0000000000428c48                xchdir
 .text.xprint_and_close_file
                0x0000000000428ca4       0xa4 libbb/lib.a(xfuncs.o)
                0x0000000000428ca4                xprint_and_close_file
 .text.xasprintf
                0x0000000000428d48       0x74 libbb/lib.a(xfuncs.o)
                0x0000000000428d48                xasprintf
 .text.xlseek   0x0000000000428dbc       0x9c libbb/lib.a(xfuncs.o)
                0x0000000000428dbc                xlseek
 .text.xsetuid  0x0000000000428e58       0x58 libbb/lib.a(xfuncs.o)
                0x0000000000428e58                xsetuid
 .text.xsetgid  0x0000000000428eb0       0x58 libbb/lib.a(xfuncs.o)
                0x0000000000428eb0                xsetgid
 .text.die_if_ferror
                0x0000000000428f08       0x5c libbb/lib.a(xfuncs.o)
                0x0000000000428f08                die_if_ferror
 .text.die_if_ferror_stdout
                0x0000000000428f64       0x28 libbb/lib.a(xfuncs.o)
                0x0000000000428f64                die_if_ferror_stdout
 .text.xwrite   0x0000000000428f8c       0x64 libbb/lib.a(xfuncs.o)
                0x0000000000428f8c                xwrite
 .text.ndelay_off
                0x0000000000428ff0       0x64 libbb/lib.a(xfuncs.o)
                0x0000000000428ff0                ndelay_off
 .text.ndelay_on
                0x0000000000429054       0x60 libbb/lib.a(xfuncs.o)
                0x0000000000429054                ndelay_on
 .text.open3_or_warn
                0x00000000004290b4       0x6c libbb/lib.a(xfuncs.o)
                0x00000000004290b4                open3_or_warn
 .text.open_or_warn
                0x0000000000429120       0x1c libbb/lib.a(xfuncs.o)
                0x0000000000429120                open_or_warn
 .text.xopen3   0x000000000042913c       0x5c libbb/lib.a(xfuncs.o)
                0x000000000042913c                xopen3
 .text.xopen    0x0000000000429198       0x1c libbb/lib.a(xfuncs.o)
                0x0000000000429198                xopen
 .text.xfopen   0x00000000004291b4       0x5c libbb/lib.a(xfuncs.o)
                0x00000000004291b4                xfopen
 .text.xstrdup  0x0000000000429210       0x60 libbb/lib.a(xfuncs.o)
                0x0000000000429210                xstrdup
 .text.xrealloc
                0x0000000000429270       0x64 libbb/lib.a(xfuncs.o)
                0x0000000000429270                xrealloc
 .text.xmalloc  0x00000000004292d4       0x64 libbb/lib.a(xfuncs.o)
                0x00000000004292d4                xmalloc
 .text.xstrndup
                0x0000000000429338       0x90 libbb/lib.a(xfuncs.o)
                0x0000000000429338                xstrndup
 .text.xzalloc  0x00000000004293c8       0x68 libbb/lib.a(xfuncs.o)
                0x00000000004293c8                xzalloc
 .text.malloc_or_warn
                0x0000000000429430       0x74 libbb/lib.a(xfuncs.o)
                0x0000000000429430                malloc_or_warn
 .text.xrealloc_getcwd_or_warn
                0x00000000004294a4       0xec libbb/lib.a(xgetcwd.o)
                0x00000000004294a4                xrealloc_getcwd_or_warn
 .text.xmalloc_readlink
                0x0000000000429590       0xbc libbb/lib.a(xreadlink.o)
                0x0000000000429590                xmalloc_readlink
 .text.xmalloc_readlink_or_warn
                0x000000000042964c       0x6c libbb/lib.a(xreadlink.o)
                0x000000000042964c                xmalloc_readlink_or_warn
 .text.regcomp_or_errmsg
                0x00000000004296b8       0xd0 libbb/lib.a(xregcomp.o)
                0x00000000004296b8                regcomp_or_errmsg
 .text.xregcomp
                0x0000000000429788       0x58 libbb/lib.a(xregcomp.o)
                0x0000000000429788                xregcomp
 .text.nuke_str
                0x00000000004297e0       0x68 loginutils/lib.a(passwd.o)
 .text.passwd_main
                0x0000000000429848      0x6a0 loginutils/lib.a(passwd.o)
                0x0000000000429848                passwd_main
 .text.print_hilite
                0x0000000000429ee8       0x24 miscutils/lib.a(less.o)
 .text.clear_line
                0x0000000000429f0c       0x2c miscutils/lib.a(less.o)
 .text.print_statusline
                0x0000000000429f38       0x64 miscutils/lib.a(less.o)
 .text.read_lines
                0x0000000000429f9c      0x4b0 miscutils/lib.a(less.o)
 .text.print_ascii
                0x000000000042a44c      0x1c4 miscutils/lib.a(less.o)
 .text.buffer_print
                0x000000000042a610      0x1c4 miscutils/lib.a(less.o)
 .text.buffer_fill_and_print
                0x000000000042a7d4       0xb4 miscutils/lib.a(less.o)
 .text.reinitialize
                0x000000000042a888      0x150 miscutils/lib.a(less.o)
 .text.change_file
                0x000000000042a9d8       0xe4 miscutils/lib.a(less.o)
 .text.buffer_line
                0x000000000042aabc       0x90 miscutils/lib.a(less.o)
 .text.buffer_up
                0x000000000042ab4c       0x70 miscutils/lib.a(less.o)
 .text.buffer_down
                0x000000000042abbc       0xc4 miscutils/lib.a(less.o)
 .text.set_tty_cooked
                0x000000000042ac80       0x54 miscutils/lib.a(less.o)
 .text.less_gets
                0x000000000042acd4      0x200 miscutils/lib.a(less.o)
 .text.examine_file
                0x000000000042aed4       0xa8 miscutils/lib.a(less.o)
 .text.less_getch
                0x000000000042af7c      0x2d8 miscutils/lib.a(less.o)
 .text.less_exit
                0x000000000042b254       0x98 miscutils/lib.a(less.o)
 .text.less_main
                0x000000000042b2ec      0xaf0 miscutils/lib.a(less.o)
                0x000000000042b2ec                less_main
 .text.sig_catcher
                0x000000000042bddc       0x44 miscutils/lib.a(less.o)
 .text.obj_find_symbol
                0x000000000042be20       0xb4 modutils/lib.a(insmod.o)
 .text.obj_symbol_final_value
                0x000000000042bed4       0x50 modutils/lib.a(insmod.o)
 .text.obj_elf_hash
                0x000000000042bf24       0x88 modutils/lib.a(insmod.o)
 .text.obj_extend_section
                0x000000000042bfac       0x64 modutils/lib.a(insmod.o)
 .text.insmod_ng_main
                0x000000000042c010      0x22c modutils/lib.a(insmod.o)
                0x000000000042c010                insmod_ng_main
 .text.obj_load_order_prio
                0x000000000042c23c       0xd8 modutils/lib.a(insmod.o)
 .text.obj_insert_section_load_order
                0x000000000042c314       0xac modutils/lib.a(insmod.o)
 .text.obj_find_section
                0x000000000042c3c0       0x9c modutils/lib.a(insmod.o)
 .text.obj_symbol_patch
                0x000000000042c45c       0x80 modutils/lib.a(insmod.o)
 .text.arch_new_symbol
                0x000000000042c4dc       0x60 modutils/lib.a(insmod.o)
 .text.obj_add_symbol
                0x000000000042c53c      0x2d8 modutils/lib.a(insmod.o)
 .text.arch_new_section
                0x000000000042c814       0x1c modutils/lib.a(insmod.o)
 .text.obj_create_alloced_section
                0x000000000042c830      0x128 modutils/lib.a(insmod.o)
 .text.obj_load
                0x000000000042c958      0x644 modutils/lib.a(insmod.o)
 .text.obj_allocate_commons
                0x000000000042cf9c      0x3a0 modutils/lib.a(insmod.o)
 .text.obj_gpl_license
                0x000000000042d33c      0x140 modutils/lib.a(insmod.o)
 .text.get_modinfo_value
                0x000000000042d47c      0x150 modutils/lib.a(insmod.o)
 .text.add_symbols_from
                0x000000000042d5cc      0x168 modutils/lib.a(insmod.o)
 .text.obj_string_patch
                0x000000000042d734      0x138 modutils/lib.a(insmod.o)
 .text.new_create_module_ksymtab
                0x000000000042d86c      0x310 modutils/lib.a(insmod.o)
 .text.new_add_ksymtab
                0x000000000042db7c      0x138 modutils/lib.a(insmod.o)
 .text.new_process_module_arguments
                0x000000000042dcb4      0x6f8 modutils/lib.a(insmod.o)
 .text.set_tainted
                0x000000000042e3ac      0x134 modutils/lib.a(insmod.o)
 .text.print_load_map
                0x000000000042e4e0      0x360 modutils/lib.a(insmod.o)
 .text.insmod_main
                0x000000000042e840     0x1acc modutils/lib.a(insmod.o)
                0x000000000042e840                insmod_main
 .text.check_module_name_match
                0x000000000043030c      0x100 modutils/lib.a(insmod.o)
 .text.lsmod_main
                0x000000000043040c      0x378 modutils/lib.a(lsmod.o)
                0x000000000043040c                lsmod_main
 .text.rmmod_main
                0x0000000000430784      0x22c modutils/lib.a(rmmod.o)
                0x0000000000430784                rmmod_main
 .text.arp_main
                0x00000000004309b0      0xdb8 networking/lib.a(arp.o)
                0x00000000004309b0                arp_main
 .text.ifconfig_main
                0x0000000000431768      0x778 networking/lib.a(ifconfig.o)
                0x0000000000431768                ifconfig_main
 .text.get_afntype
                0x0000000000431ee0       0x40 networking/lib.a(interface.o)
 .text.hexchar2int
                0x0000000000431f20       0x3c networking/lib.a(interface.o)
 .text.in_ether
                0x0000000000431f5c      0x124 networking/lib.a(interface.o)
 .text.get_hwntype
                0x0000000000432080       0x40 networking/lib.a(interface.o)
                0x0000000000432080                get_hwntype
 .text.get_hwtype
                0x00000000004320c0       0x7c networking/lib.a(interface.o)
                0x00000000004320c0                get_hwtype
 .text.get_aftype
                0x000000000043213c       0x7c networking/lib.a(interface.o)
                0x000000000043213c                get_aftype
 .text.add_interface
                0x00000000004321b8      0x100 networking/lib.a(interface.o)
 .text.if_readconf
                0x00000000004322b8      0x15c networking/lib.a(interface.o)
 .text.if_readlist_proc
                0x0000000000432414      0x408 networking/lib.a(interface.o)
 .text.do_if_fetch
                0x000000000043281c      0x560 networking/lib.a(interface.o)
 .text.print_bytes_scaled
                0x0000000000432d7c       0xcc networking/lib.a(interface.o)
 .text.UNSPEC_print
                0x0000000000432e48       0xa4 networking/lib.a(interface.o)
 .text.UNSPEC_sprint
                0x0000000000432eec       0x48 networking/lib.a(interface.o)
 .text.INET6_input
                0x0000000000432f34       0x1c networking/lib.a(interface.o)
 .text.INET_input
                0x0000000000432f50       0x1c networking/lib.a(interface.o)
 .text.INET_sprint
                0x0000000000432f6c       0x98 networking/lib.a(interface.o)
 .text.INET6_sprint
                0x0000000000433004       0x98 networking/lib.a(interface.o)
 .text.ife_print
                0x000000000043309c      0x950 networking/lib.a(interface.o)
 .text.display_interfaces
                0x00000000004339ec      0x1bc networking/lib.a(interface.o)
                0x00000000004339ec                display_interfaces
 .text.pr_ether
                0x0000000000433ba8       0x8c networking/lib.a(interface.o)
 .text.ip_main  0x0000000000433c34      0x128 networking/lib.a(ip.o)
                0x0000000000433c34                ip_main
 .text.ip_print_help
                0x0000000000433d5c       0x28 networking/lib.a(ip.o)
 .text.do_info  0x0000000000433d84      0x138 networking/lib.a(netstat.o)
 .text.netstat_main
                0x0000000000433ebc      0x444 networking/lib.a(netstat.o)
                0x0000000000433ebc                netstat_main
 .text.build_ipv4_addr
                0x0000000000434300       0x50 networking/lib.a(netstat.o)
 .text.unix_do_one
                0x0000000000434350      0x418 networking/lib.a(netstat.o)
 .text.build_ipv6_addr
                0x0000000000434768       0xb0 networking/lib.a(netstat.o)
 .text.ip_port_str
                0x0000000000434818      0x12c networking/lib.a(netstat.o)
 .text.raw_do_one
                0x0000000000434944      0x2ac networking/lib.a(netstat.o)
 .text.udp_do_one
                0x0000000000434bf0      0x2c8 networking/lib.a(netstat.o)
 .text.tcp_do_one
                0x0000000000434eb8      0x254 networking/lib.a(netstat.o)
 .text.sendping_tail
                0x000000000043510c      0x120 networking/lib.a(ping.o)
 .text.sendping6
                0x000000000043522c       0xc4 networking/lib.a(ping.o)
 .text.sendping4
                0x00000000004352f0      0x138 networking/lib.a(ping.o)
 .text.unpack_tail
                0x0000000000435428      0x22c networking/lib.a(ping.o)
 .text.ping6    0x0000000000435654      0x550 networking/lib.a(ping.o)
 .text.ping4    0x0000000000435ba4      0x3f8 networking/lib.a(ping.o)
 .text.pingstats
                0x0000000000435f9c      0x208 networking/lib.a(ping.o)
 .text.ping_main
                0x00000000004361a4      0x2b0 networking/lib.a(ping.o)
                0x00000000004361a4                ping_main
 .text.ping6_main
                0x0000000000436454       0x28 networking/lib.a(ping.o)
                0x0000000000436454                ping6_main
 .text.set_flags
                0x000000000043647c       0x68 networking/lib.a(route.o)
 .text.kw_lookup
                0x00000000004364e4       0xe4 networking/lib.a(route.o)
 .text.bb_displayroutes
                0x00000000004365c8      0x394 networking/lib.a(route.o)
                0x00000000004365c8                bb_displayroutes
 .text.route_main
                0x000000000043695c      0xcf0 networking/lib.a(route.o)
                0x000000000043695c                route_main
 .text.putiac   0x000000000043764c       0x30 networking/lib.a(telnet.o)
 .text.fgotsig  0x000000000043767c       0x18 networking/lib.a(telnet.o)
 .text.iacflush
                0x0000000000437694       0x4c networking/lib.a(telnet.o)
 .text.putiac2  0x00000000004376e0       0xa4 networking/lib.a(telnet.o)
 .text.cookmode
                0x0000000000437784       0x3c networking/lib.a(telnet.o)
 .text.rawmode  0x00000000004377c0       0x3c networking/lib.a(telnet.o)
 .text.setConMode
                0x00000000004377fc       0xc0 networking/lib.a(telnet.o)
 .text.doexit   0x00000000004378bc       0x48 networking/lib.a(telnet.o)
 .text.conescape
                0x0000000000437904      0x274 networking/lib.a(telnet.o)
 .text.telnet_main
                0x0000000000437b78      0xa60 networking/lib.a(telnet.o)
                0x0000000000437b78                telnet_main
 .text.send_iac
                0x00000000004385d8       0x3c networking/lib.a(telnetd.o)
 .text.make_new_session
                0x0000000000438614      0x44c networking/lib.a(telnetd.o)
 .text.free_session
                0x0000000000438a60      0x180 networking/lib.a(telnetd.o)
 .text.telnetd_main
                0x0000000000438be0      0x884 networking/lib.a(telnetd.o)
                0x0000000000438be0                telnetd_main
 .text.tftp     0x0000000000439464      0x5ec networking/lib.a(tftp.o)
 .text.tftp_main
                0x0000000000439a50      0x204 networking/lib.a(tftp.o)
                0x0000000000439a50                tftp_main
 .text.base64enc_512
                0x0000000000439c54       0x7c networking/lib.a(wget.o)
 .text.parse_url
                0x0000000000439cd0      0x240 networking/lib.a(wget.o)
 .text.gethdr   0x0000000000439f10      0x1f0 networking/lib.a(wget.o)
 .text.open_socket
                0x000000000043a100       0x74 networking/lib.a(wget.o)
 .text.safe_fgets
                0x000000000043a174       0xc8 networking/lib.a(wget.o)
 .text.alarmtimer
                0x000000000043a23c       0x50 networking/lib.a(wget.o)
 .text.progressmeter
                0x000000000043a28c      0x65c networking/lib.a(wget.o)
 .text.updateprogressmeter
                0x000000000043a8e8       0x5c networking/lib.a(wget.o)
 .text.ftpcmd   0x000000000043a944      0x13c networking/lib.a(wget.o)
 .text.wget_main
                0x000000000043aa80     0x1134 networking/lib.a(wget.o)
                0x000000000043aa80                wget_main
 .text.ip_parse_common_args
                0x000000000043bbb4      0x234 networking/libiproute/lib.a(ip_parse_common_args.o)
                0x000000000043bbb4                ip_parse_common_args
 .text.ipaddr_modify
                0x000000000043bde8      0x780 networking/libiproute/lib.a(ipaddress.o)
 .text.flush_update
                0x000000000043c568       0x7c networking/libiproute/lib.a(ipaddress.o)
 .text.print_addrinfo
                0x000000000043c5e4      0x8a8 networking/libiproute/lib.a(ipaddress.o)
 .text.ipaddr_list_or_flush
                0x000000000043ce8c      0xe24 networking/libiproute/lib.a(ipaddress.o)
                0x000000000043ce8c                ipaddr_list_or_flush
 .text.do_ipaddr
                0x000000000043dcb0       0xf4 networking/libiproute/lib.a(ipaddress.o)
                0x000000000043dcb0                do_ipaddr
 .text.store_nlmsg
                0x000000000043dda4       0xc8 networking/libiproute/lib.a(ipaddress.o)
 .text.on_off   0x000000000043de6c       0x30 networking/libiproute/lib.a(iplink.o)
 .text.parse_address
                0x000000000043de9c       0xe0 networking/libiproute/lib.a(iplink.o)
 .text.get_ctl_fd
                0x000000000043df7c       0x8c networking/libiproute/lib.a(iplink.o)
 .text.set_address
                0x000000000043e008       0x94 networking/libiproute/lib.a(iplink.o)
 .text.ipaddr_list_link
                0x000000000043e09c       0x24 networking/libiproute/lib.a(iplink.o)
 .text.do_iplink
                0x000000000043e0c0      0x6c4 networking/libiproute/lib.a(iplink.o)
                0x000000000043e0c0                do_iplink
 .text.iproute_reset_filter
                0x000000000043e784       0x54 networking/libiproute/lib.a(iproute.o)
 .text.flush_update
                0x000000000043e7d8       0x7c networking/libiproute/lib.a(iproute.o)
 .text.print_route
                0x000000000043e854      0xa84 networking/libiproute/lib.a(iproute.o)
 .text.iproute_list_or_flush
                0x000000000043f2d8      0x76c networking/libiproute/lib.a(iproute.o)
 .text.do_iproute
                0x000000000043fa44      0xbc0 networking/libiproute/lib.a(iproute.o)
                0x000000000043fa44                do_iproute
 .text.iprule_list
                0x0000000000440604       0xc4 networking/libiproute/lib.a(iprule.o)
 .text.print_rule
                0x00000000004406c8      0x544 networking/libiproute/lib.a(iprule.o)
 .text.do_iprule
                0x0000000000440c0c      0x644 networking/libiproute/lib.a(iprule.o)
                0x0000000000440c0c                do_iprule
 .text.do_get_ioctl
                0x0000000000441250       0xb0 networking/libiproute/lib.a(iptunnel.o)
 .text.do_del_ioctl
                0x0000000000441300       0xb4 networking/libiproute/lib.a(iptunnel.o)
 .text.do_add_ioctl
                0x00000000004413b4       0xcc networking/libiproute/lib.a(iptunnel.o)
 .text.parse_args
                0x0000000000441480      0x9e8 networking/libiproute/lib.a(iptunnel.o)
 .text.do_add   0x0000000000441e68       0xf0 networking/libiproute/lib.a(iptunnel.o)
 .text.print_tunnel
                0x0000000000441f58      0x4b8 networking/libiproute/lib.a(iptunnel.o)
 .text.do_iptunnel
                0x0000000000442410      0x674 networking/libiproute/lib.a(iptunnel.o)
                0x0000000000442410                do_iptunnel
 .text.parse_rtattr
                0x0000000000442a84       0xb4 networking/libiproute/lib.a(libnetlink.o)
                0x0000000000442a84                parse_rtattr
 .text.rta_addattr32
                0x0000000000442b38       0x64 networking/libiproute/lib.a(libnetlink.o)
                0x0000000000442b38                rta_addattr32
 .text.addattr_l
                0x0000000000442b9c       0xac networking/libiproute/lib.a(libnetlink.o)
                0x0000000000442b9c                addattr_l
 .text.addattr32
                0x0000000000442c48       0x64 networking/libiproute/lib.a(libnetlink.o)
                0x0000000000442c48                addattr32
 .text.rtnl_talk
                0x0000000000442cac      0x3c8 networking/libiproute/lib.a(libnetlink.o)
                0x0000000000442cac                rtnl_talk
 .text.xrtnl_dump_filter
                0x0000000000443074      0x298 networking/libiproute/lib.a(libnetlink.o)
                0x0000000000443074                xrtnl_dump_filter
 .text.rtnl_send
                0x000000000044330c       0x98 networking/libiproute/lib.a(libnetlink.o)
                0x000000000044330c                rtnl_send
 .text.xrtnl_wilddump_request
                0x00000000004433a4       0xc8 networking/libiproute/lib.a(libnetlink.o)
                0x00000000004433a4                xrtnl_wilddump_request
 .text.xrtnl_open
                0x000000000044346c      0x138 networking/libiproute/lib.a(libnetlink.o)
                0x000000000044346c                xrtnl_open
 .text.ll_addr_a2n
                0x00000000004435a4      0x16c networking/libiproute/lib.a(ll_addr.o)
                0x00000000004435a4                ll_addr_a2n
 .text.ll_addr_n2a
                0x0000000000443710      0x14c networking/libiproute/lib.a(ll_addr.o)
                0x0000000000443710                ll_addr_n2a
 .text.find_by_index
                0x000000000044385c       0x4c networking/libiproute/lib.a(ll_map.o)
 .text.ll_index_to_flags
                0x00000000004438a8       0x60 networking/libiproute/lib.a(ll_map.o)
                0x00000000004438a8                ll_index_to_flags
 .text.ll_init_map
                0x0000000000443908       0x68 networking/libiproute/lib.a(ll_map.o)
                0x0000000000443908                ll_init_map
 .text.xll_name_to_index
                0x0000000000443970       0xe0 networking/libiproute/lib.a(ll_map.o)
                0x0000000000443970                xll_name_to_index
 .text.ll_idx_n2a
                0x0000000000443a50       0x90 networking/libiproute/lib.a(ll_map.o)
                0x0000000000443a50                ll_idx_n2a
 .text.ll_index_to_name
                0x0000000000443ae0       0x20 networking/libiproute/lib.a(ll_map.o)
                0x0000000000443ae0                ll_index_to_name
 .text.ll_remember_index
                0x0000000000443b00      0x188 networking/libiproute/lib.a(ll_map.o)
                0x0000000000443b00                ll_remember_index
 .text.ll_type_n2a
                0x0000000000443c88       0x98 networking/libiproute/lib.a(ll_types.o)
                0x0000000000443c88                ll_type_n2a
 .text.rtnl_tab_initialize
                0x0000000000443d20      0x21c networking/libiproute/lib.a(rt_names.o)
 .text.rtnl_rttable_initialize
                0x0000000000443f3c       0xb0 networking/libiproute/lib.a(rt_names.o)
 .text.rtnl_rttable_a2n
                0x0000000000443fec      0x16c networking/libiproute/lib.a(rt_names.o)
                0x0000000000443fec                rtnl_rttable_a2n
 .text.rtnl_rtdsfield_initialize
                0x0000000000444158       0x90 networking/libiproute/lib.a(rt_names.o)
 .text.rtnl_dsfield_a2n
                0x00000000004441e8      0x174 networking/libiproute/lib.a(rt_names.o)
                0x00000000004441e8                rtnl_dsfield_a2n
 .text.rtnl_rtrealm_initialize
                0x000000000044435c       0x90 networking/libiproute/lib.a(rt_names.o)
 .text.rtnl_rtrealm_a2n
                0x00000000004443ec      0x174 networking/libiproute/lib.a(rt_names.o)
                0x00000000004443ec                rtnl_rtrealm_a2n
 .text.rtnl_rtscope_initialize
                0x0000000000444560       0xc0 networking/libiproute/lib.a(rt_names.o)
 .text.rtnl_rtscope_a2n
                0x0000000000444620      0x174 networking/libiproute/lib.a(rt_names.o)
                0x0000000000444620                rtnl_rtscope_a2n
 .text.rtnl_rttable_n2a
                0x0000000000444794       0xb4 networking/libiproute/lib.a(rt_names.o)
                0x0000000000444794                rtnl_rttable_n2a
 .text.rtnl_dsfield_n2a
                0x0000000000444848       0xc4 networking/libiproute/lib.a(rt_names.o)
                0x0000000000444848                rtnl_dsfield_n2a
 .text.rtnl_rtrealm_n2a
                0x000000000044490c       0xb4 networking/libiproute/lib.a(rt_names.o)
                0x000000000044490c                rtnl_rtrealm_n2a
 .text.rtnl_rtscope_n2a
                0x00000000004449c0       0xb4 networking/libiproute/lib.a(rt_names.o)
                0x00000000004449c0                rtnl_rtscope_n2a
 .text.rtnl_rtprot_initialize
                0x0000000000444a74       0xcc networking/libiproute/lib.a(rt_names.o)
 .text.rtnl_rtprot_a2n
                0x0000000000444b40      0x174 networking/libiproute/lib.a(rt_names.o)
                0x0000000000444b40                rtnl_rtprot_a2n
 .text.get_rt_realms
                0x0000000000444cb4       0xf0 networking/libiproute/lib.a(rtm_map.o)
                0x0000000000444cb4                get_rt_realms
 .text.rtnl_rtntype_a2n
                0x0000000000444da4      0x18c networking/libiproute/lib.a(rtm_map.o)
                0x0000000000444da4                rtnl_rtntype_a2n
 .text.rtnl_rtntype_n2a
                0x0000000000444f30      0x110 networking/libiproute/lib.a(rtm_map.o)
                0x0000000000444f30                rtnl_rtntype_n2a
 .text.rt_addr_n2a
                0x0000000000445040       0x4c networking/libiproute/lib.a(utils.o)
                0x0000000000445040                rt_addr_n2a
 .text.format_host
                0x000000000044508c       0x1c networking/libiproute/lib.a(utils.o)
                0x000000000044508c                format_host
 .text.inet_addr_match
                0x00000000004450a8       0xd0 networking/libiproute/lib.a(utils.o)
                0x00000000004450a8                inet_addr_match
 .text.duparg2  0x0000000000445178       0x34 networking/libiproute/lib.a(utils.o)
                0x0000000000445178                duparg2
 .text.duparg   0x00000000004451ac       0x34 networking/libiproute/lib.a(utils.o)
                0x00000000004451ac                duparg
 .text.invarg   0x00000000004451e0       0x30 networking/libiproute/lib.a(utils.o)
                0x00000000004451e0                invarg
 .text.incomplete_command
                0x0000000000445210       0x2c networking/libiproute/lib.a(utils.o)
                0x0000000000445210                incomplete_command
 .text.get_addr_1
                0x000000000044523c      0x204 networking/libiproute/lib.a(utils.o)
                0x000000000044523c                get_addr_1
 .text.get_addr32
                0x0000000000445440       0x68 networking/libiproute/lib.a(utils.o)
                0x0000000000445440                get_addr32
 .text.get_addr
                0x00000000004454a8       0x78 networking/libiproute/lib.a(utils.o)
                0x00000000004454a8                get_addr
 .text.get_integer
                0x0000000000445520       0x98 networking/libiproute/lib.a(utils.o)
                0x0000000000445520                get_integer
 .text.get_prefix_1
                0x00000000004455b8      0x178 networking/libiproute/lib.a(utils.o)
                0x00000000004455b8                get_prefix_1
 .text.get_prefix
                0x0000000000445730       0x78 networking/libiproute/lib.a(utils.o)
                0x0000000000445730                get_prefix
 .text.get_u32  0x00000000004457a8       0x98 networking/libiproute/lib.a(utils.o)
                0x00000000004457a8                get_u32
 .text.get_unsigned
                0x0000000000445840       0x98 networking/libiproute/lib.a(utils.o)
                0x0000000000445840                get_unsigned
 .text.free_main
                0x00000000004458d8      0x270 procps/lib.a(free.o)
                0x00000000004458d8                free_main
 .text.kill_main
                0x0000000000445b48      0x49c procps/lib.a(kill.o)
                0x0000000000445b48                kill_main
 .text.ps_main  0x0000000000445fe4      0x1c8 procps/lib.a(ps.o)
                0x0000000000445fe4                ps_main
 .text.dwrite_str
                0x00000000004461ac       0x5c procps/lib.a(sysctl.o)
 .text.sysctl_write_setting
                0x0000000000446208      0x2e8 procps/lib.a(sysctl.o)
 .text.sysctl_read_setting
                0x00000000004464f0      0x288 procps/lib.a(sysctl.o)
 .text.sysctl_display_all
                0x0000000000446778      0x1a8 procps/lib.a(sysctl.o)
 .text.sysctl_main
                0x0000000000446920      0x3c8 procps/lib.a(sysctl.o)
                0x0000000000446920                sysctl_main
 .text.pid_sort
                0x0000000000446ce8       0x10 procps/lib.a(top.o)
 .text.mem_sort
                0x0000000000446cf8       0x2c procps/lib.a(top.o)
 .text.pcpu_sort
                0x0000000000446d24       0x10 procps/lib.a(top.o)
 .text.time_sort
                0x0000000000446d34       0x2c procps/lib.a(top.o)
 .text.mult_lvl_cmp
                0x0000000000446d60       0x7c procps/lib.a(top.o)
 .text.reset_term
                0x0000000000446ddc       0x24 procps/lib.a(top.o)
 .text.fmt_100percent_8
                0x0000000000446e00      0x128 procps/lib.a(top.o)
 .text.do_stats
                0x0000000000446f28      0x2fc procps/lib.a(top.o)
 .text.display_status
                0x0000000000447224      0x8c0 procps/lib.a(top.o)
 .text.clearmems
                0x0000000000447ae4       0x60 procps/lib.a(top.o)
 .text.sig_catcher
                0x0000000000447b44       0x44 procps/lib.a(top.o)
 .text.top_main
                0x0000000000447b88      0x61c procps/lib.a(top.o)
                0x0000000000447b88                top_main
 .text.uptime_main
                0x00000000004481a4      0x23c procps/lib.a(uptime.o)
                0x00000000004481a4                uptime_main
 .text.stunalloc
                0x00000000004483e0       0x30 shell/lib.a(ash.o)
 .text.setstackmark
                0x0000000000448410       0x44 shell/lib.a(ash.o)
 .text.prefix   0x0000000000448454       0x3c shell/lib.a(ash.o)
 .text.is_number
                0x0000000000448490       0x34 shell/lib.a(ash.o)
 .text.varcmp   0x00000000004484c4       0x60 shell/lib.a(ash.o)
 .text.varequal
                0x0000000000448524       0x40 shell/lib.a(ash.o)
 .text.hashvar  0x0000000000448564       0x80 shell/lib.a(ash.o)
 .text.vpcmp    0x00000000004485e4       0x24 shell/lib.a(ash.o)
 .text.findvar  0x0000000000448608       0x84 shell/lib.a(ash.o)
 .text.setprompt
                0x000000000044868c       0x6c shell/lib.a(ash.o)
 .text.set_curjob
                0x00000000004486f8       0xa0 shell/lib.a(ash.o)
 .text.jobno    0x0000000000448798       0x34 shell/lib.a(ash.o)
 .text.getstatus
                0x00000000004487cc       0x74 shell/lib.a(ash.o)
 .text.falsecmd
                0x0000000000448840        0x8 shell/lib.a(ash.o)
 .text.truecmd  0x0000000000448848        0x8 shell/lib.a(ash.o)
 .text.bltincmd
                0x0000000000448850       0x20 shell/lib.a(ash.o)
 .text.pungetc  0x0000000000448870       0x30 shell/lib.a(ash.o)
 .text.freeparam
                0x00000000004488a0       0x90 shell/lib.a(ash.o)
 .text.freefunc
                0x0000000000448930       0x40 shell/lib.a(ash.o)
 .text.ignoresig
                0x0000000000448970       0x74 shell/lib.a(ash.o)
 .text.raise_exception
                0x00000000004489e4       0x50 shell/lib.a(ash.o)
 .text.raise_interrupt
                0x0000000000448a34       0xfc shell/lib.a(ash.o)
 .text.onsig    0x0000000000448b30       0xb0 shell/lib.a(ash.o)
 .text.force_int_on
                0x0000000000448be0       0x60 shell/lib.a(ash.o)
 .text.int_on   0x0000000000448c40       0x7c shell/lib.a(ash.o)
 .text.popstring
                0x0000000000448cbc       0x8c shell/lib.a(ash.o)
 .text.popfile  0x0000000000448d48      0x124 shell/lib.a(ash.o)
 .text.popallfiles
                0x0000000000448e6c       0x70 shell/lib.a(ash.o)
 .text.delete_cmd_entry
                0x0000000000448edc       0xac shell/lib.a(ash.o)
 .text.clearcmdentry
                0x0000000000448f88      0x108 shell/lib.a(ash.o)
 .text.changepath
                0x0000000000449090      0x184 shell/lib.a(ash.o)
 .text.removerecordregions
                0x0000000000449214      0x1e8 shell/lib.a(ash.o)
 .text.freejob  0x00000000004493fc      0x100 shell/lib.a(ash.o)
 .text.popstackmark
                0x00000000004494fc       0xdc shell/lib.a(ash.o)
 .text.pstrcmp  0x00000000004495d8       0x20 shell/lib.a(ash.o)
 .text.msort    0x00000000004495f8      0x12c shell/lib.a(ash.o)
 .text.flush_stderr
                0x0000000000449724       0x60 shell/lib.a(ash.o)
 .text.flush_stdout_stderr
                0x0000000000449784       0x84 shell/lib.a(ash.o)
 .text.outcslow
                0x0000000000449808       0xb8 shell/lib.a(ash.o)
 .text.showpipe
                0x00000000004498c0       0xb4 shell/lib.a(ash.o)
 .text.ash_vmsg
                0x0000000000449974      0x16c shell/lib.a(ash.o)
 .text.ash_vmsg_and_raise
                0x0000000000449ae0       0x6c shell/lib.a(ash.o)
 .text.ash_msg_and_raise
                0x0000000000449b4c       0x38 shell/lib.a(ash.o)
 .text.ash_msg_and_raise_error
                0x0000000000449b84       0x44 shell/lib.a(ash.o)
 .text.raise_error_syntax
                0x0000000000449bc8       0x30 shell/lib.a(ash.o)
 .text.varunset
                0x0000000000449bf8       0x8c shell/lib.a(ash.o)
 .text.copyfd   0x0000000000449c84       0x84 shell/lib.a(ash.o)
 .text.popredir
                0x0000000000449d08      0x14c shell/lib.a(ash.o)
 .text.clearredir
                0x0000000000449e54       0x80 shell/lib.a(ash.o)
 .text.nextopt  0x0000000000449ed4      0x174 shell/lib.a(ash.o)
 .text.cdopt    0x000000000044a048       0x8c shell/lib.a(ash.o)
 .text.SIT      0x000000000044a0d4       0xd0 shell/lib.a(ash.o)
 .text.lookupvar
                0x000000000044a1a4       0xa0 shell/lib.a(ash.o)
 .text.bltinlookup
                0x000000000044a244       0xbc shell/lib.a(ash.o)
 .text.ckrealloc
                0x000000000044a300       0x58 shell/lib.a(ash.o)
 .text.ckmalloc
                0x000000000044a358       0x20 shell/lib.a(ash.o)
 .text.pushfile
                0x000000000044a378       0x9c shell/lib.a(ash.o)
 .text.recordregion
                0x000000000044a414       0xd8 shell/lib.a(ash.o)
 .text.stalloc  0x000000000044a4ec      0x118 shell/lib.a(ash.o)
 .text.makename
                0x000000000044a604       0x70 shell/lib.a(ash.o)
 .text.fixredir
                0x000000000044a674       0xc4 shell/lib.a(ash.o)
 .text.ckstrdup
                0x000000000044a738       0x58 shell/lib.a(ash.o)
 .text.setparam
                0x000000000044a790       0xf0 shell/lib.a(ash.o)
 .text.setvareq
                0x000000000044a880      0x1dc shell/lib.a(ash.o)
 .text.listsetvar
                0x000000000044aa5c       0xa8 shell/lib.a(ash.o)
 .text.setinputstring
                0x000000000044ab04       0xa0 shell/lib.a(ash.o)
 .text.calcsize
                0x000000000044aba4      0x1c0 shell/lib.a(ash.o)
 .text.sizenodelist
                0x000000000044ad64       0x78 shell/lib.a(ash.o)
 .text.growstackblock
                0x000000000044addc      0x1cc shell/lib.a(ash.o)
 .text.makestrspace
                0x000000000044afa8       0x9c shell/lib.a(ash.o)
 .text.memtodest
                0x000000000044b044      0x10c shell/lib.a(ash.o)
 .text.cmdputs  0x000000000044b150      0x280 shell/lib.a(ash.o)
 .text.cmdlist  0x000000000044b3d0       0xc0 shell/lib.a(ash.o)
 .text.cmdtxt   0x000000000044b490      0x51c shell/lib.a(ash.o)
 .text.stack_nputstr
                0x000000000044b9ac       0x70 shell/lib.a(ash.o)
 .text.stack_putstr
                0x000000000044ba1c       0x5c shell/lib.a(ash.o)
 .text.ststrdup
                0x000000000044ba78       0x74 shell/lib.a(ash.o)
 .text.addfname
                0x000000000044baec       0x80 shell/lib.a(ash.o)
 .text.endofname
                0x000000000044bb6c       0x94 shell/lib.a(ash.o)
 .text.goodname
                0x000000000044bc00       0x44 shell/lib.a(ash.o)
 .text.isassignment
                0x000000000044bc44       0x64 shell/lib.a(ash.o)
 .text.setvar   0x000000000044bca8      0x18c shell/lib.a(ash.o)
 .text.localcmd
                0x000000000044be34      0x240 shell/lib.a(ash.o)
 .text.unsetvar
                0x000000000044c074      0x14c shell/lib.a(ash.o)
 .text.setpwd   0x000000000044c1c0      0x19c shell/lib.a(ash.o)
 .text.outstr   0x000000000044c35c       0x5c shell/lib.a(ash.o)
 .text.out2str  0x000000000044c3b8       0x4c shell/lib.a(ash.o)
 .text.stoppedjobs
                0x000000000044c404       0xa0 shell/lib.a(ash.o)
 .text.out1str  0x000000000044c4a4       0x24 shell/lib.a(ash.o)
 .text.ash_msg  0x000000000044c4c8       0x50 shell/lib.a(ash.o)
 .text.out1fmt  0x000000000044c518       0x80 shell/lib.a(ash.o)
 .text.printlim
                0x000000000044c598       0xa8 shell/lib.a(ash.o)
 .text.helpcmd  0x000000000044c640      0x100 shell/lib.a(ash.o)
 .text.options  0x000000000044c740      0x378 shell/lib.a(ash.o)
 .text.pwdcmd   0x000000000044cab8       0xac shell/lib.a(ash.o)
 .text.setinputfile
                0x000000000044cb64      0x1c0 shell/lib.a(ash.o)
 .text.setsignal
                0x000000000044cd24      0x270 shell/lib.a(ash.o)
 .text.xtcsetpgrp
                0x000000000044cf94       0x5c shell/lib.a(ash.o)
 .text.setjobctl
                0x000000000044cff0      0x2d0 shell/lib.a(ash.o)
 .text.optschanged
                0x000000000044d2c0       0xf4 shell/lib.a(ash.o)
 .text.pgetc    0x000000000044d3b4      0x400 shell/lib.a(ash.o)
 .text.pgetc2   0x000000000044d7b4       0x20 shell/lib.a(ash.o)
 .text.growstackstr
                0x000000000044d7d4       0xb0 shell/lib.a(ash.o)
 .text.listvars
                0x000000000044d884      0x158 shell/lib.a(ash.o)
 .text._STPUTC  0x000000000044d9dc       0x68 shell/lib.a(ash.o)
 .text.tokname  0x000000000044da44       0x90 shell/lib.a(ash.o)
 .text.raise_error_unexpected_syntax
                0x000000000044dad4       0xc4 shell/lib.a(ash.o)
 .text.find_builtin
                0x000000000044db98       0x50 shell/lib.a(ash.o)
 .text.findkwd  0x000000000044dbe8       0x50 shell/lib.a(ash.o)
 .text.getjob   0x000000000044dc38      0x250 shell/lib.a(ash.o)
 .text.number   0x000000000044de88       0x68 shell/lib.a(ash.o)
 .text.exitcmd  0x000000000044def0       0x9c shell/lib.a(ash.o)
 .text.shiftcmd
                0x000000000044df8c      0x134 shell/lib.a(ash.o)
 .text.breakcmd
                0x000000000044e0c0       0xd0 shell/lib.a(ash.o)
 .text.returncmd
                0x000000000044e190       0x64 shell/lib.a(ash.o)
 .text.fmtstr   0x000000000044e1f4       0x7c shell/lib.a(ash.o)
 .text.cvtnum   0x000000000044e270       0x88 shell/lib.a(ash.o)
 .text.sprint_status
                0x000000000044e2f8      0x16c shell/lib.a(ash.o)
 .text.dowait   0x000000000044e464      0x234 shell/lib.a(ash.o)
 .text.waitforjob
                0x000000000044e698      0x10c shell/lib.a(ash.o)
 .text.fg_bgcmd
                0x000000000044e7a4      0x24c shell/lib.a(ash.o)
 .text.waitcmd  0x000000000044e9f0      0x258 shell/lib.a(ash.o)
 .text.nodeckstrdup
                0x000000000044ec48       0x8c shell/lib.a(ash.o)
 .text.copynode
                0x000000000044ecd4      0x20c shell/lib.a(ash.o)
 .text.copynodelist
                0x000000000044eee0       0x9c shell/lib.a(ash.o)
 .text.cmdlookup
                0x000000000044ef7c      0x164 shell/lib.a(ash.o)
 .text.unsetcmd
                0x000000000044f0e0      0x138 shell/lib.a(ash.o)
 .text.showjob  0x000000000044f218      0x2cc shell/lib.a(ash.o)
 .text.showjobs
                0x000000000044f4e4       0xd4 shell/lib.a(ash.o)
 .text.jobscmd  0x000000000044f5b8      0x130 shell/lib.a(ash.o)
 .text.padvance
                0x000000000044f6e8      0x1d8 shell/lib.a(ash.o)
 .text.umaskcmd
                0x000000000044f8c0      0x2b4 shell/lib.a(ash.o)
 .text.ulimitcmd
                0x000000000044fb74      0x350 shell/lib.a(ash.o)
 .text.errmsg   0x000000000044fec4       0x3c shell/lib.a(ash.o)
 .text.single_quote
                0x000000000044ff00      0x158 shell/lib.a(ash.o)
 .text.trapcmd  0x0000000000450058      0x268 shell/lib.a(ash.o)
 .text.timescmd
                0x00000000004502c0      0x15c shell/lib.a(ash.o)
 .text.showvars
                0x000000000045041c      0x174 shell/lib.a(ash.o)
 .text.exportcmd
                0x0000000000450590      0x194 shell/lib.a(ash.o)
 .text.setcmd   0x0000000000450724       0xf8 shell/lib.a(ash.o)
 .text.readcmd  0x000000000045081c      0x3a8 shell/lib.a(ash.o)
 .text.killcmd  0x0000000000450bc4      0x104 shell/lib.a(ash.o)
 .text.tryexec  0x0000000000450cc8      0x14c shell/lib.a(ash.o)
 .text.shellexec
                0x0000000000450e14      0x1f8 shell/lib.a(ash.o)
 .text.execcmd  0x000000000045100c       0x7c shell/lib.a(ash.o)
 .text.echocmd  0x0000000000451088       0x1c shell/lib.a(ash.o)
 .text.cdcmd    0x00000000004510a4      0x5b4 shell/lib.a(ash.o)
 .text.testcmd  0x0000000000451658       0x1c shell/lib.a(ash.o)
 .text._rmescapes
                0x0000000000451674      0x1d4 shell/lib.a(ash.o)
 .text.parsefname
                0x0000000000451848      0x210 shell/lib.a(ash.o)
 .text.parse_command
                0x0000000000451a58      0xa50 shell/lib.a(ash.o)
 .text.pipeline
                0x00000000004524a8      0x1e4 shell/lib.a(ash.o)
 .text.list     0x000000000045268c      0x30c shell/lib.a(ash.o)
 .text.readtoken1
                0x0000000000452998     0x1270 shell/lib.a(ash.o)
 .text.parseheredoc
                0x0000000000453c08      0x138 shell/lib.a(ash.o)
 .text.xxreadtoken
                0x0000000000453d40      0x2f8 shell/lib.a(ash.o)
 .text.readtoken
                0x0000000000454038      0x148 shell/lib.a(ash.o)
 .text.parsecmd
                0x0000000000454180       0xbc shell/lib.a(ash.o)
 .text.peektoken
                0x000000000045423c       0x68 shell/lib.a(ash.o)
 .text.preglob  0x00000000004542a4       0x2c shell/lib.a(ash.o)
 .text.makejob  0x00000000004542d0      0x238 shell/lib.a(ash.o)
 .text.scanright
                0x0000000000454508      0x130 shell/lib.a(ash.o)
 .text.scanleft
                0x0000000000454638       0xd8 shell/lib.a(ash.o)
 .text.forkshell
                0x0000000000454710      0x508 shell/lib.a(ash.o)
 .text.expmeta  0x0000000000454c18      0x3d8 shell/lib.a(ash.o)
 .text.redirect
                0x0000000000454ff0      0x6fc shell/lib.a(ash.o)
 .text.redirectsafe
                0x00000000004556ec      0x110 shell/lib.a(ash.o)
 .text.evaltree
                0x00000000004557fc      0x4cc shell/lib.a(ash.o)
 .text.cmdloop  0x0000000000455cc8      0x1e0 shell/lib.a(ash.o)
 .text.find_command
                0x0000000000455ea8      0x630 shell/lib.a(ash.o)
 .text.describe_command
                0x00000000004564d8      0x2e4 shell/lib.a(ash.o)
 .text.commandcmd
                0x00000000004567bc       0xc4 shell/lib.a(ash.o)
 .text.typecmd  0x0000000000456880       0xcc shell/lib.a(ash.o)
 .text.hashcmd  0x000000000045694c      0x294 shell/lib.a(ash.o)
 .text.dotcmd   0x0000000000456be0      0x26c shell/lib.a(ash.o)
 .text.evalstring
                0x0000000000456e4c      0x130 shell/lib.a(ash.o)
 .text.exitshell
                0x0000000000456f7c       0xe8 shell/lib.a(ash.o)
 .text.read_profile
                0x0000000000457064       0x9c shell/lib.a(ash.o)
 .text.ash_main
                0x0000000000457100      0x7f0 shell/lib.a(ash.o)
                0x0000000000457100                ash_main
 .text.evalcmd  0x00000000004578f0      0x110 shell/lib.a(ash.o)
 .text.evalfun  0x0000000000457a00      0x380 shell/lib.a(ash.o)
 .text.evalloop
                0x0000000000457d80      0x160 shell/lib.a(ash.o)
 .text.argstr   0x0000000000457ee0      0x79c shell/lib.a(ash.o)
 .text.expandarg
                0x000000000045867c      0x644 shell/lib.a(ash.o)
 .text.expredir
                0x0000000000458cc0      0x124 shell/lib.a(ash.o)
 .text.evalsubshell
                0x0000000000458de4      0x174 shell/lib.a(ash.o)
 .text.evalcase
                0x0000000000458f58      0x244 shell/lib.a(ash.o)
 .text.evalfor  0x000000000045919c      0x1cc shell/lib.a(ash.o)
 .text.subevalvar
                0x0000000000459368      0x240 shell/lib.a(ash.o)
 .text.evalvar  0x00000000004595a8      0x848 shell/lib.a(ash.o)
 .text.evalpipe
                0x0000000000459df0      0x330 shell/lib.a(ash.o)
 .text.evalbltin
                0x000000000045a120      0x154 shell/lib.a(ash.o)
 .text.evalcommand
                0x000000000045a274      0x81c shell/lib.a(ash.o)
 .text.klogd_main
                0x000000000045aa90      0x2d8 sysklogd/lib.a(klogd.o)
                0x000000000045aa90                klogd_main
 .text.klogd_signal
                0x000000000045ad68       0x84 sysklogd/lib.a(klogd.o)
 .text.error_exit
                0x000000000045adec       0x4c sysklogd/lib.a(logread.o)
 .text.sem_up   0x000000000045ae38       0x64 sysklogd/lib.a(logread.o)
 .text.logread_main
                0x000000000045ae9c      0x350 sysklogd/lib.a(logread.o)
                0x000000000045ae9c                logread_main
 .text.interrupted
                0x000000000045b1ec       0x5c sysklogd/lib.a(logread.o)
 .text.log_locally
                0x000000000045b248      0x4a4 sysklogd/lib.a(syslogd.o)
 .text.timestamp_and_log
                0x000000000045b6ec      0x248 sysklogd/lib.a(syslogd.o)
 .text.quit_signal
                0x000000000045b934       0xec sysklogd/lib.a(syslogd.o)
 .text.syslogd_main
                0x000000000045ba20      0x8d4 sysklogd/lib.a(syslogd.o)
                0x000000000045ba20                syslogd_main
 .text.dmesg_main
                0x000000000045c2f4      0x260 util-linux/lib.a(dmesg.o)
                0x000000000045c2f4                dmesg_main
 .text.more_main
                0x000000000045c554      0x648 util-linux/lib.a(more.o)
                0x000000000045c554                more_main
 .text.gotsig   0x000000000045cb9c       0xb4 util-linux/lib.a(more.o)
 .text.append_mount_options
                0x000000000045cc50      0x1a4 util-linux/lib.a(mount.o)
 .text.parse_mount_options
                0x000000000045cdf4      0x19c util-linux/lib.a(mount.o)
 .text.error_msg_rpc
                0x000000000045cf90       0x9c util-linux/lib.a(mount.o)
 .text.mount_it_now
                0x000000000045d02c      0x108 util-linux/lib.a(mount.o)
 .text.nfs_strerror
                0x000000000045d134       0xa0 util-linux/lib.a(mount.o)
 .text.daemonize
                0x000000000045d1d4      0x14c util-linux/lib.a(mount.o)
 .text.xdr_fhstatus
                0x000000000045d320       0x7c util-linux/lib.a(mount.o)
 .text.xdr_mountres3
                0x000000000045d39c       0xcc util-linux/lib.a(mount.o)
 .text.xdr_dirpath
                0x000000000045d468       0x3c util-linux/lib.a(mount.o)
 .text.singlemount
                0x000000000045d4a4     0x19f0 util-linux/lib.a(mount.o)
 .text.mount_main
                0x000000000045ee94      0x644 util-linux/lib.a(mount.o)